
Memory Configuration

Name             Origin             Length             Attributes
FLASH            0x08000000         0x00100000         xr
RAM              0x20000000         0x00030000         xrw
MEMORY_B1        0x60000000         0x00000000         xr
*default*        0x00000000         0xffffffff

Linker script and memory map

LOAD ../../../Libraries/STM32F4xx_StdPeriph_Driver/src/misc.o
LOAD ../../../Libraries/STM32F4xx_StdPeriph_Driver/src/stm32f4xx_adc.o
LOAD ../../../Libraries/STM32F4xx_StdPeriph_Driver/src/stm32f4xx_can.o
LOAD ../../../Libraries/STM32F4xx_StdPeriph_Driver/src/stm32f4xx_crc.o
LOAD ../../../Libraries/STM32F4xx_StdPeriph_Driver/src/stm32f4xx_cryp_aes.o
LOAD ../../../Libraries/STM32F4xx_StdPeriph_Driver/src/stm32f4xx_cryp.o
LOAD ../../../Libraries/STM32F4xx_StdPeriph_Driver/src/stm32f4xx_cryp_des.o
LOAD ../../../Libraries/STM32F4xx_StdPeriph_Driver/src/stm32f4xx_cryp_tdes.o
LOAD ../../../Libraries/STM32F4xx_StdPeriph_Driver/src/stm32f4xx_dac.o
LOAD ../../../Libraries/STM32F4xx_StdPeriph_Driver/src/stm32f4xx_dbgmcu.o
LOAD ../../../Libraries/STM32F4xx_StdPeriph_Driver/src/stm32f4xx_dcmi.o
LOAD ../../../Libraries/STM32F4xx_StdPeriph_Driver/src/stm32f4xx_dma.o
LOAD ../../../Libraries/STM32F4xx_StdPeriph_Driver/src/stm32f4xx_exti.o
LOAD ../../../Libraries/STM32F4xx_StdPeriph_Driver/src/stm32f4xx_flash.o
LOAD ../../../Libraries/STM32F4xx_StdPeriph_Driver/src/stm32f4xx_fsmc.o
LOAD ../../../Libraries/STM32F4xx_StdPeriph_Driver/src/stm32f4xx_gpio.o
LOAD ../../../Libraries/STM32F4xx_StdPeriph_Driver/src/stm32f4xx_hash.o
LOAD ../../../Libraries/STM32F4xx_StdPeriph_Driver/src/stm32f4xx_hash_md5.o
LOAD ../../../Libraries/STM32F4xx_StdPeriph_Driver/src/stm32f4xx_hash_sha1.o
LOAD ../../../Libraries/STM32F4xx_StdPeriph_Driver/src/stm32f4xx_i2c.o
LOAD ../../../Libraries/STM32F4xx_StdPeriph_Driver/src/stm32f4xx_iwdg.o
LOAD ../../../Libraries/STM32F4xx_StdPeriph_Driver/src/stm32f4xx_pwr.o
LOAD ../../../Libraries/STM32F4xx_StdPeriph_Driver/src/stm32f4xx_rcc.o
LOAD ../../../Libraries/STM32F4xx_StdPeriph_Driver/src/stm32f4xx_rng.o
LOAD ../../../Libraries/STM32F4xx_StdPeriph_Driver/src/stm32f4xx_rtc.o
LOAD ../../../Libraries/STM32F4xx_StdPeriph_Driver/src/stm32f4xx_sdio.o
LOAD ../../../Libraries/STM32F4xx_StdPeriph_Driver/src/stm32f4xx_spi.o
LOAD ../../../Libraries/STM32F4xx_StdPeriph_Driver/src/stm32f4xx_syscfg.o
LOAD ../../../Libraries/STM32F4xx_StdPeriph_Driver/src/stm32f4xx_tim.o
LOAD ../../../Libraries/STM32F4xx_StdPeriph_Driver/src/stm32f4xx_usart.o
LOAD ../../../Libraries/STM32F4xx_StdPeriph_Driver/src/stm32f4xx_wwdg.o
                0x20020000                _estack = 0x20020000
                0x00000000                _Min_Heap_Size = 0x0
                0x00000400                _Min_Stack_Size = 0x400

.isr_vector     0x08000000        0x0
                0x08000000                . = ALIGN (0x4)
 *(.isr_vector)
                0x08000000                . = ALIGN (0x4)

.text           0x08000000    0x1107c
                0x08000000                . = ALIGN (0x4)
 *(.text)
 .text          0x08000000        0x0 ../../../Libraries/STM32F4xx_StdPeriph_Driver/src/misc.o
 .text          0x08000000        0x0 ../../../Libraries/STM32F4xx_StdPeriph_Driver/src/stm32f4xx_adc.o
 .text          0x08000000        0x0 ../../../Libraries/STM32F4xx_StdPeriph_Driver/src/stm32f4xx_can.o
 .text          0x08000000        0x0 ../../../Libraries/STM32F4xx_StdPeriph_Driver/src/stm32f4xx_crc.o
 .text          0x08000000        0x0 ../../../Libraries/STM32F4xx_StdPeriph_Driver/src/stm32f4xx_cryp_aes.o
 .text          0x08000000        0x0 ../../../Libraries/STM32F4xx_StdPeriph_Driver/src/stm32f4xx_cryp.o
 .text          0x08000000        0x0 ../../../Libraries/STM32F4xx_StdPeriph_Driver/src/stm32f4xx_cryp_des.o
 .text          0x08000000        0x0 ../../../Libraries/STM32F4xx_StdPeriph_Driver/src/stm32f4xx_cryp_tdes.o
 .text          0x08000000        0x0 ../../../Libraries/STM32F4xx_StdPeriph_Driver/src/stm32f4xx_dac.o
 .text          0x08000000        0x0 ../../../Libraries/STM32F4xx_StdPeriph_Driver/src/stm32f4xx_dbgmcu.o
 .text          0x08000000        0x0 ../../../Libraries/STM32F4xx_StdPeriph_Driver/src/stm32f4xx_dcmi.o
 .text          0x08000000        0x0 ../../../Libraries/STM32F4xx_StdPeriph_Driver/src/stm32f4xx_dma.o
 .text          0x08000000        0x0 ../../../Libraries/STM32F4xx_StdPeriph_Driver/src/stm32f4xx_exti.o
 .text          0x08000000        0x0 ../../../Libraries/STM32F4xx_StdPeriph_Driver/src/stm32f4xx_flash.o
 .text          0x08000000        0x0 ../../../Libraries/STM32F4xx_StdPeriph_Driver/src/stm32f4xx_fsmc.o
 .text          0x08000000        0x0 ../../../Libraries/STM32F4xx_StdPeriph_Driver/src/stm32f4xx_gpio.o
 .text          0x08000000        0x0 ../../../Libraries/STM32F4xx_StdPeriph_Driver/src/stm32f4xx_hash.o
 .text          0x08000000        0x0 ../../../Libraries/STM32F4xx_StdPeriph_Driver/src/stm32f4xx_hash_md5.o
 .text          0x08000000        0x0 ../../../Libraries/STM32F4xx_StdPeriph_Driver/src/stm32f4xx_hash_sha1.o
 .text          0x08000000        0x0 ../../../Libraries/STM32F4xx_StdPeriph_Driver/src/stm32f4xx_i2c.o
 .text          0x08000000        0x0 ../../../Libraries/STM32F4xx_StdPeriph_Driver/src/stm32f4xx_iwdg.o
 .text          0x08000000        0x0 ../../../Libraries/STM32F4xx_StdPeriph_Driver/src/stm32f4xx_pwr.o
 .text          0x08000000        0x0 ../../../Libraries/STM32F4xx_StdPeriph_Driver/src/stm32f4xx_rcc.o
 .text          0x08000000        0x0 ../../../Libraries/STM32F4xx_StdPeriph_Driver/src/stm32f4xx_rng.o
 .text          0x08000000        0x0 ../../../Libraries/STM32F4xx_StdPeriph_Driver/src/stm32f4xx_rtc.o
 .text          0x08000000        0x0 ../../../Libraries/STM32F4xx_StdPeriph_Driver/src/stm32f4xx_sdio.o
 .text          0x08000000        0x0 ../../../Libraries/STM32F4xx_StdPeriph_Driver/src/stm32f4xx_spi.o
 .text          0x08000000        0x0 ../../../Libraries/STM32F4xx_StdPeriph_Driver/src/stm32f4xx_syscfg.o
 .text          0x08000000        0x0 ../../../Libraries/STM32F4xx_StdPeriph_Driver/src/stm32f4xx_tim.o
 .text          0x08000000        0x0 ../../../Libraries/STM32F4xx_StdPeriph_Driver/src/stm32f4xx_usart.o
 .text          0x08000000        0x0 ../../../Libraries/STM32F4xx_StdPeriph_Driver/src/stm32f4xx_wwdg.o
 *(.text*)
 .text.NVIC_PriorityGroupConfig
                0x08000000       0x50 ../../../Libraries/STM32F4xx_StdPeriph_Driver/src/misc.o
                0x08000000                NVIC_PriorityGroupConfig
 .text.NVIC_Init
                0x08000050       0xa4 ../../../Libraries/STM32F4xx_StdPeriph_Driver/src/misc.o
                0x08000050                NVIC_Init
 .text.NVIC_SetVectorTable
                0x080000f4       0x48 ../../../Libraries/STM32F4xx_StdPeriph_Driver/src/misc.o
                0x080000f4                NVIC_SetVectorTable
 .text.NVIC_SystemLPConfig
                0x0800013c       0x5c ../../../Libraries/STM32F4xx_StdPeriph_Driver/src/misc.o
                0x0800013c                NVIC_SystemLPConfig
 .text.SysTick_CLKSourceConfig
                0x08000198       0x38 ../../../Libraries/STM32F4xx_StdPeriph_Driver/src/misc.o
                0x08000198                SysTick_CLKSourceConfig
 .text.ADC_DeInit
                0x080001d0       0x1c ../../../Libraries/STM32F4xx_StdPeriph_Driver/src/stm32f4xx_adc.o
                0x080001d0                ADC_DeInit
 .text.ADC_Init
                0x080001ec      0x194 ../../../Libraries/STM32F4xx_StdPeriph_Driver/src/stm32f4xx_adc.o
                0x080001ec                ADC_Init
 .text.ADC_StructInit
                0x08000380       0x14 ../../../Libraries/STM32F4xx_StdPeriph_Driver/src/stm32f4xx_adc.o
                0x08000380                ADC_StructInit
 .text.ADC_CommonInit
                0x08000394      0x138 ../../../Libraries/STM32F4xx_StdPeriph_Driver/src/stm32f4xx_adc.o
                0x08000394                ADC_CommonInit
 .text.ADC_CommonStructInit
                0x080004cc        0xc ../../../Libraries/STM32F4xx_StdPeriph_Driver/src/stm32f4xx_adc.o
                0x080004cc                ADC_CommonStructInit
 .text.ADC_Cmd  0x080004d8       0x50 ../../../Libraries/STM32F4xx_StdPeriph_Driver/src/stm32f4xx_adc.o
                0x080004d8                ADC_Cmd
 .text.ADC_AnalogWatchdogCmd
                0x08000528       0x80 ../../../Libraries/STM32F4xx_StdPeriph_Driver/src/stm32f4xx_adc.o
                0x08000528                ADC_AnalogWatchdogCmd
 .text.ADC_AnalogWatchdogThresholdsConfig
                0x080005a8       0x58 ../../../Libraries/STM32F4xx_StdPeriph_Driver/src/stm32f4xx_adc.o
                0x080005a8                ADC_AnalogWatchdogThresholdsConfig
 .text.ADC_AnalogWatchdogSingleChannelConfig
                0x08000600       0x48 ../../../Libraries/STM32F4xx_StdPeriph_Driver/src/stm32f4xx_adc.o
                0x08000600                ADC_AnalogWatchdogSingleChannelConfig
 .text.ADC_TempSensorVrefintCmd
                0x08000648       0x30 ../../../Libraries/STM32F4xx_StdPeriph_Driver/src/stm32f4xx_adc.o
                0x08000648                ADC_TempSensorVrefintCmd
 .text.ADC_VBATCmd
                0x08000678       0x30 ../../../Libraries/STM32F4xx_StdPeriph_Driver/src/stm32f4xx_adc.o
                0x08000678                ADC_VBATCmd
 .text.ADC_RegularChannelConfig
                0x080006a8      0x100 ../../../Libraries/STM32F4xx_StdPeriph_Driver/src/stm32f4xx_adc.o
                0x080006a8                ADC_RegularChannelConfig
 .text.ADC_SoftwareStartConv
                0x080007a8       0x44 ../../../Libraries/STM32F4xx_StdPeriph_Driver/src/stm32f4xx_adc.o
                0x080007a8                ADC_SoftwareStartConv
 .text.ADC_GetSoftwareStartConvStatus
                0x080007ec       0x44 ../../../Libraries/STM32F4xx_StdPeriph_Driver/src/stm32f4xx_adc.o
                0x080007ec                ADC_GetSoftwareStartConvStatus
 .text.ADC_EOCOnEachRegularChannelCmd
                0x08000830       0x54 ../../../Libraries/STM32F4xx_StdPeriph_Driver/src/stm32f4xx_adc.o
                0x08000830                ADC_EOCOnEachRegularChannelCmd
 .text.ADC_ContinuousModeCmd
                0x08000884       0x50 ../../../Libraries/STM32F4xx_StdPeriph_Driver/src/stm32f4xx_adc.o
                0x08000884                ADC_ContinuousModeCmd
 .text.ADC_DiscModeChannelCountConfig
                0x080008d4       0x4c ../../../Libraries/STM32F4xx_StdPeriph_Driver/src/stm32f4xx_adc.o
                0x080008d4                ADC_DiscModeChannelCountConfig
 .text.ADC_DiscModeCmd
                0x08000920       0x50 ../../../Libraries/STM32F4xx_StdPeriph_Driver/src/stm32f4xx_adc.o
                0x08000920                ADC_DiscModeCmd
 .text.ADC_GetConversionValue
                0x08000970       0x40 ../../../Libraries/STM32F4xx_StdPeriph_Driver/src/stm32f4xx_adc.o
                0x08000970                ADC_GetConversionValue
 .text.ADC_GetMultiModeConversionValue
                0x080009b0        0xc ../../../Libraries/STM32F4xx_StdPeriph_Driver/src/stm32f4xx_adc.o
                0x080009b0                ADC_GetMultiModeConversionValue
 .text.ADC_DMACmd
                0x080009bc       0x54 ../../../Libraries/STM32F4xx_StdPeriph_Driver/src/stm32f4xx_adc.o
                0x080009bc                ADC_DMACmd
 .text.ADC_DMARequestAfterLastTransferCmd
                0x08000a10       0x50 ../../../Libraries/STM32F4xx_StdPeriph_Driver/src/stm32f4xx_adc.o
                0x08000a10                ADC_DMARequestAfterLastTransferCmd
 .text.ADC_MultiModeDMARequestAfterLastTransferCmd
                0x08000a60       0x30 ../../../Libraries/STM32F4xx_StdPeriph_Driver/src/stm32f4xx_adc.o
                0x08000a60                ADC_MultiModeDMARequestAfterLastTransferCmd
 .text.ADC_InjectedChannelConfig
                0x08000a90       0xb8 ../../../Libraries/STM32F4xx_StdPeriph_Driver/src/stm32f4xx_adc.o
                0x08000a90                ADC_InjectedChannelConfig
 .text.ADC_InjectedSequencerLengthConfig
                0x08000b48       0x4c ../../../Libraries/STM32F4xx_StdPeriph_Driver/src/stm32f4xx_adc.o
                0x08000b48                ADC_InjectedSequencerLengthConfig
 .text.ADC_SetInjectedOffset
                0x08000b94       0x78 ../../../Libraries/STM32F4xx_StdPeriph_Driver/src/stm32f4xx_adc.o
                0x08000b94                ADC_SetInjectedOffset
 .text.ADC_ExternalTrigInjectedConvConfig
                0x08000c0c       0xa4 ../../../Libraries/STM32F4xx_StdPeriph_Driver/src/stm32f4xx_adc.o
                0x08000c0c                ADC_ExternalTrigInjectedConvConfig
 .text.ADC_ExternalTrigInjectedConvEdgeConfig
                0x08000cb0       0x70 ../../../Libraries/STM32F4xx_StdPeriph_Driver/src/stm32f4xx_adc.o
                0x08000cb0                ADC_ExternalTrigInjectedConvEdgeConfig
 .text.ADC_SoftwareStartInjectedConv
                0x08000d20       0x48 ../../../Libraries/STM32F4xx_StdPeriph_Driver/src/stm32f4xx_adc.o
                0x08000d20                ADC_SoftwareStartInjectedConv
 .text.ADC_GetSoftwareStartInjectedConvCmdStatus
                0x08000d68       0x40 ../../../Libraries/STM32F4xx_StdPeriph_Driver/src/stm32f4xx_adc.o
                0x08000d68                ADC_GetSoftwareStartInjectedConvCmdStatus
 .text.ADC_AutoInjectedConvCmd
                0x08000da8       0x50 ../../../Libraries/STM32F4xx_StdPeriph_Driver/src/stm32f4xx_adc.o
                0x08000da8                ADC_AutoInjectedConvCmd
 .text.ADC_InjectedDiscModeCmd
                0x08000df8       0x50 ../../../Libraries/STM32F4xx_StdPeriph_Driver/src/stm32f4xx_adc.o
                0x08000df8                ADC_InjectedDiscModeCmd
 .text.ADC_GetInjectedConversionValue
                0x08000e48       0x6c ../../../Libraries/STM32F4xx_StdPeriph_Driver/src/stm32f4xx_adc.o
                0x08000e48                ADC_GetInjectedConversionValue
 .text.ADC_ITConfig
                0x08000eb4       0x90 ../../../Libraries/STM32F4xx_StdPeriph_Driver/src/stm32f4xx_adc.o
                0x08000eb4                ADC_ITConfig
 .text.ADC_GetFlagStatus
                0x08000f44       0x68 ../../../Libraries/STM32F4xx_StdPeriph_Driver/src/stm32f4xx_adc.o
                0x08000f44                ADC_GetFlagStatus
 .text.ADC_ClearFlag
                0x08000fac       0x54 ../../../Libraries/STM32F4xx_StdPeriph_Driver/src/stm32f4xx_adc.o
                0x08000fac                ADC_ClearFlag
 .text.ADC_GetITStatus
                0x08001000       0x74 ../../../Libraries/STM32F4xx_StdPeriph_Driver/src/stm32f4xx_adc.o
                0x08001000                ADC_GetITStatus
 .text.ADC_ClearITPendingBit
                0x08001074       0x70 ../../../Libraries/STM32F4xx_StdPeriph_Driver/src/stm32f4xx_adc.o
                0x08001074                ADC_ClearITPendingBit
 .text.CAN_DeInit
                0x080010e4       0x54 ../../../Libraries/STM32F4xx_StdPeriph_Driver/src/stm32f4xx_can.o
                0x080010e4                CAN_DeInit
 .text.CAN_Init
                0x08001138      0x1ec ../../../Libraries/STM32F4xx_StdPeriph_Driver/src/stm32f4xx_can.o
                0x08001138                CAN_Init
 .text.CAN_FilterInit
                0x08001324      0x15c ../../../Libraries/STM32F4xx_StdPeriph_Driver/src/stm32f4xx_can.o
                0x08001324                CAN_FilterInit
 .text.CAN_StructInit
                0x08001480       0x20 ../../../Libraries/STM32F4xx_StdPeriph_Driver/src/stm32f4xx_can.o
                0x08001480                CAN_StructInit
 .text.CAN_SlaveStartBank
                0x080014a0       0x50 ../../../Libraries/STM32F4xx_StdPeriph_Driver/src/stm32f4xx_can.o
                0x080014a0                CAN_SlaveStartBank
 .text.CAN_DBGFreeze
                0x080014f0       0x48 ../../../Libraries/STM32F4xx_StdPeriph_Driver/src/stm32f4xx_can.o
                0x080014f0                CAN_DBGFreeze
 .text.CAN_TTComModeCmd
                0x08001538       0x94 ../../../Libraries/STM32F4xx_StdPeriph_Driver/src/stm32f4xx_can.o
                0x08001538                CAN_TTComModeCmd
 .text.CAN_Transmit
                0x080015cc      0x17c ../../../Libraries/STM32F4xx_StdPeriph_Driver/src/stm32f4xx_can.o
                0x080015cc                CAN_Transmit
 .text.CAN_TransmitStatus
                0x08001748       0x90 ../../../Libraries/STM32F4xx_StdPeriph_Driver/src/stm32f4xx_can.o
                0x08001748                CAN_TransmitStatus
 .text.CAN_CancelTransmit
                0x080017d8       0x5c ../../../Libraries/STM32F4xx_StdPeriph_Driver/src/stm32f4xx_can.o
                0x080017d8                CAN_CancelTransmit
 .text.CAN_Receive
                0x08001834       0xd8 ../../../Libraries/STM32F4xx_StdPeriph_Driver/src/stm32f4xx_can.o
                0x08001834                CAN_Receive
 .text.CAN_FIFORelease
                0x0800190c       0x4c ../../../Libraries/STM32F4xx_StdPeriph_Driver/src/stm32f4xx_can.o
                0x0800190c                CAN_FIFORelease
 .text.CAN_MessagePending
                0x08001958       0x4c ../../../Libraries/STM32F4xx_StdPeriph_Driver/src/stm32f4xx_can.o
                0x08001958                CAN_MessagePending
 .text.CAN_OperatingModeRequest
                0x080019a4      0x134 ../../../Libraries/STM32F4xx_StdPeriph_Driver/src/stm32f4xx_can.o
                0x080019a4                CAN_OperatingModeRequest
 .text.CAN_Sleep
                0x08001ad8       0x44 ../../../Libraries/STM32F4xx_StdPeriph_Driver/src/stm32f4xx_can.o
                0x08001ad8                CAN_Sleep
 .text.CAN_WakeUp
                0x08001b1c       0x64 ../../../Libraries/STM32F4xx_StdPeriph_Driver/src/stm32f4xx_can.o
                0x08001b1c                CAN_WakeUp
 .text.CAN_GetLastErrorCode
                0x08001b80       0x38 ../../../Libraries/STM32F4xx_StdPeriph_Driver/src/stm32f4xx_can.o
                0x08001b80                CAN_GetLastErrorCode
 .text.CAN_GetReceiveErrorCounter
                0x08001bb8       0x38 ../../../Libraries/STM32F4xx_StdPeriph_Driver/src/stm32f4xx_can.o
                0x08001bb8                CAN_GetReceiveErrorCounter
 .text.CAN_GetLSBTransmitErrorCounter
                0x08001bf0       0x3c ../../../Libraries/STM32F4xx_StdPeriph_Driver/src/stm32f4xx_can.o
                0x08001bf0                CAN_GetLSBTransmitErrorCounter
 .text.CAN_ITConfig
                0x08001c2c       0x9c ../../../Libraries/STM32F4xx_StdPeriph_Driver/src/stm32f4xx_can.o
                0x08001c2c                CAN_ITConfig
 .text.CAN_GetFlagStatus
                0x08001cc8      0x148 ../../../Libraries/STM32F4xx_StdPeriph_Driver/src/stm32f4xx_can.o
                0x08001cc8                CAN_GetFlagStatus
 .text.CAN_ClearFlag
                0x08001e10       0xdc ../../../Libraries/STM32F4xx_StdPeriph_Driver/src/stm32f4xx_can.o
                0x08001e10                CAN_ClearFlag
 .text.CAN_GetITStatus
                0x08001eec      0x158 ../../../Libraries/STM32F4xx_StdPeriph_Driver/src/stm32f4xx_can.o
                0x08001eec                CAN_GetITStatus
 .text.CAN_ClearITPendingBit
                0x08002044      0x12c ../../../Libraries/STM32F4xx_StdPeriph_Driver/src/stm32f4xx_can.o
                0x08002044                CAN_ClearITPendingBit
 .text.CRC_ResetDR
                0x08002170        0xc ../../../Libraries/STM32F4xx_StdPeriph_Driver/src/stm32f4xx_crc.o
                0x08002170                CRC_ResetDR
 .text.CRC_CalcCRC
                0x0800217c        0xc ../../../Libraries/STM32F4xx_StdPeriph_Driver/src/stm32f4xx_crc.o
                0x0800217c                CRC_CalcCRC
 .text.CRC_CalcBlockCRC
                0x08002188       0x48 ../../../Libraries/STM32F4xx_StdPeriph_Driver/src/stm32f4xx_crc.o
                0x08002188                CRC_CalcBlockCRC
 .text.CRC_GetCRC
                0x080021d0        0xc ../../../Libraries/STM32F4xx_StdPeriph_Driver/src/stm32f4xx_crc.o
                0x080021d0                CRC_GetCRC
 .text.CRC_SetIDRegister
                0x080021dc        0xc ../../../Libraries/STM32F4xx_StdPeriph_Driver/src/stm32f4xx_crc.o
                0x080021dc                CRC_SetIDRegister
 .text.CRC_GetIDRegister
                0x080021e8        0xc ../../../Libraries/STM32F4xx_StdPeriph_Driver/src/stm32f4xx_crc.o
                0x080021e8                CRC_GetIDRegister
 .text.CRYP_AES_ECB
                0x080021f4      0x1c8 ../../../Libraries/STM32F4xx_StdPeriph_Driver/src/stm32f4xx_cryp_aes.o
                0x080021f4                CRYP_AES_ECB
 .text.CRYP_AES_CBC
                0x080023bc      0x1f4 ../../../Libraries/STM32F4xx_StdPeriph_Driver/src/stm32f4xx_cryp_aes.o
                0x080023bc                CRYP_AES_CBC
 .text.CRYP_AES_CTR
                0x080025b0      0x1a4 ../../../Libraries/STM32F4xx_StdPeriph_Driver/src/stm32f4xx_cryp_aes.o
                0x080025b0                CRYP_AES_CTR
 .text.CRYP_DeInit
                0x08002754       0x18 ../../../Libraries/STM32F4xx_StdPeriph_Driver/src/stm32f4xx_cryp.o
                0x08002754                CRYP_DeInit
 .text.CRYP_Init
                0x0800276c      0x100 ../../../Libraries/STM32F4xx_StdPeriph_Driver/src/stm32f4xx_cryp.o
                0x0800276c                CRYP_Init
 .text.CRYP_StructInit
                0x0800286c        0xc ../../../Libraries/STM32F4xx_StdPeriph_Driver/src/stm32f4xx_cryp.o
                0x0800286c                CRYP_StructInit
 .text.CRYP_KeyInit
                0x08002878       0x28 ../../../Libraries/STM32F4xx_StdPeriph_Driver/src/stm32f4xx_cryp.o
                0x08002878                CRYP_KeyInit
 .text.CRYP_KeyStructInit
                0x080028a0       0x14 ../../../Libraries/STM32F4xx_StdPeriph_Driver/src/stm32f4xx_cryp.o
                0x080028a0                CRYP_KeyStructInit
 .text.CRYP_IVInit
                0x080028b4       0x18 ../../../Libraries/STM32F4xx_StdPeriph_Driver/src/stm32f4xx_cryp.o
                0x080028b4                CRYP_IVInit
 .text.CRYP_IVStructInit
                0x080028cc        0xc ../../../Libraries/STM32F4xx_StdPeriph_Driver/src/stm32f4xx_cryp.o
                0x080028cc                CRYP_IVStructInit
 .text.CRYP_FIFOFlush
                0x080028d8       0x10 ../../../Libraries/STM32F4xx_StdPeriph_Driver/src/stm32f4xx_cryp.o
                0x080028d8                CRYP_FIFOFlush
 .text.CRYP_Cmd
                0x080028e8       0x30 ../../../Libraries/STM32F4xx_StdPeriph_Driver/src/stm32f4xx_cryp.o
                0x080028e8                CRYP_Cmd
 .text.CRYP_DataIn
                0x08002918        0xc ../../../Libraries/STM32F4xx_StdPeriph_Driver/src/stm32f4xx_cryp.o
                0x08002918                CRYP_DataIn
 .text.CRYP_DataOut
                0x08002924        0xc ../../../Libraries/STM32F4xx_StdPeriph_Driver/src/stm32f4xx_cryp.o
                0x08002924                CRYP_DataOut
 .text.CRYP_SaveContext
                0x08002930       0xbc ../../../Libraries/STM32F4xx_StdPeriph_Driver/src/stm32f4xx_cryp.o
                0x08002930                CRYP_SaveContext
 .text.CRYP_RestoreContext
                0x080029ec       0x44 ../../../Libraries/STM32F4xx_StdPeriph_Driver/src/stm32f4xx_cryp.o
                0x080029ec                CRYP_RestoreContext
 .text.CRYP_DMACmd
                0x08002a30       0x58 ../../../Libraries/STM32F4xx_StdPeriph_Driver/src/stm32f4xx_cryp.o
                0x08002a30                CRYP_DMACmd
 .text.CRYP_ITConfig
                0x08002a88       0x58 ../../../Libraries/STM32F4xx_StdPeriph_Driver/src/stm32f4xx_cryp.o
                0x08002a88                CRYP_ITConfig
 .text.CRYP_GetITStatus
                0x08002ae0       0x28 ../../../Libraries/STM32F4xx_StdPeriph_Driver/src/stm32f4xx_cryp.o
                0x08002ae0                CRYP_GetITStatus
 .text.CRYP_GetFlagStatus
                0x08002b08       0x64 ../../../Libraries/STM32F4xx_StdPeriph_Driver/src/stm32f4xx_cryp.o
                0x08002b08                CRYP_GetFlagStatus
 .text.CRYP_DES_ECB
                0x08002b6c       0xcc ../../../Libraries/STM32F4xx_StdPeriph_Driver/src/stm32f4xx_cryp_des.o
                0x08002b6c                CRYP_DES_ECB
 .text.CRYP_DES_CBC
                0x08002c38       0xe4 ../../../Libraries/STM32F4xx_StdPeriph_Driver/src/stm32f4xx_cryp_des.o
                0x08002c38                CRYP_DES_CBC
 .text.CRYP_TDES_ECB
                0x08002d1c       0xec ../../../Libraries/STM32F4xx_StdPeriph_Driver/src/stm32f4xx_cryp_tdes.o
                0x08002d1c                CRYP_TDES_ECB
 .text.CRYP_TDES_CBC
                0x08002e08      0x100 ../../../Libraries/STM32F4xx_StdPeriph_Driver/src/stm32f4xx_cryp_tdes.o
                0x08002e08                CRYP_TDES_CBC
 .text.DAC_DeInit
                0x08002f08       0x1c ../../../Libraries/STM32F4xx_StdPeriph_Driver/src/stm32f4xx_dac.o
                0x08002f08                DAC_DeInit
 .text.DAC_Init
                0x08002f24      0x100 ../../../Libraries/STM32F4xx_StdPeriph_Driver/src/stm32f4xx_dac.o
                0x08002f24                DAC_Init
 .text.DAC_StructInit
                0x08003024        0xc ../../../Libraries/STM32F4xx_StdPeriph_Driver/src/stm32f4xx_dac.o
                0x08003024                DAC_StructInit
 .text.DAC_Cmd  0x08003030       0x64 ../../../Libraries/STM32F4xx_StdPeriph_Driver/src/stm32f4xx_dac.o
                0x08003030                DAC_Cmd
 .text.DAC_SoftwareTriggerCmd
                0x08003094       0x68 ../../../Libraries/STM32F4xx_StdPeriph_Driver/src/stm32f4xx_dac.o
                0x08003094                DAC_SoftwareTriggerCmd
 .text.DAC_DualSoftwareTriggerCmd
                0x080030fc       0x30 ../../../Libraries/STM32F4xx_StdPeriph_Driver/src/stm32f4xx_dac.o
                0x080030fc                DAC_DualSoftwareTriggerCmd
 .text.DAC_WaveGenerationCmd
                0x0800312c       0x7c ../../../Libraries/STM32F4xx_StdPeriph_Driver/src/stm32f4xx_dac.o
                0x0800312c                DAC_WaveGenerationCmd
 .text.DAC_SetChannel1Data
                0x080031a8       0x4c ../../../Libraries/STM32F4xx_StdPeriph_Driver/src/stm32f4xx_dac.o
                0x080031a8                DAC_SetChannel1Data
 .text.DAC_SetChannel2Data
                0x080031f4       0x50 ../../../Libraries/STM32F4xx_StdPeriph_Driver/src/stm32f4xx_dac.o
                0x080031f4                DAC_SetChannel2Data
 .text.DAC_SetDualChannelData
                0x08003244       0x78 ../../../Libraries/STM32F4xx_StdPeriph_Driver/src/stm32f4xx_dac.o
                0x08003244                DAC_SetDualChannelData
 .text.DAC_GetDataOutputValue
                0x080032bc       0x3c ../../../Libraries/STM32F4xx_StdPeriph_Driver/src/stm32f4xx_dac.o
                0x080032bc                DAC_GetDataOutputValue
 .text.DAC_DMACmd
                0x080032f8       0x64 ../../../Libraries/STM32F4xx_StdPeriph_Driver/src/stm32f4xx_dac.o
                0x080032f8                DAC_DMACmd
 .text.DAC_ITConfig
                0x0800335c       0x5c ../../../Libraries/STM32F4xx_StdPeriph_Driver/src/stm32f4xx_dac.o
                0x0800335c                DAC_ITConfig
 .text.DAC_GetFlagStatus
                0x080033b8       0x40 ../../../Libraries/STM32F4xx_StdPeriph_Driver/src/stm32f4xx_dac.o
                0x080033b8                DAC_GetFlagStatus
 .text.DAC_ClearFlag
                0x080033f8       0x38 ../../../Libraries/STM32F4xx_StdPeriph_Driver/src/stm32f4xx_dac.o
                0x080033f8                DAC_ClearFlag
 .text.DAC_GetITStatus
                0x08003430       0x4c ../../../Libraries/STM32F4xx_StdPeriph_Driver/src/stm32f4xx_dac.o
                0x08003430                DAC_GetITStatus
 .text.DAC_ClearITPendingBit
                0x0800347c       0x38 ../../../Libraries/STM32F4xx_StdPeriph_Driver/src/stm32f4xx_dac.o
                0x0800347c                DAC_ClearITPendingBit
 .text.DBGMCU_GetREVID
                0x080034b4        0xc ../../../Libraries/STM32F4xx_StdPeriph_Driver/src/stm32f4xx_dbgmcu.o
                0x080034b4                DBGMCU_GetREVID
 .text.DBGMCU_GetDEVID
                0x080034c0       0x10 ../../../Libraries/STM32F4xx_StdPeriph_Driver/src/stm32f4xx_dbgmcu.o
                0x080034c0                DBGMCU_GetDEVID
 .text.DBGMCU_Config
                0x080034d0       0x54 ../../../Libraries/STM32F4xx_StdPeriph_Driver/src/stm32f4xx_dbgmcu.o
                0x080034d0                DBGMCU_Config
 .text.DBGMCU_APB1PeriphConfig
                0x08003524       0x5c ../../../Libraries/STM32F4xx_StdPeriph_Driver/src/stm32f4xx_dbgmcu.o
                0x08003524                DBGMCU_APB1PeriphConfig
 .text.DBGMCU_APB2PeriphConfig
                0x08003580       0x58 ../../../Libraries/STM32F4xx_StdPeriph_Driver/src/stm32f4xx_dbgmcu.o
                0x08003580                DBGMCU_APB2PeriphConfig
 .text.DCMI_DeInit
                0x080035d8       0x1c ../../../Libraries/STM32F4xx_StdPeriph_Driver/src/stm32f4xx_dcmi.o
                0x080035d8                DCMI_DeInit
 .text.DCMI_Init
                0x080035f4      0x124 ../../../Libraries/STM32F4xx_StdPeriph_Driver/src/stm32f4xx_dcmi.o
                0x080035f4                DCMI_Init
 .text.DCMI_StructInit
                0x08003718       0x14 ../../../Libraries/STM32F4xx_StdPeriph_Driver/src/stm32f4xx_dcmi.o
                0x08003718                DCMI_StructInit
 .text.DCMI_CROPConfig
                0x0800372c       0x24 ../../../Libraries/STM32F4xx_StdPeriph_Driver/src/stm32f4xx_dcmi.o
                0x0800372c                DCMI_CROPConfig
 .text.DCMI_CROPCmd
                0x08003750       0x30 ../../../Libraries/STM32F4xx_StdPeriph_Driver/src/stm32f4xx_dcmi.o
                0x08003750                DCMI_CROPCmd
 .text.DCMI_SetEmbeddedSynchroCodes
                0x08003780       0x28 ../../../Libraries/STM32F4xx_StdPeriph_Driver/src/stm32f4xx_dcmi.o
                0x08003780                DCMI_SetEmbeddedSynchroCodes
 .text.DCMI_JPEGCmd
                0x080037a8       0x30 ../../../Libraries/STM32F4xx_StdPeriph_Driver/src/stm32f4xx_dcmi.o
                0x080037a8                DCMI_JPEGCmd
 .text.DCMI_Cmd
                0x080037d8       0x30 ../../../Libraries/STM32F4xx_StdPeriph_Driver/src/stm32f4xx_dcmi.o
                0x080037d8                DCMI_Cmd
 .text.DCMI_CaptureCmd
                0x08003808       0x30 ../../../Libraries/STM32F4xx_StdPeriph_Driver/src/stm32f4xx_dcmi.o
                0x08003808                DCMI_CaptureCmd
 .text.DCMI_ReadData
                0x08003838        0xc ../../../Libraries/STM32F4xx_StdPeriph_Driver/src/stm32f4xx_dcmi.o
                0x08003838                DCMI_ReadData
 .text.DCMI_ITConfig
                0x08003844       0x5c ../../../Libraries/STM32F4xx_StdPeriph_Driver/src/stm32f4xx_dcmi.o
                0x08003844                DCMI_ITConfig
 .text.DCMI_GetFlagStatus
                0x080038a0       0xa0 ../../../Libraries/STM32F4xx_StdPeriph_Driver/src/stm32f4xx_dcmi.o
                0x080038a0                DCMI_GetFlagStatus
 .text.DCMI_ClearFlag
                0x08003940       0x30 ../../../Libraries/STM32F4xx_StdPeriph_Driver/src/stm32f4xx_dcmi.o
                0x08003940                DCMI_ClearFlag
 .text.DCMI_GetITStatus
                0x08003970       0x38 ../../../Libraries/STM32F4xx_StdPeriph_Driver/src/stm32f4xx_dcmi.o
                0x08003970                DCMI_GetITStatus
 .text.DCMI_ClearITPendingBit
                0x080039a8        0xc ../../../Libraries/STM32F4xx_StdPeriph_Driver/src/stm32f4xx_dcmi.o
                0x080039a8                DCMI_ClearITPendingBit
 .text.DMA_DeInit
                0x080039b4      0x1d0 ../../../Libraries/STM32F4xx_StdPeriph_Driver/src/stm32f4xx_dma.o
                0x080039b4                DMA_DeInit
 .text.DMA_Init
                0x08003b84      0x2d4 ../../../Libraries/STM32F4xx_StdPeriph_Driver/src/stm32f4xx_dma.o
                0x08003b84                DMA_Init
 .text.DMA_StructInit
                0x08003e58       0x24 ../../../Libraries/STM32F4xx_StdPeriph_Driver/src/stm32f4xx_dma.o
                0x08003e58                DMA_StructInit
 .text.DMA_Cmd  0x08003e7c       0xa0 ../../../Libraries/STM32F4xx_StdPeriph_Driver/src/stm32f4xx_dma.o
                0x08003e7c                DMA_Cmd
 .text.DMA_PeriphIncOffsetSizeConfig
                0x08003f1c       0xa8 ../../../Libraries/STM32F4xx_StdPeriph_Driver/src/stm32f4xx_dma.o
                0x08003f1c                DMA_PeriphIncOffsetSizeConfig
 .text.DMA_FlowControllerConfig
                0x08003fc4       0xac ../../../Libraries/STM32F4xx_StdPeriph_Driver/src/stm32f4xx_dma.o
                0x08003fc4                DMA_FlowControllerConfig
 .text.DMA_SetCurrDataCounter
                0x08004070       0x88 ../../../Libraries/STM32F4xx_StdPeriph_Driver/src/stm32f4xx_dma.o
                0x08004070                DMA_SetCurrDataCounter
 .text.DMA_GetCurrDataCounter
                0x080040f8       0x88 ../../../Libraries/STM32F4xx_StdPeriph_Driver/src/stm32f4xx_dma.o
                0x080040f8                DMA_GetCurrDataCounter
 .text.DMA_DoubleBufferModeConfig
                0x08004180       0xb4 ../../../Libraries/STM32F4xx_StdPeriph_Driver/src/stm32f4xx_dma.o
                0x08004180                DMA_DoubleBufferModeConfig
 .text.DMA_DoubleBufferModeCmd
                0x08004234       0xa4 ../../../Libraries/STM32F4xx_StdPeriph_Driver/src/stm32f4xx_dma.o
                0x08004234                DMA_DoubleBufferModeCmd
 .text.DMA_MemoryTargetConfig
                0x080042d8       0xa0 ../../../Libraries/STM32F4xx_StdPeriph_Driver/src/stm32f4xx_dma.o
                0x080042d8                DMA_MemoryTargetConfig
 .text.DMA_GetCurrentMemoryTarget
                0x08004378       0x84 ../../../Libraries/STM32F4xx_StdPeriph_Driver/src/stm32f4xx_dma.o
                0x08004378                DMA_GetCurrentMemoryTarget
 .text.DMA_GetCmdStatus
                0x080043fc       0x88 ../../../Libraries/STM32F4xx_StdPeriph_Driver/src/stm32f4xx_dma.o
                0x080043fc                DMA_GetCmdStatus
 .text.DMA_GetFIFOStatus
                0x08004484       0x90 ../../../Libraries/STM32F4xx_StdPeriph_Driver/src/stm32f4xx_dma.o
                0x08004484                DMA_GetFIFOStatus
 .text.DMA_GetFlagStatus
                0x08004514      0x200 ../../../Libraries/STM32F4xx_StdPeriph_Driver/src/stm32f4xx_dma.o
                0x08004514                DMA_GetFlagStatus
 .text.DMA_ClearFlag
                0x08004714       0xd4 ../../../Libraries/STM32F4xx_StdPeriph_Driver/src/stm32f4xx_dma.o
                0x08004714                DMA_ClearFlag
 .text.DMA_ITConfig
                0x080047e8       0xdc ../../../Libraries/STM32F4xx_StdPeriph_Driver/src/stm32f4xx_dma.o
                0x080047e8                DMA_ITConfig
 .text.DMA_GetITStatus
                0x080048c4      0x278 ../../../Libraries/STM32F4xx_StdPeriph_Driver/src/stm32f4xx_dma.o
                0x080048c4                DMA_GetITStatus
 .text.DMA_ClearITPendingBit
                0x08004b3c       0xd4 ../../../Libraries/STM32F4xx_StdPeriph_Driver/src/stm32f4xx_dma.o
                0x08004b3c                DMA_ClearITPendingBit
 .text.EXTI_DeInit
                0x08004c10       0x1c ../../../Libraries/STM32F4xx_StdPeriph_Driver/src/stm32f4xx_exti.o
                0x08004c10                EXTI_DeInit
 .text.EXTI_Init
                0x08004c2c       0xf8 ../../../Libraries/STM32F4xx_StdPeriph_Driver/src/stm32f4xx_exti.o
                0x08004c2c                EXTI_Init
 .text.EXTI_StructInit
                0x08004d24       0x10 ../../../Libraries/STM32F4xx_StdPeriph_Driver/src/stm32f4xx_exti.o
                0x08004d24                EXTI_StructInit
 .text.EXTI_GenerateSWInterrupt
                0x08004d34       0x30 ../../../Libraries/STM32F4xx_StdPeriph_Driver/src/stm32f4xx_exti.o
                0x08004d34                EXTI_GenerateSWInterrupt
 .text.EXTI_GetFlagStatus
                0x08004d64       0x9c ../../../Libraries/STM32F4xx_StdPeriph_Driver/src/stm32f4xx_exti.o
                0x08004d64                EXTI_GetFlagStatus
 .text.EXTI_ClearFlag
                0x08004e00       0x28 ../../../Libraries/STM32F4xx_StdPeriph_Driver/src/stm32f4xx_exti.o
                0x08004e00                EXTI_ClearFlag
 .text.EXTI_GetITStatus
                0x08004e28       0xa4 ../../../Libraries/STM32F4xx_StdPeriph_Driver/src/stm32f4xx_exti.o
                0x08004e28                EXTI_GetITStatus
 .text.EXTI_ClearITPendingBit
                0x08004ecc       0x28 ../../../Libraries/STM32F4xx_StdPeriph_Driver/src/stm32f4xx_exti.o
                0x08004ecc                EXTI_ClearITPendingBit
 .text.FLASH_SetLatency
                0x08004ef4       0x1c ../../../Libraries/STM32F4xx_StdPeriph_Driver/src/stm32f4xx_flash.o
                0x08004ef4                FLASH_SetLatency
 .text.FLASH_PrefetchBufferCmd
                0x08004f10       0x30 ../../../Libraries/STM32F4xx_StdPeriph_Driver/src/stm32f4xx_flash.o
                0x08004f10                FLASH_PrefetchBufferCmd
 .text.FLASH_InstructionCacheCmd
                0x08004f40       0x30 ../../../Libraries/STM32F4xx_StdPeriph_Driver/src/stm32f4xx_flash.o
                0x08004f40                FLASH_InstructionCacheCmd
 .text.FLASH_DataCacheCmd
                0x08004f70       0x30 ../../../Libraries/STM32F4xx_StdPeriph_Driver/src/stm32f4xx_flash.o
                0x08004f70                FLASH_DataCacheCmd
 .text.FLASH_InstructionCacheReset
                0x08004fa0       0x10 ../../../Libraries/STM32F4xx_StdPeriph_Driver/src/stm32f4xx_flash.o
                0x08004fa0                FLASH_InstructionCacheReset
 .text.FLASH_DataCacheReset
                0x08004fb0       0x10 ../../../Libraries/STM32F4xx_StdPeriph_Driver/src/stm32f4xx_flash.o
                0x08004fb0                FLASH_DataCacheReset
 .text.FLASH_Unlock
                0x08004fc0       0x1c ../../../Libraries/STM32F4xx_StdPeriph_Driver/src/stm32f4xx_flash.o
                0x08004fc0                FLASH_Unlock
 .text.FLASH_Lock
                0x08004fdc       0x10 ../../../Libraries/STM32F4xx_StdPeriph_Driver/src/stm32f4xx_flash.o
                0x08004fdc                FLASH_Lock
 .text.FLASH_OB_Unlock
                0x08004fec       0x20 ../../../Libraries/STM32F4xx_StdPeriph_Driver/src/stm32f4xx_flash.o
                0x08004fec                FLASH_OB_Unlock
 .text.FLASH_OB_Lock
                0x0800500c       0x10 ../../../Libraries/STM32F4xx_StdPeriph_Driver/src/stm32f4xx_flash.o
                0x0800500c                FLASH_OB_Lock
 .text.FLASH_OB_BORConfig
                0x0800501c       0x38 ../../../Libraries/STM32F4xx_StdPeriph_Driver/src/stm32f4xx_flash.o
                0x0800501c                FLASH_OB_BORConfig
 .text.FLASH_OB_GetUser
                0x08005054       0x10 ../../../Libraries/STM32F4xx_StdPeriph_Driver/src/stm32f4xx_flash.o
                0x08005054                FLASH_OB_GetUser
 .text.FLASH_OB_GetWRP
                0x08005064        0xc ../../../Libraries/STM32F4xx_StdPeriph_Driver/src/stm32f4xx_flash.o
                0x08005064                FLASH_OB_GetWRP
 .text.FLASH_OB_GetRDP
                0x08005070       0x10 ../../../Libraries/STM32F4xx_StdPeriph_Driver/src/stm32f4xx_flash.o
                0x08005070                FLASH_OB_GetRDP
 .text.FLASH_OB_GetBOR
                0x08005080       0x10 ../../../Libraries/STM32F4xx_StdPeriph_Driver/src/stm32f4xx_flash.o
                0x08005080                FLASH_OB_GetBOR
 .text.FLASH_ITConfig
                0x08005090       0x54 ../../../Libraries/STM32F4xx_StdPeriph_Driver/src/stm32f4xx_flash.o
                0x08005090                FLASH_ITConfig
 .text.FLASH_GetFlagStatus
                0x080050e4       0x40 ../../../Libraries/STM32F4xx_StdPeriph_Driver/src/stm32f4xx_flash.o
                0x080050e4                FLASH_GetFlagStatus
 .text.FLASH_ClearFlag
                0x08005124       0x2c ../../../Libraries/STM32F4xx_StdPeriph_Driver/src/stm32f4xx_flash.o
                0x08005124                FLASH_ClearFlag
 .text.FLASH_GetStatus
                0x08005150       0x38 ../../../Libraries/STM32F4xx_StdPeriph_Driver/src/stm32f4xx_flash.o
                0x08005150                FLASH_GetStatus
 .text.FLASH_WaitForLastOperation
                0x08005188       0x24 ../../../Libraries/STM32F4xx_StdPeriph_Driver/src/stm32f4xx_flash.o
                0x08005188                FLASH_WaitForLastOperation
 .text.FLASH_OB_Launch
                0x080051ac       0x14 ../../../Libraries/STM32F4xx_StdPeriph_Driver/src/stm32f4xx_flash.o
                0x080051ac                FLASH_OB_Launch
 .text.FLASH_OB_UserConfig
                0x080051c0       0x64 ../../../Libraries/STM32F4xx_StdPeriph_Driver/src/stm32f4xx_flash.o
                0x080051c0                FLASH_OB_UserConfig
 .text.FLASH_OB_RDPConfig
                0x08005224       0x2c ../../../Libraries/STM32F4xx_StdPeriph_Driver/src/stm32f4xx_flash.o
                0x08005224                FLASH_OB_RDPConfig
 .text.FLASH_OB_WRPConfig
                0x08005250       0x5c ../../../Libraries/STM32F4xx_StdPeriph_Driver/src/stm32f4xx_flash.o
                0x08005250                FLASH_OB_WRPConfig
 .text.FLASH_ProgramByte
                0x080052ac       0x70 ../../../Libraries/STM32F4xx_StdPeriph_Driver/src/stm32f4xx_flash.o
                0x080052ac                FLASH_ProgramByte
 .text.FLASH_ProgramHalfWord
                0x0800531c       0x74 ../../../Libraries/STM32F4xx_StdPeriph_Driver/src/stm32f4xx_flash.o
                0x0800531c                FLASH_ProgramHalfWord
 .text.FLASH_ProgramWord
                0x08005390       0x74 ../../../Libraries/STM32F4xx_StdPeriph_Driver/src/stm32f4xx_flash.o
                0x08005390                FLASH_ProgramWord
 .text.FLASH_ProgramDoubleWord
                0x08005404       0x78 ../../../Libraries/STM32F4xx_StdPeriph_Driver/src/stm32f4xx_flash.o
                0x08005404                FLASH_ProgramDoubleWord
 .text.FLASH_EraseAllSectors
                0x0800547c       0x70 ../../../Libraries/STM32F4xx_StdPeriph_Driver/src/stm32f4xx_flash.o
                0x0800547c                FLASH_EraseAllSectors
 .text.FLASH_EraseSector
                0x080054ec       0xc0 ../../../Libraries/STM32F4xx_StdPeriph_Driver/src/stm32f4xx_flash.o
                0x080054ec                FLASH_EraseSector
 .text.FSMC_NORSRAMDeInit
                0x080055ac       0x58 ../../../Libraries/STM32F4xx_StdPeriph_Driver/src/stm32f4xx_fsmc.o
                0x080055ac                FSMC_NORSRAMDeInit
 .text.FSMC_NORSRAMInit
                0x08005604      0x3d8 ../../../Libraries/STM32F4xx_StdPeriph_Driver/src/stm32f4xx_fsmc.o
                0x08005604                FSMC_NORSRAMInit
 .text.FSMC_NORSRAMStructInit
                0x080059dc       0x50 ../../../Libraries/STM32F4xx_StdPeriph_Driver/src/stm32f4xx_fsmc.o
                0x080059dc                FSMC_NORSRAMStructInit
 .text.FSMC_NORSRAMCmd
                0x08005a2c       0x70 ../../../Libraries/STM32F4xx_StdPeriph_Driver/src/stm32f4xx_fsmc.o
                0x08005a2c                FSMC_NORSRAMCmd
 .text.FSMC_NANDDeInit
                0x08005a9c       0x3c ../../../Libraries/STM32F4xx_StdPeriph_Driver/src/stm32f4xx_fsmc.o
                0x08005a9c                FSMC_NANDDeInit
 .text.FSMC_NANDInit
                0x08005ad8      0x1d4 ../../../Libraries/STM32F4xx_StdPeriph_Driver/src/stm32f4xx_fsmc.o
                0x08005ad8                FSMC_NANDInit
 .text.FSMC_NANDStructInit
                0x08005cac       0x30 ../../../Libraries/STM32F4xx_StdPeriph_Driver/src/stm32f4xx_fsmc.o
                0x08005cac                FSMC_NANDStructInit
 .text.FSMC_NANDCmd
                0x08005cdc       0x5c ../../../Libraries/STM32F4xx_StdPeriph_Driver/src/stm32f4xx_fsmc.o
                0x08005cdc                FSMC_NANDCmd
 .text.FSMC_NANDECCCmd
                0x08005d38       0x5c ../../../Libraries/STM32F4xx_StdPeriph_Driver/src/stm32f4xx_fsmc.o
                0x08005d38                FSMC_NANDECCCmd
 .text.FSMC_GetECC
                0x08005d94       0x18 ../../../Libraries/STM32F4xx_StdPeriph_Driver/src/stm32f4xx_fsmc.o
                0x08005d94                FSMC_GetECC
 .text.FSMC_PCCARDDeInit
                0x08005dac       0x1c ../../../Libraries/STM32F4xx_StdPeriph_Driver/src/stm32f4xx_fsmc.o
                0x08005dac                FSMC_PCCARDDeInit
 .text.FSMC_PCCARDInit
                0x08005dc8      0x164 ../../../Libraries/STM32F4xx_StdPeriph_Driver/src/stm32f4xx_fsmc.o
                0x08005dc8                FSMC_PCCARDInit
 .text.FSMC_PCCARDStructInit
                0x08005f2c       0x30 ../../../Libraries/STM32F4xx_StdPeriph_Driver/src/stm32f4xx_fsmc.o
                0x08005f2c                FSMC_PCCARDStructInit
 .text.FSMC_PCCARDCmd
                0x08005f5c       0x34 ../../../Libraries/STM32F4xx_StdPeriph_Driver/src/stm32f4xx_fsmc.o
                0x08005f5c                FSMC_PCCARDCmd
 .text.FSMC_ITConfig
                0x08005f90       0xac ../../../Libraries/STM32F4xx_StdPeriph_Driver/src/stm32f4xx_fsmc.o
                0x08005f90                FSMC_ITConfig
 .text.FSMC_GetFlagStatus
                0x0800603c       0x84 ../../../Libraries/STM32F4xx_StdPeriph_Driver/src/stm32f4xx_fsmc.o
                0x0800603c                FSMC_GetFlagStatus
 .text.FSMC_ClearFlag
                0x080060c0       0x6c ../../../Libraries/STM32F4xx_StdPeriph_Driver/src/stm32f4xx_fsmc.o
                0x080060c0                FSMC_ClearFlag
 .text.FSMC_GetITStatus
                0x0800612c       0x80 ../../../Libraries/STM32F4xx_StdPeriph_Driver/src/stm32f4xx_fsmc.o
                0x0800612c                FSMC_GetITStatus
 .text.FSMC_ClearITPendingBit
                0x080061ac       0x70 ../../../Libraries/STM32F4xx_StdPeriph_Driver/src/stm32f4xx_fsmc.o
                0x080061ac                FSMC_ClearITPendingBit
 .text.GPIO_DeInit
                0x0800621c      0x164 ../../../Libraries/STM32F4xx_StdPeriph_Driver/src/stm32f4xx_gpio.o
                0x0800621c                GPIO_DeInit
 .text.GPIO_Init
                0x08006380      0x1f8 ../../../Libraries/STM32F4xx_StdPeriph_Driver/src/stm32f4xx_gpio.o
                0x08006380                GPIO_Init
 .text.GPIO_StructInit
                0x08006578       0x14 ../../../Libraries/STM32F4xx_StdPeriph_Driver/src/stm32f4xx_gpio.o
                0x08006578                GPIO_StructInit
 .text.GPIO_PinLockConfig
                0x0800658c       0x90 ../../../Libraries/STM32F4xx_StdPeriph_Driver/src/stm32f4xx_gpio.o
                0x0800658c                GPIO_PinLockConfig
 .text.GPIO_ReadInputDataBit
                0x0800661c       0xd8 ../../../Libraries/STM32F4xx_StdPeriph_Driver/src/stm32f4xx_gpio.o
                0x0800661c                GPIO_ReadInputDataBit
 .text.GPIO_ReadInputData
                0x080066f4       0x6c ../../../Libraries/STM32F4xx_StdPeriph_Driver/src/stm32f4xx_gpio.o
                0x080066f4                GPIO_ReadInputData
 .text.GPIO_ReadOutputDataBit
                0x08006760       0xdc ../../../Libraries/STM32F4xx_StdPeriph_Driver/src/stm32f4xx_gpio.o
                0x08006760                GPIO_ReadOutputDataBit
 .text.GPIO_ReadOutputData
                0x0800683c       0x70 ../../../Libraries/STM32F4xx_StdPeriph_Driver/src/stm32f4xx_gpio.o
                0x0800683c                GPIO_ReadOutputData
 .text.GPIO_SetBits
                0x080068ac       0x70 ../../../Libraries/STM32F4xx_StdPeriph_Driver/src/stm32f4xx_gpio.o
                0x080068ac                GPIO_SetBits
 .text.GPIO_ResetBits
                0x0800691c       0x6c ../../../Libraries/STM32F4xx_StdPeriph_Driver/src/stm32f4xx_gpio.o
                0x0800691c                GPIO_ResetBits
 .text.GPIO_WriteBit
                0x08006988       0xe8 ../../../Libraries/STM32F4xx_StdPeriph_Driver/src/stm32f4xx_gpio.o
                0x08006988                GPIO_WriteBit
 .text.GPIO_Write
                0x08006a70       0x6c ../../../Libraries/STM32F4xx_StdPeriph_Driver/src/stm32f4xx_gpio.o
                0x08006a70                GPIO_Write
 .text.GPIO_ToggleBits
                0x08006adc       0x74 ../../../Libraries/STM32F4xx_StdPeriph_Driver/src/stm32f4xx_gpio.o
                0x08006adc                GPIO_ToggleBits
 .text.GPIO_PinAFConfig
                0x08006b50       0xf8 ../../../Libraries/STM32F4xx_StdPeriph_Driver/src/stm32f4xx_gpio.o
                0x08006b50                GPIO_PinAFConfig
 .text.HASH_DeInit
                0x08006c48       0x18 ../../../Libraries/STM32F4xx_StdPeriph_Driver/src/stm32f4xx_hash.o
                0x08006c48                HASH_DeInit
 .text.HASH_Init
                0x08006c60       0xc8 ../../../Libraries/STM32F4xx_StdPeriph_Driver/src/stm32f4xx_hash.o
                0x08006c60                HASH_Init
 .text.HASH_StructInit
                0x08006d28        0xc ../../../Libraries/STM32F4xx_StdPeriph_Driver/src/stm32f4xx_hash.o
                0x08006d28                HASH_StructInit
 .text.HASH_Reset
                0x08006d34       0x10 ../../../Libraries/STM32F4xx_StdPeriph_Driver/src/stm32f4xx_hash.o
                0x08006d34                HASH_Reset
 .text.HASH_SetLastWordValidBitsNbr
                0x08006d44       0x28 ../../../Libraries/STM32F4xx_StdPeriph_Driver/src/stm32f4xx_hash.o
                0x08006d44                HASH_SetLastWordValidBitsNbr
 .text.HASH_DataIn
                0x08006d6c        0xc ../../../Libraries/STM32F4xx_StdPeriph_Driver/src/stm32f4xx_hash.o
                0x08006d6c                HASH_DataIn
 .text.HASH_GetInFIFOWordsNbr
                0x08006d78       0x10 ../../../Libraries/STM32F4xx_StdPeriph_Driver/src/stm32f4xx_hash.o
                0x08006d78                HASH_GetInFIFOWordsNbr
 .text.HASH_GetDigest
                0x08006d88       0x1c ../../../Libraries/STM32F4xx_StdPeriph_Driver/src/stm32f4xx_hash.o
                0x08006d88                HASH_GetDigest
 .text.HASH_StartDigest
                0x08006da4       0x10 ../../../Libraries/STM32F4xx_StdPeriph_Driver/src/stm32f4xx_hash.o
                0x08006da4                HASH_StartDigest
 .text.HASH_SaveContext
                0x08006db4       0x44 ../../../Libraries/STM32F4xx_StdPeriph_Driver/src/stm32f4xx_hash.o
                0x08006db4                HASH_SaveContext
 .text.HASH_RestoreContext
                0x08006df8       0x4c ../../../Libraries/STM32F4xx_StdPeriph_Driver/src/stm32f4xx_hash.o
                0x08006df8                HASH_RestoreContext
 .text.HASH_DMACmd
                0x08006e44       0x30 ../../../Libraries/STM32F4xx_StdPeriph_Driver/src/stm32f4xx_hash.o
                0x08006e44                HASH_DMACmd
 .text.HASH_ITConfig
                0x08006e74       0x58 ../../../Libraries/STM32F4xx_StdPeriph_Driver/src/stm32f4xx_hash.o
                0x08006e74                HASH_ITConfig
 .text.HASH_GetFlagStatus
                0x08006ecc       0x54 ../../../Libraries/STM32F4xx_StdPeriph_Driver/src/stm32f4xx_hash.o
                0x08006ecc                HASH_GetFlagStatus
 .text.HASH_ClearFlag
                0x08006f20       0x20 ../../../Libraries/STM32F4xx_StdPeriph_Driver/src/stm32f4xx_hash.o
                0x08006f20                HASH_ClearFlag
 .text.HASH_GetITStatus
                0x08006f40       0x2c ../../../Libraries/STM32F4xx_StdPeriph_Driver/src/stm32f4xx_hash.o
                0x08006f40                HASH_GetITStatus
 .text.HASH_ClearITPendingBit
                0x08006f6c       0x34 ../../../Libraries/STM32F4xx_StdPeriph_Driver/src/stm32f4xx_hash.o
                0x08006f6c                HASH_ClearITPendingBit
 .text.HASH_MD5
                0x08006fa0       0xc4 ../../../Libraries/STM32F4xx_StdPeriph_Driver/src/stm32f4xx_hash_md5.o
                0x08006fa0                HASH_MD5
 .text.HMAC_MD5
                0x08007064      0x1dc ../../../Libraries/STM32F4xx_StdPeriph_Driver/src/stm32f4xx_hash_md5.o
                0x08007064                HMAC_MD5
 .text.HASH_SHA1
                0x08007240       0xc8 ../../../Libraries/STM32F4xx_StdPeriph_Driver/src/stm32f4xx_hash_sha1.o
                0x08007240                HASH_SHA1
 .text.HMAC_SHA1
                0x08007308      0x1e0 ../../../Libraries/STM32F4xx_StdPeriph_Driver/src/stm32f4xx_hash_sha1.o
                0x08007308                HMAC_SHA1
 .text.I2C_DeInit
                0x080074e8       0x84 ../../../Libraries/STM32F4xx_StdPeriph_Driver/src/stm32f4xx_i2c.o
                0x080074e8                I2C_DeInit
 .text.I2C_Init
                0x0800756c      0x1b8 ../../../Libraries/STM32F4xx_StdPeriph_Driver/src/stm32f4xx_i2c.o
                0x0800756c                I2C_Init
 .text.I2C_StructInit
                0x08007724       0x1c ../../../Libraries/STM32F4xx_StdPeriph_Driver/src/stm32f4xx_i2c.o
                0x08007724                I2C_StructInit
 .text.I2C_Cmd  0x08007740       0x60 ../../../Libraries/STM32F4xx_StdPeriph_Driver/src/stm32f4xx_i2c.o
                0x08007740                I2C_Cmd
 .text.I2C_GenerateSTART
                0x080077a0       0x5c ../../../Libraries/STM32F4xx_StdPeriph_Driver/src/stm32f4xx_i2c.o
                0x080077a0                I2C_GenerateSTART
 .text.I2C_GenerateSTOP
                0x080077fc       0x5c ../../../Libraries/STM32F4xx_StdPeriph_Driver/src/stm32f4xx_i2c.o
                0x080077fc                I2C_GenerateSTOP
 .text.I2C_Send7bitAddress
                0x08007858       0x50 ../../../Libraries/STM32F4xx_StdPeriph_Driver/src/stm32f4xx_i2c.o
                0x08007858                I2C_Send7bitAddress
 .text.I2C_AcknowledgeConfig
                0x080078a8       0x60 ../../../Libraries/STM32F4xx_StdPeriph_Driver/src/stm32f4xx_i2c.o
                0x080078a8                I2C_AcknowledgeConfig
 .text.I2C_OwnAddress2Config
                0x08007908       0x4c ../../../Libraries/STM32F4xx_StdPeriph_Driver/src/stm32f4xx_i2c.o
                0x08007908                I2C_OwnAddress2Config
 .text.I2C_DualAddressCmd
                0x08007954       0x5c ../../../Libraries/STM32F4xx_StdPeriph_Driver/src/stm32f4xx_i2c.o
                0x08007954                I2C_DualAddressCmd
 .text.I2C_GeneralCallCmd
                0x080079b0       0x5c ../../../Libraries/STM32F4xx_StdPeriph_Driver/src/stm32f4xx_i2c.o
                0x080079b0                I2C_GeneralCallCmd
 .text.I2C_SoftwareResetCmd
                0x08007a0c       0x58 ../../../Libraries/STM32F4xx_StdPeriph_Driver/src/stm32f4xx_i2c.o
                0x08007a0c                I2C_SoftwareResetCmd
 .text.I2C_StretchClockCmd
                0x08007a64       0x60 ../../../Libraries/STM32F4xx_StdPeriph_Driver/src/stm32f4xx_i2c.o
                0x08007a64                I2C_StretchClockCmd
 .text.I2C_FastModeDutyCycleConfig
                0x08007ac4       0x6c ../../../Libraries/STM32F4xx_StdPeriph_Driver/src/stm32f4xx_i2c.o
                0x08007ac4                I2C_FastModeDutyCycleConfig
 .text.I2C_NACKPositionConfig
                0x08007b30       0x6c ../../../Libraries/STM32F4xx_StdPeriph_Driver/src/stm32f4xx_i2c.o
                0x08007b30                I2C_NACKPositionConfig
 .text.I2C_SMBusAlertConfig
                0x08007b9c       0x74 ../../../Libraries/STM32F4xx_StdPeriph_Driver/src/stm32f4xx_i2c.o
                0x08007b9c                I2C_SMBusAlertConfig
 .text.I2C_ARPCmd
                0x08007c10       0x5c ../../../Libraries/STM32F4xx_StdPeriph_Driver/src/stm32f4xx_i2c.o
                0x08007c10                I2C_ARPCmd
 .text.I2C_SendData
                0x08007c6c       0x38 ../../../Libraries/STM32F4xx_StdPeriph_Driver/src/stm32f4xx_i2c.o
                0x08007c6c                I2C_SendData
 .text.I2C_ReceiveData
                0x08007ca4       0x44 ../../../Libraries/STM32F4xx_StdPeriph_Driver/src/stm32f4xx_i2c.o
                0x08007ca4                I2C_ReceiveData
 .text.I2C_TransmitPEC
                0x08007ce8       0x60 ../../../Libraries/STM32F4xx_StdPeriph_Driver/src/stm32f4xx_i2c.o
                0x08007ce8                I2C_TransmitPEC
 .text.I2C_PECPositionConfig
                0x08007d48       0x6c ../../../Libraries/STM32F4xx_StdPeriph_Driver/src/stm32f4xx_i2c.o
                0x08007d48                I2C_PECPositionConfig
 .text.I2C_CalculatePEC
                0x08007db4       0x5c ../../../Libraries/STM32F4xx_StdPeriph_Driver/src/stm32f4xx_i2c.o
                0x08007db4                I2C_CalculatePEC
 .text.I2C_GetPEC
                0x08007e10       0x44 ../../../Libraries/STM32F4xx_StdPeriph_Driver/src/stm32f4xx_i2c.o
                0x08007e10                I2C_GetPEC
 .text.I2C_DMACmd
                0x08007e54       0x60 ../../../Libraries/STM32F4xx_StdPeriph_Driver/src/stm32f4xx_i2c.o
                0x08007e54                I2C_DMACmd
 .text.I2C_DMALastTransferCmd
                0x08007eb4       0x60 ../../../Libraries/STM32F4xx_StdPeriph_Driver/src/stm32f4xx_i2c.o
                0x08007eb4                I2C_DMALastTransferCmd
 .text.I2C_ReadRegister
                0x08007f14       0x78 ../../../Libraries/STM32F4xx_StdPeriph_Driver/src/stm32f4xx_i2c.o
                0x08007f14                I2C_ReadRegister
 .text.I2C_ITConfig
                0x08007f8c       0x78 ../../../Libraries/STM32F4xx_StdPeriph_Driver/src/stm32f4xx_i2c.o
                0x08007f8c                I2C_ITConfig
 .text.I2C_CheckEvent
                0x08008004      0x100 ../../../Libraries/STM32F4xx_StdPeriph_Driver/src/stm32f4xx_i2c.o
                0x08008004                I2C_CheckEvent
 .text.I2C_GetLastEvent
                0x08008104       0x3c ../../../Libraries/STM32F4xx_StdPeriph_Driver/src/stm32f4xx_i2c.o
                0x08008104                I2C_GetLastEvent
 .text.I2C_GetFlagStatus
                0x08008140      0x110 ../../../Libraries/STM32F4xx_StdPeriph_Driver/src/stm32f4xx_i2c.o
                0x08008140                I2C_GetFlagStatus
 .text.I2C_ClearFlag
                0x08008250       0x54 ../../../Libraries/STM32F4xx_StdPeriph_Driver/src/stm32f4xx_i2c.o
                0x08008250                I2C_ClearFlag
 .text.I2C_GetITStatus
                0x080082a4       0xd4 ../../../Libraries/STM32F4xx_StdPeriph_Driver/src/stm32f4xx_i2c.o
                0x080082a4                I2C_GetITStatus
 .text.I2C_ClearITPendingBit
                0x08008378       0x58 ../../../Libraries/STM32F4xx_StdPeriph_Driver/src/stm32f4xx_i2c.o
                0x08008378                I2C_ClearITPendingBit
 .text.IWDG_WriteAccessCmd
                0x080083d0       0x30 ../../../Libraries/STM32F4xx_StdPeriph_Driver/src/stm32f4xx_iwdg.o
                0x080083d0                IWDG_WriteAccessCmd
 .text.IWDG_SetPrescaler
                0x08008400       0x1c ../../../Libraries/STM32F4xx_StdPeriph_Driver/src/stm32f4xx_iwdg.o
                0x08008400                IWDG_SetPrescaler
 .text.IWDG_SetReload
                0x0800841c       0x1c ../../../Libraries/STM32F4xx_StdPeriph_Driver/src/stm32f4xx_iwdg.o
                0x0800841c                IWDG_SetReload
 .text.IWDG_ReloadCounter
                0x08008438       0x10 ../../../Libraries/STM32F4xx_StdPeriph_Driver/src/stm32f4xx_iwdg.o
                0x08008438                IWDG_ReloadCounter
 .text.IWDG_Enable
                0x08008448       0x10 ../../../Libraries/STM32F4xx_StdPeriph_Driver/src/stm32f4xx_iwdg.o
                0x08008448                IWDG_Enable
 .text.IWDG_GetFlagStatus
                0x08008458       0x28 ../../../Libraries/STM32F4xx_StdPeriph_Driver/src/stm32f4xx_iwdg.o
                0x08008458                IWDG_GetFlagStatus
 .text.PWR_DeInit
                0x08008480       0x1c ../../../Libraries/STM32F4xx_StdPeriph_Driver/src/stm32f4xx_pwr.o
                0x08008480                PWR_DeInit
 .text.PWR_BackupAccessCmd
                0x0800849c       0x1c ../../../Libraries/STM32F4xx_StdPeriph_Driver/src/stm32f4xx_pwr.o
                0x0800849c                PWR_BackupAccessCmd
 .text.PWR_PVDLevelConfig
                0x080084b8       0x44 ../../../Libraries/STM32F4xx_StdPeriph_Driver/src/stm32f4xx_pwr.o
                0x080084b8                PWR_PVDLevelConfig
 .text.PWR_PVDCmd
                0x080084fc       0x1c ../../../Libraries/STM32F4xx_StdPeriph_Driver/src/stm32f4xx_pwr.o
                0x080084fc                PWR_PVDCmd
 .text.PWR_WakeUpPinCmd
                0x08008518       0x1c ../../../Libraries/STM32F4xx_StdPeriph_Driver/src/stm32f4xx_pwr.o
                0x08008518                PWR_WakeUpPinCmd
 .text.PWR_BackupRegulatorCmd
                0x08008534       0x1c ../../../Libraries/STM32F4xx_StdPeriph_Driver/src/stm32f4xx_pwr.o
                0x08008534                PWR_BackupRegulatorCmd
 .text.PWR_MainRegulatorModeConfig
                0x08008550       0x3c ../../../Libraries/STM32F4xx_StdPeriph_Driver/src/stm32f4xx_pwr.o
                0x08008550                PWR_MainRegulatorModeConfig
 .text.PWR_FlashPowerDownCmd
                0x0800858c       0x1c ../../../Libraries/STM32F4xx_StdPeriph_Driver/src/stm32f4xx_pwr.o
                0x0800858c                PWR_FlashPowerDownCmd
 .text.PWR_EnterSTOPMode
                0x080085a8       0x60 ../../../Libraries/STM32F4xx_StdPeriph_Driver/src/stm32f4xx_pwr.o
                0x080085a8                PWR_EnterSTOPMode
 .text.PWR_EnterSTANDBYMode
                0x08008608       0x28 ../../../Libraries/STM32F4xx_StdPeriph_Driver/src/stm32f4xx_pwr.o
                0x08008608                PWR_EnterSTANDBYMode
 .text.PWR_GetFlagStatus
                0x08008630       0x38 ../../../Libraries/STM32F4xx_StdPeriph_Driver/src/stm32f4xx_pwr.o
                0x08008630                PWR_GetFlagStatus
 .text.PWR_ClearFlag
                0x08008668       0x24 ../../../Libraries/STM32F4xx_StdPeriph_Driver/src/stm32f4xx_pwr.o
                0x08008668                PWR_ClearFlag
 .text.RCC_DeInit
                0x0800868c       0x34 ../../../Libraries/STM32F4xx_StdPeriph_Driver/src/stm32f4xx_rcc.o
                0x0800868c                RCC_DeInit
 .text.RCC_HSEConfig
                0x080086c0       0x34 ../../../Libraries/STM32F4xx_StdPeriph_Driver/src/stm32f4xx_rcc.o
                0x080086c0                RCC_HSEConfig
 .text.RCC_AdjustHSICalibrationValue
                0x080086f4       0x24 ../../../Libraries/STM32F4xx_StdPeriph_Driver/src/stm32f4xx_rcc.o
                0x080086f4                RCC_AdjustHSICalibrationValue
 .text.RCC_HSICmd
                0x08008718       0x1c ../../../Libraries/STM32F4xx_StdPeriph_Driver/src/stm32f4xx_rcc.o
                0x08008718                RCC_HSICmd
 .text.RCC_LSEConfig
                0x08008734       0x38 ../../../Libraries/STM32F4xx_StdPeriph_Driver/src/stm32f4xx_rcc.o
                0x08008734                RCC_LSEConfig
 .text.RCC_LSICmd
                0x0800876c       0x1c ../../../Libraries/STM32F4xx_StdPeriph_Driver/src/stm32f4xx_rcc.o
                0x0800876c                RCC_LSICmd
 .text.RCC_PLLConfig
                0x08008788       0x94 ../../../Libraries/STM32F4xx_StdPeriph_Driver/src/stm32f4xx_rcc.o
                0x08008788                RCC_PLLConfig
 .text.RCC_PLLCmd
                0x0800881c       0x1c ../../../Libraries/STM32F4xx_StdPeriph_Driver/src/stm32f4xx_rcc.o
                0x0800881c                RCC_PLLCmd
 .text.RCC_PLLI2SConfig
                0x08008838       0x34 ../../../Libraries/STM32F4xx_StdPeriph_Driver/src/stm32f4xx_rcc.o
                0x08008838                RCC_PLLI2SConfig
 .text.RCC_PLLI2SCmd
                0x0800886c       0x1c ../../../Libraries/STM32F4xx_StdPeriph_Driver/src/stm32f4xx_rcc.o
                0x0800886c                RCC_PLLI2SCmd
 .text.RCC_ClockSecuritySystemCmd
                0x08008888       0x1c ../../../Libraries/STM32F4xx_StdPeriph_Driver/src/stm32f4xx_rcc.o
                0x08008888                RCC_ClockSecuritySystemCmd
 .text.RCC_MCO1Config
                0x080088a4       0x6c ../../../Libraries/STM32F4xx_StdPeriph_Driver/src/stm32f4xx_rcc.o
                0x080088a4                RCC_MCO1Config
 .text.RCC_MCO2Config
                0x08008910       0x6c ../../../Libraries/STM32F4xx_StdPeriph_Driver/src/stm32f4xx_rcc.o
                0x08008910                RCC_MCO2Config
 .text.RCC_SYSCLKConfig
                0x0800897c       0x24 ../../../Libraries/STM32F4xx_StdPeriph_Driver/src/stm32f4xx_rcc.o
                0x0800897c                RCC_SYSCLKConfig
 .text.RCC_GetSYSCLKSource
                0x080089a0       0x10 ../../../Libraries/STM32F4xx_StdPeriph_Driver/src/stm32f4xx_rcc.o
                0x080089a0                RCC_GetSYSCLKSource
 .text.RCC_HCLKConfig
                0x080089b0       0x48 ../../../Libraries/STM32F4xx_StdPeriph_Driver/src/stm32f4xx_rcc.o
                0x080089b0                RCC_HCLKConfig
 .text.RCC_PCLK1Config
                0x080089f8       0x40 ../../../Libraries/STM32F4xx_StdPeriph_Driver/src/stm32f4xx_rcc.o
                0x080089f8                RCC_PCLK1Config
 .text.RCC_PCLK2Config
                0x08008a38       0x40 ../../../Libraries/STM32F4xx_StdPeriph_Driver/src/stm32f4xx_rcc.o
                0x08008a38                RCC_PCLK2Config
 .text.RCC_GetClocksFreq
                0x08008a78       0x94 ../../../Libraries/STM32F4xx_StdPeriph_Driver/src/stm32f4xx_rcc.o
                0x08008a78                RCC_GetClocksFreq
 .text.RCC_RTCCLKConfig
                0x08008b0c      0x180 ../../../Libraries/STM32F4xx_StdPeriph_Driver/src/stm32f4xx_rcc.o
                0x08008b0c                RCC_RTCCLKConfig
 .text.RCC_RTCCLKCmd
                0x08008c8c       0x1c ../../../Libraries/STM32F4xx_StdPeriph_Driver/src/stm32f4xx_rcc.o
                0x08008c8c                RCC_RTCCLKCmd
 .text.RCC_BackupResetCmd
                0x08008ca8       0x1c ../../../Libraries/STM32F4xx_StdPeriph_Driver/src/stm32f4xx_rcc.o
                0x08008ca8                RCC_BackupResetCmd
 .text.RCC_I2SCLKConfig
                0x08008cc4       0x1c ../../../Libraries/STM32F4xx_StdPeriph_Driver/src/stm32f4xx_rcc.o
                0x08008cc4                RCC_I2SCLKConfig
 .text.RCC_AHB1PeriphClockCmd
                0x08008ce0       0x5c ../../../Libraries/STM32F4xx_StdPeriph_Driver/src/stm32f4xx_rcc.o
                0x08008ce0                RCC_AHB1PeriphClockCmd
 .text.RCC_AHB2PeriphClockCmd
                0x08008d3c       0x54 ../../../Libraries/STM32F4xx_StdPeriph_Driver/src/stm32f4xx_rcc.o
                0x08008d3c                RCC_AHB2PeriphClockCmd
 .text.RCC_AHB3PeriphClockCmd
                0x08008d90       0x54 ../../../Libraries/STM32F4xx_StdPeriph_Driver/src/stm32f4xx_rcc.o
                0x08008d90                RCC_AHB3PeriphClockCmd
 .text.RCC_APB1PeriphClockCmd
                0x08008de4       0x5c ../../../Libraries/STM32F4xx_StdPeriph_Driver/src/stm32f4xx_rcc.o
                0x08008de4                RCC_APB1PeriphClockCmd
 .text.RCC_APB2PeriphClockCmd
                0x08008e40       0x5c ../../../Libraries/STM32F4xx_StdPeriph_Driver/src/stm32f4xx_rcc.o
                0x08008e40                RCC_APB2PeriphClockCmd
 .text.RCC_AHB1PeriphResetCmd
                0x08008e9c       0x5c ../../../Libraries/STM32F4xx_StdPeriph_Driver/src/stm32f4xx_rcc.o
                0x08008e9c                RCC_AHB1PeriphResetCmd
 .text.RCC_AHB2PeriphResetCmd
                0x08008ef8       0x54 ../../../Libraries/STM32F4xx_StdPeriph_Driver/src/stm32f4xx_rcc.o
                0x08008ef8                RCC_AHB2PeriphResetCmd
 .text.RCC_AHB3PeriphResetCmd
                0x08008f4c       0x54 ../../../Libraries/STM32F4xx_StdPeriph_Driver/src/stm32f4xx_rcc.o
                0x08008f4c                RCC_AHB3PeriphResetCmd
 .text.RCC_APB1PeriphResetCmd
                0x08008fa0       0x5c ../../../Libraries/STM32F4xx_StdPeriph_Driver/src/stm32f4xx_rcc.o
                0x08008fa0                RCC_APB1PeriphResetCmd
 .text.RCC_APB2PeriphResetCmd
                0x08008ffc       0x5c ../../../Libraries/STM32F4xx_StdPeriph_Driver/src/stm32f4xx_rcc.o
                0x08008ffc                RCC_APB2PeriphResetCmd
 .text.RCC_AHB1PeriphClockLPModeCmd
                0x08009058       0x5c ../../../Libraries/STM32F4xx_StdPeriph_Driver/src/stm32f4xx_rcc.o
                0x08009058                RCC_AHB1PeriphClockLPModeCmd
 .text.RCC_AHB2PeriphClockLPModeCmd
                0x080090b4       0x54 ../../../Libraries/STM32F4xx_StdPeriph_Driver/src/stm32f4xx_rcc.o
                0x080090b4                RCC_AHB2PeriphClockLPModeCmd
 .text.RCC_AHB3PeriphClockLPModeCmd
                0x08009108       0x54 ../../../Libraries/STM32F4xx_StdPeriph_Driver/src/stm32f4xx_rcc.o
                0x08009108                RCC_AHB3PeriphClockLPModeCmd
 .text.RCC_APB1PeriphClockLPModeCmd
                0x0800915c       0x5c ../../../Libraries/STM32F4xx_StdPeriph_Driver/src/stm32f4xx_rcc.o
                0x0800915c                RCC_APB1PeriphClockLPModeCmd
 .text.RCC_APB2PeriphClockLPModeCmd
                0x080091b8       0x5c ../../../Libraries/STM32F4xx_StdPeriph_Driver/src/stm32f4xx_rcc.o
                0x080091b8                RCC_APB2PeriphClockLPModeCmd
 .text.RCC_ITConfig
                0x08009214       0x54 ../../../Libraries/STM32F4xx_StdPeriph_Driver/src/stm32f4xx_rcc.o
                0x08009214                RCC_ITConfig
 .text.RCC_GetFlagStatus
                0x08009268       0x84 ../../../Libraries/STM32F4xx_StdPeriph_Driver/src/stm32f4xx_rcc.o
                0x08009268                RCC_GetFlagStatus
 .text.RCC_WaitForHSEStartUp
                0x080092ec       0x30 ../../../Libraries/STM32F4xx_StdPeriph_Driver/src/stm32f4xx_rcc.o
                0x080092ec                RCC_WaitForHSEStartUp
 .text.RCC_ClearFlag
                0x0800931c       0x10 ../../../Libraries/STM32F4xx_StdPeriph_Driver/src/stm32f4xx_rcc.o
                0x0800931c                RCC_ClearFlag
 .text.RCC_GetITStatus
                0x0800932c       0x44 ../../../Libraries/STM32F4xx_StdPeriph_Driver/src/stm32f4xx_rcc.o
                0x0800932c                RCC_GetITStatus
 .text.RCC_ClearITPendingBit
                0x08009370       0x2c ../../../Libraries/STM32F4xx_StdPeriph_Driver/src/stm32f4xx_rcc.o
                0x08009370                RCC_ClearITPendingBit
 .text.RNG_DeInit
                0x0800939c       0x18 ../../../Libraries/STM32F4xx_StdPeriph_Driver/src/stm32f4xx_rng.o
                0x0800939c                RNG_DeInit
 .text.RNG_Cmd  0x080093b4       0x30 ../../../Libraries/STM32F4xx_StdPeriph_Driver/src/stm32f4xx_rng.o
                0x080093b4                RNG_Cmd
 .text.RNG_GetRandomNumber
                0x080093e4        0xc ../../../Libraries/STM32F4xx_StdPeriph_Driver/src/stm32f4xx_rng.o
                0x080093e4                RNG_GetRandomNumber
 .text.RNG_ITConfig
                0x080093f0       0x30 ../../../Libraries/STM32F4xx_StdPeriph_Driver/src/stm32f4xx_rng.o
                0x080093f0                RNG_ITConfig
 .text.RNG_GetFlagStatus
                0x08009420       0x30 ../../../Libraries/STM32F4xx_StdPeriph_Driver/src/stm32f4xx_rng.o
                0x08009420                RNG_GetFlagStatus
 .text.RNG_ClearFlag
                0x08009450       0x34 ../../../Libraries/STM32F4xx_StdPeriph_Driver/src/stm32f4xx_rng.o
                0x08009450                RNG_ClearFlag
 .text.RNG_GetITStatus
                0x08009484       0x2c ../../../Libraries/STM32F4xx_StdPeriph_Driver/src/stm32f4xx_rng.o
                0x08009484                RNG_GetITStatus
 .text.RNG_ClearITPendingBit
                0x080094b0       0x34 ../../../Libraries/STM32F4xx_StdPeriph_Driver/src/stm32f4xx_rng.o
                0x080094b0                RNG_ClearITPendingBit
 .text.RTC_StructInit
                0x080094e4       0x10 ../../../Libraries/STM32F4xx_StdPeriph_Driver/src/stm32f4xx_rtc.o
                0x080094e4                RTC_StructInit
 .text.RTC_WriteProtectionCmd
                0x080094f4       0x2c ../../../Libraries/STM32F4xx_StdPeriph_Driver/src/stm32f4xx_rtc.o
                0x080094f4                RTC_WriteProtectionCmd
 .text.RTC_EnterInitMode
                0x08009520       0x44 ../../../Libraries/STM32F4xx_StdPeriph_Driver/src/stm32f4xx_rtc.o
                0x08009520                RTC_EnterInitMode
 .text.RTC_Init
                0x08009564       0x80 ../../../Libraries/STM32F4xx_StdPeriph_Driver/src/stm32f4xx_rtc.o
                0x08009564                RTC_Init
 .text.RTC_ExitInitMode
                0x080095e4       0x10 ../../../Libraries/STM32F4xx_StdPeriph_Driver/src/stm32f4xx_rtc.o
                0x080095e4                RTC_ExitInitMode
 .text.RTC_WaitForSynchro
                0x080095f4       0x44 ../../../Libraries/STM32F4xx_StdPeriph_Driver/src/stm32f4xx_rtc.o
                0x080095f4                RTC_WaitForSynchro
 .text.RTC_DeInit
                0x08009638       0x84 ../../../Libraries/STM32F4xx_StdPeriph_Driver/src/stm32f4xx_rtc.o
                0x08009638                RTC_DeInit
 .text.RTC_RefClockCmd
                0x080096bc       0x4c ../../../Libraries/STM32F4xx_StdPeriph_Driver/src/stm32f4xx_rtc.o
                0x080096bc                RTC_RefClockCmd
 .text.RTC_BypassShadowCmd
                0x08009708       0x40 ../../../Libraries/STM32F4xx_StdPeriph_Driver/src/stm32f4xx_rtc.o
                0x08009708                RTC_BypassShadowCmd
 .text.RTC_SetTime
                0x08009748      0x250 ../../../Libraries/STM32F4xx_StdPeriph_Driver/src/stm32f4xx_rtc.o
                0x08009748                RTC_SetTime
 .text.RTC_TimeStructInit
                0x08009998        0xc ../../../Libraries/STM32F4xx_StdPeriph_Driver/src/stm32f4xx_rtc.o
                0x08009998                RTC_TimeStructInit
 .text.RTC_GetTime
                0x080099a4       0x68 ../../../Libraries/STM32F4xx_StdPeriph_Driver/src/stm32f4xx_rtc.o
                0x080099a4                RTC_GetTime
 .text.RTC_GetSubSecond
                0x08009a0c        0xc ../../../Libraries/STM32F4xx_StdPeriph_Driver/src/stm32f4xx_rtc.o
                0x08009a0c                RTC_GetSubSecond
 .text.RTC_SetDate
                0x08009a18      0x234 ../../../Libraries/STM32F4xx_StdPeriph_Driver/src/stm32f4xx_rtc.o
                0x08009a18                RTC_SetDate
 .text.RTC_DateStructInit
                0x08009c4c       0x10 ../../../Libraries/STM32F4xx_StdPeriph_Driver/src/stm32f4xx_rtc.o
                0x08009c4c                RTC_DateStructInit
 .text.RTC_GetDate
                0x08009c5c       0x68 ../../../Libraries/STM32F4xx_StdPeriph_Driver/src/stm32f4xx_rtc.o
                0x08009c5c                RTC_GetDate
 .text.RTC_SetAlarm
                0x08009cc4      0x36c ../../../Libraries/STM32F4xx_StdPeriph_Driver/src/stm32f4xx_rtc.o
                0x08009cc4                RTC_SetAlarm
 .text.RTC_AlarmStructInit
                0x0800a030       0x14 ../../../Libraries/STM32F4xx_StdPeriph_Driver/src/stm32f4xx_rtc.o
                0x0800a030                RTC_AlarmStructInit
 .text.RTC_GetAlarm
                0x0800a044       0xb8 ../../../Libraries/STM32F4xx_StdPeriph_Driver/src/stm32f4xx_rtc.o
                0x0800a044                RTC_GetAlarm
 .text.RTC_AlarmCmd
                0x0800a0fc       0x78 ../../../Libraries/STM32F4xx_StdPeriph_Driver/src/stm32f4xx_rtc.o
                0x0800a0fc                RTC_AlarmCmd
 .text.RTC_AlarmSubSecondConfig
                0x0800a174       0xbc ../../../Libraries/STM32F4xx_StdPeriph_Driver/src/stm32f4xx_rtc.o
                0x0800a174                RTC_AlarmSubSecondConfig
 .text.RTC_GetAlarmSubSecond
                0x0800a230       0x20 ../../../Libraries/STM32F4xx_StdPeriph_Driver/src/stm32f4xx_rtc.o
                0x0800a230                RTC_GetAlarmSubSecond
 .text.RTC_WakeUpClockConfig
                0x0800a250       0x3c ../../../Libraries/STM32F4xx_StdPeriph_Driver/src/stm32f4xx_rtc.o
                0x0800a250                RTC_WakeUpClockConfig
 .text.RTC_SetWakeUpCounter
                0x0800a28c       0x28 ../../../Libraries/STM32F4xx_StdPeriph_Driver/src/stm32f4xx_rtc.o
                0x0800a28c                RTC_SetWakeUpCounter
 .text.RTC_GetWakeUpCounter
                0x0800a2b4        0xc ../../../Libraries/STM32F4xx_StdPeriph_Driver/src/stm32f4xx_rtc.o
                0x0800a2b4                RTC_GetWakeUpCounter
 .text.RTC_WakeUpCmd
                0x0800a2c0       0x64 ../../../Libraries/STM32F4xx_StdPeriph_Driver/src/stm32f4xx_rtc.o
                0x0800a2c0                RTC_WakeUpCmd
 .text.RTC_DayLightSavingConfig
                0x0800a324       0x5c ../../../Libraries/STM32F4xx_StdPeriph_Driver/src/stm32f4xx_rtc.o
                0x0800a324                RTC_DayLightSavingConfig
 .text.RTC_GetStoreOperation
                0x0800a380       0x10 ../../../Libraries/STM32F4xx_StdPeriph_Driver/src/stm32f4xx_rtc.o
                0x0800a380                RTC_GetStoreOperation
 .text.RTC_OutputConfig
                0x0800a390       0x68 ../../../Libraries/STM32F4xx_StdPeriph_Driver/src/stm32f4xx_rtc.o
                0x0800a390                RTC_OutputConfig
 .text.RTC_CoarseCalibConfig
                0x0800a3f8       0x54 ../../../Libraries/STM32F4xx_StdPeriph_Driver/src/stm32f4xx_rtc.o
                0x0800a3f8                RTC_CoarseCalibConfig
 .text.RTC_CoarseCalibCmd
                0x0800a44c       0x4c ../../../Libraries/STM32F4xx_StdPeriph_Driver/src/stm32f4xx_rtc.o
                0x0800a44c                RTC_CoarseCalibCmd
 .text.RTC_CalibOutputCmd
                0x0800a498       0x40 ../../../Libraries/STM32F4xx_StdPeriph_Driver/src/stm32f4xx_rtc.o
                0x0800a498                RTC_CalibOutputCmd
 .text.RTC_CalibOutputConfig
                0x0800a4d8       0x3c ../../../Libraries/STM32F4xx_StdPeriph_Driver/src/stm32f4xx_rtc.o
                0x0800a4d8                RTC_CalibOutputConfig
 .text.RTC_SmoothCalibConfig
                0x0800a514       0xb4 ../../../Libraries/STM32F4xx_StdPeriph_Driver/src/stm32f4xx_rtc.o
                0x0800a514                RTC_SmoothCalibConfig
 .text.RTC_TimeStampCmd
                0x0800a5c8       0x58 ../../../Libraries/STM32F4xx_StdPeriph_Driver/src/stm32f4xx_rtc.o
                0x0800a5c8                RTC_TimeStampCmd
 .text.RTC_GetTimeStamp
                0x0800a620       0xd0 ../../../Libraries/STM32F4xx_StdPeriph_Driver/src/stm32f4xx_rtc.o
                0x0800a620                RTC_GetTimeStamp
 .text.RTC_GetTimeStampSubSecond
                0x0800a6f0        0xc ../../../Libraries/STM32F4xx_StdPeriph_Driver/src/stm32f4xx_rtc.o
                0x0800a6f0                RTC_GetTimeStampSubSecond
 .text.RTC_TamperTriggerConfig
                0x0800a6fc       0x40 ../../../Libraries/STM32F4xx_StdPeriph_Driver/src/stm32f4xx_rtc.o
                0x0800a6fc                RTC_TamperTriggerConfig
 .text.RTC_TamperCmd
                0x0800a73c       0x3c ../../../Libraries/STM32F4xx_StdPeriph_Driver/src/stm32f4xx_rtc.o
                0x0800a73c                RTC_TamperCmd
 .text.RTC_TamperFilterConfig
                0x0800a778       0x3c ../../../Libraries/STM32F4xx_StdPeriph_Driver/src/stm32f4xx_rtc.o
                0x0800a778                RTC_TamperFilterConfig
 .text.RTC_TamperSamplingFreqConfig
                0x0800a7b4       0x54 ../../../Libraries/STM32F4xx_StdPeriph_Driver/src/stm32f4xx_rtc.o
[...]
 .debug_pubtypes
                0x00000f70       0x77 ../../../Libraries/STM32F4xx_StdPeriph_Driver/src/stm32f4xx_rng.o
 .debug_pubtypes
                0x00000fe7       0xd8 ../../../Libraries/STM32F4xx_StdPeriph_Driver/src/stm32f4xx_rtc.o
 .debug_pubtypes
                0x000010bf       0xbe ../../../Libraries/STM32F4xx_StdPeriph_Driver/src/stm32f4xx_sdio.o
 .debug_pubtypes
                0x0000117d       0xbc ../../../Libraries/STM32F4xx_StdPeriph_Driver/src/stm32f4xx_spi.o
 .debug_pubtypes
                0x00001239       0x6d ../../../Libraries/STM32F4xx_StdPeriph_Driver/src/stm32f4xx_syscfg.o
 .debug_pubtypes
                0x000012a6       0xe4 ../../../Libraries/STM32F4xx_StdPeriph_Driver/src/stm32f4xx_tim.o
 .debug_pubtypes
                0x0000138a       0xcd ../../../Libraries/STM32F4xx_StdPeriph_Driver/src/stm32f4xx_usart.o
 .debug_pubtypes
                0x00001457       0x57 ../../../Libraries/STM32F4xx_StdPeriph_Driver/src/stm32f4xx_wwdg.o

.debug_aranges  0x00000000     0x1550
 .debug_aranges
                0x00000000       0x40 ../../../Libraries/STM32F4xx_StdPeriph_Driver/src/misc.o
 .debug_aranges
                0x00000040      0x148 ../../../Libraries/STM32F4xx_StdPeriph_Driver/src/stm32f4xx_adc.o
 .debug_aranges
                0x00000188       0xd8 ../../../Libraries/STM32F4xx_StdPeriph_Driver/src/stm32f4xx_can.o
 .debug_aranges
                0x00000260       0x48 ../../../Libraries/STM32F4xx_StdPeriph_Driver/src/stm32f4xx_crc.o
 .debug_aranges
                0x000002a8       0x30 ../../../Libraries/STM32F4xx_StdPeriph_Driver/src/stm32f4xx_cryp_aes.o
 .debug_aranges
                0x000002d8       0xa0 ../../../Libraries/STM32F4xx_StdPeriph_Driver/src/stm32f4xx_cryp.o
 .debug_aranges
                0x00000378       0x28 ../../../Libraries/STM32F4xx_StdPeriph_Driver/src/stm32f4xx_cryp_des.o
 .debug_aranges
                0x000003a0       0x28 ../../../Libraries/STM32F4xx_StdPeriph_Driver/src/stm32f4xx_cryp_tdes.o
 .debug_aranges
                0x000003c8       0xa0 ../../../Libraries/STM32F4xx_StdPeriph_Driver/src/stm32f4xx_dac.o
 .debug_aranges
                0x00000468       0x40 ../../../Libraries/STM32F4xx_StdPeriph_Driver/src/stm32f4xx_dbgmcu.o
 .debug_aranges
                0x000004a8       0x90 ../../../Libraries/STM32F4xx_StdPeriph_Driver/src/stm32f4xx_dcmi.o
 .debug_aranges
                0x00000538       0xb0 ../../../Libraries/STM32F4xx_StdPeriph_Driver/src/stm32f4xx_dma.o
 .debug_aranges
                0x000005e8       0x58 ../../../Libraries/STM32F4xx_StdPeriph_Driver/src/stm32f4xx_exti.o
 .debug_aranges
                0x00000640      0x108 ../../../Libraries/STM32F4xx_StdPeriph_Driver/src/stm32f4xx_flash.o
 .debug_aranges
                0x00000748       0xb0 ../../../Libraries/STM32F4xx_StdPeriph_Driver/src/stm32f4xx_fsmc.o
 .debug_aranges
                0x000007f8       0x88 ../../../Libraries/STM32F4xx_StdPeriph_Driver/src/stm32f4xx_gpio.o
 .debug_aranges
                0x00000880       0xa0 ../../../Libraries/STM32F4xx_StdPeriph_Driver/src/stm32f4xx_hash.o
 .debug_aranges
                0x00000920       0x28 ../../../Libraries/STM32F4xx_StdPeriph_Driver/src/stm32f4xx_hash_md5.o
 .debug_aranges
                0x00000948       0x28 ../../../Libraries/STM32F4xx_StdPeriph_Driver/src/stm32f4xx_hash_sha1.o
 .debug_aranges
                0x00000970      0x120 ../../../Libraries/STM32F4xx_StdPeriph_Driver/src/stm32f4xx_i2c.o
 .debug_aranges
                0x00000a90       0x48 ../../../Libraries/STM32F4xx_StdPeriph_Driver/src/stm32f4xx_iwdg.o
 .debug_aranges
                0x00000ad8       0x78 ../../../Libraries/STM32F4xx_StdPeriph_Driver/src/stm32f4xx_pwr.o
 .debug_aranges
                0x00000b50      0x178 ../../../Libraries/STM32F4xx_StdPeriph_Driver/src/stm32f4xx_rcc.o
 .debug_aranges
                0x00000cc8       0x58 ../../../Libraries/STM32F4xx_StdPeriph_Driver/src/stm32f4xx_rng.o
 .debug_aranges
                0x00000d20      0x1d0 ../../../Libraries/STM32F4xx_StdPeriph_Driver/src/stm32f4xx_rtc.o
 .debug_aranges
                0x00000ef0      0x108 ../../../Libraries/STM32F4xx_StdPeriph_Driver/src/stm32f4xx_sdio.o
 .debug_aranges
                0x00000ff8       0xe0 ../../../Libraries/STM32F4xx_StdPeriph_Driver/src/stm32f4xx_spi.o
 .debug_aranges
                0x000010d8       0x48 ../../../Libraries/STM32F4xx_StdPeriph_Driver/src/stm32f4xx_syscfg.o
 .debug_aranges
                0x00001120      0x2d8 ../../../Libraries/STM32F4xx_StdPeriph_Driver/src/stm32f4xx_tim.o
 .debug_aranges
                0x000013f8      0x100 ../../../Libraries/STM32F4xx_StdPeriph_Driver/src/stm32f4xx_usart.o
 .debug_aranges
                0x000014f8       0x58 ../../../Libraries/STM32F4xx_StdPeriph_Driver/src/stm32f4xx_wwdg.o

.debug_ranges   0x00000000     0x2110
 .debug_ranges  0x00000000       0x30 ../../../Libraries/STM32F4xx_StdPeriph_Driver/src/misc.o
 .debug_ranges  0x00000030      0x138 ../../../Libraries/STM32F4xx_StdPeriph_Driver/src/stm32f4xx_adc.o
 .debug_ranges  0x00000168       0xc8 ../../../Libraries/STM32F4xx_StdPeriph_Driver/src/stm32f4xx_can.o
 .debug_ranges  0x00000230       0x38 ../../../Libraries/STM32F4xx_StdPeriph_Driver/src/stm32f4xx_crc.o
 .debug_ranges  0x00000268      0x320 ../../../Libraries/STM32F4xx_StdPeriph_Driver/src/stm32f4xx_cryp_aes.o
 .debug_ranges  0x00000588       0x90 ../../../Libraries/STM32F4xx_StdPeriph_Driver/src/stm32f4xx_cryp.o
 .debug_ranges  0x00000618       0x18 ../../../Libraries/STM32F4xx_StdPeriph_Driver/src/stm32f4xx_cryp_des.o
 .debug_ranges  0x00000630       0xa8 ../../../Libraries/STM32F4xx_StdPeriph_Driver/src/stm32f4xx_cryp_tdes.o
 .debug_ranges  0x000006d8       0x90 ../../../Libraries/STM32F4xx_StdPeriph_Driver/src/stm32f4xx_dac.o
 .debug_ranges  0x00000768       0x30 ../../../Libraries/STM32F4xx_StdPeriph_Driver/src/stm32f4xx_dbgmcu.o
 .debug_ranges  0x00000798       0x80 ../../../Libraries/STM32F4xx_StdPeriph_Driver/src/stm32f4xx_dcmi.o
 .debug_ranges  0x00000818       0xa0 ../../../Libraries/STM32F4xx_StdPeriph_Driver/src/stm32f4xx_dma.o
 .debug_ranges  0x000008b8       0x48 ../../../Libraries/STM32F4xx_StdPeriph_Driver/src/stm32f4xx_exti.o
 .debug_ranges  0x00000900       0xf8 ../../../Libraries/STM32F4xx_StdPeriph_Driver/src/stm32f4xx_flash.o
 .debug_ranges  0x000009f8       0xa0 ../../../Libraries/STM32F4xx_StdPeriph_Driver/src/stm32f4xx_fsmc.o
 .debug_ranges  0x00000a98       0x78 ../../../Libraries/STM32F4xx_StdPeriph_Driver/src/stm32f4xx_gpio.o
 .debug_ranges  0x00000b10       0x90 ../../../Libraries/STM32F4xx_StdPeriph_Driver/src/stm32f4xx_hash.o
 .debug_ranges  0x00000ba0       0xd8 ../../../Libraries/STM32F4xx_StdPeriph_Driver/src/stm32f4xx_hash_md5.o
 .debug_ranges  0x00000c78      0x138 ../../../Libraries/STM32F4xx_StdPeriph_Driver/src/stm32f4xx_hash_sha1.o
 .debug_ranges  0x00000db0      0x110 ../../../Libraries/STM32F4xx_StdPeriph_Driver/src/stm32f4xx_i2c.o
 .debug_ranges  0x00000ec0       0x38 ../../../Libraries/STM32F4xx_StdPeriph_Driver/src/stm32f4xx_iwdg.o
 .debug_ranges  0x00000ef8       0x68 ../../../Libraries/STM32F4xx_StdPeriph_Driver/src/stm32f4xx_pwr.o
 .debug_ranges  0x00000f60      0x168 ../../../Libraries/STM32F4xx_StdPeriph_Driver/src/stm32f4xx_rcc.o
 .debug_ranges  0x000010c8       0x48 ../../../Libraries/STM32F4xx_StdPeriph_Driver/src/stm32f4xx_rng.o
 .debug_ranges  0x00001110      0x800 ../../../Libraries/STM32F4xx_StdPeriph_Driver/src/stm32f4xx_rtc.o
 .debug_ranges  0x00001910       0xf8 ../../../Libraries/STM32F4xx_StdPeriph_Driver/src/stm32f4xx_sdio.o
 .debug_ranges  0x00001a08       0xd0 ../../../Libraries/STM32F4xx_StdPeriph_Driver/src/stm32f4xx_spi.o
 .debug_ranges  0x00001ad8       0x38 ../../../Libraries/STM32F4xx_StdPeriph_Driver/src/stm32f4xx_syscfg.o
 .debug_ranges  0x00001b10      0x4c8 ../../../Libraries/STM32F4xx_StdPeriph_Driver/src/stm32f4xx_tim.o
 .debug_ranges  0x00001fd8       0xf0 ../../../Libraries/STM32F4xx_StdPeriph_Driver/src/stm32f4xx_usart.o
 .debug_ranges  0x000020c8       0x48 ../../../Libraries/STM32F4xx_StdPeriph_Driver/src/stm32f4xx_wwdg.o

.debug_str      0x00000000     0x61bd
 .debug_str     0x00000000      0x379 ../../../Libraries/STM32F4xx_StdPeriph_Driver/src/misc.o
                                0x3c1 (size before relaxing)
 .debug_str     0x00000379      0x643 ../../../Libraries/STM32F4xx_StdPeriph_Driver/src/stm32f4xx_adc.o
                                0x7ec (size before relaxing)
 .debug_str     0x000009bc      0x52d ../../../Libraries/STM32F4xx_StdPeriph_Driver/src/stm32f4xx_can.o
                                0x726 (size before relaxing)
 .debug_str     0x00000ee9       0xc9 ../../../Libraries/STM32F4xx_StdPeriph_Driver/src/stm32f4xx_crc.o
                                0x226 (size before relaxing)
 .debug_str     0x00000fb2      0x24e ../../../Libraries/STM32F4xx_StdPeriph_Driver/src/stm32f4xx_cryp_aes.o
                                0x3c2 (size before relaxing)
 .debug_str     0x00001200      0x282 ../../../Libraries/STM32F4xx_StdPeriph_Driver/src/stm32f4xx_cryp.o
                                0x5a5 (size before relaxing)
 .debug_str     0x00001482       0x61 ../../../Libraries/STM32F4xx_StdPeriph_Driver/src/stm32f4xx_cryp_des.o
                                0x3ad (size before relaxing)
 .debug_str     0x000014e3       0xb1 ../../../Libraries/STM32F4xx_StdPeriph_Driver/src/stm32f4xx_cryp_tdes.o
                                0x3b3 (size before relaxing)
 .debug_str     0x00001594      0x277 ../../../Libraries/STM32F4xx_StdPeriph_Driver/src/stm32f4xx_dac.o
                                0x43b (size before relaxing)
 .debug_str     0x0000180b       0xd5 ../../../Libraries/STM32F4xx_StdPeriph_Driver/src/stm32f4xx_dbgmcu.o
                                0x23d (size before relaxing)
 .debug_str     0x000018e0      0x309 ../../../Libraries/STM32F4xx_StdPeriph_Driver/src/stm32f4xx_dcmi.o
                                0x4c1 (size before relaxing)
 .debug_str     0x00001be9      0x37d ../../../Libraries/STM32F4xx_StdPeriph_Driver/src/stm32f4xx_dma.o
                                0x534 (size before relaxing)
 .debug_str     0x00001f66      0x1c6 ../../../Libraries/STM32F4xx_StdPeriph_Driver/src/stm32f4xx_exti.o
                                0x35f (size before relaxing)
 .debug_str     0x0000212c      0x3c2 ../../../Libraries/STM32F4xx_StdPeriph_Driver/src/stm32f4xx_flash.o
                                0x56f (size before relaxing)
 .debug_str     0x000024ee      0x5d4 ../../../Libraries/STM32F4xx_StdPeriph_Driver/src/stm32f4xx_fsmc.o
                                0x77c (size before relaxing)
 .debug_str     0x00002ac2      0x316 ../../../Libraries/STM32F4xx_StdPeriph_Driver/src/stm32f4xx_gpio.o
                                0x48b (size before relaxing)
 .debug_str     0x00002dd8      0x269 ../../../Libraries/STM32F4xx_StdPeriph_Driver/src/stm32f4xx_hash.o
                                0x41a (size before relaxing)
 .debug_str     0x00003041       0xad ../../../Libraries/STM32F4xx_StdPeriph_Driver/src/stm32f4xx_hash_md5.o
                                0x2cd (size before relaxing)
 .debug_str     0x000030ee       0x87 ../../../Libraries/STM32F4xx_StdPeriph_Driver/src/stm32f4xx_hash_sha1.o
                                0x2d2 (size before relaxing)
 .debug_str     0x00003175      0x42b ../../../Libraries/STM32F4xx_StdPeriph_Driver/src/stm32f4xx_i2c.o
                                0x64d (size before relaxing)
 .debug_str     0x000035a0       0xe1 ../../../Libraries/STM32F4xx_StdPeriph_Driver/src/stm32f4xx_iwdg.o
                                0x254 (size before relaxing)
 .debug_str     0x00003681      0x180 ../../../Libraries/STM32F4xx_StdPeriph_Driver/src/stm32f4xx_pwr.o
                                0x379 (size before relaxing)
 .debug_str     0x00003801      0x5c2 ../../../Libraries/STM32F4xx_StdPeriph_Driver/src/stm32f4xx_rcc.o
                                0x838 (size before relaxing)
 .debug_str     0x00003dc3       0xd8 ../../../Libraries/STM32F4xx_StdPeriph_Driver/src/stm32f4xx_rng.o
                                0x26c (size before relaxing)
 .debug_str     0x00003e9b      0x95d ../../../Libraries/STM32F4xx_StdPeriph_Driver/src/stm32f4xx_rtc.o
                                0xb3b (size before relaxing)
 .debug_str     0x000047f8      0x47f ../../../Libraries/STM32F4xx_StdPeriph_Driver/src/stm32f4xx_sdio.o
                                0x633 (size before relaxing)
 .debug_str     0x00004c77      0x392 ../../../Libraries/STM32F4xx_StdPeriph_Driver/src/stm32f4xx_spi.o
                                0x672 (size before relaxing)
 .debug_str     0x00005009      0x153 ../../../Libraries/STM32F4xx_StdPeriph_Driver/src/stm32f4xx_syscfg.o
                                0x2e7 (size before relaxing)
 .debug_str     0x0000515c      0xb5b ../../../Libraries/STM32F4xx_StdPeriph_Driver/src/stm32f4xx_tim.o
                                0xdb8 (size before relaxing)
 .debug_str     0x00005cb7      0x429 ../../../Libraries/STM32F4xx_StdPeriph_Driver/src/stm32f4xx_usart.o
                                0x677 (size before relaxing)
 .debug_str     0x000060e0       0xdd ../../../Libraries/STM32F4xx_StdPeriph_Driver/src/stm32f4xx_wwdg.o
                                0x26a (size before relaxing)

.comment        0x00000000       0x2a
 .comment       0x00000000       0x2a ../../../Libraries/STM32F4xx_StdPeriph_Driver/src/misc.o
                                 0x2b (size before relaxing)
 .comment       0x00000000       0x2b ../../../Libraries/STM32F4xx_StdPeriph_Driver/src/stm32f4xx_adc.o
 .comment       0x00000000       0x2b ../../../Libraries/STM32F4xx_StdPeriph_Driver/src/stm32f4xx_can.o
 .comment       0x00000000       0x2b ../../../Libraries/STM32F4xx_StdPeriph_Driver/src/stm32f4xx_crc.o
 .comment       0x00000000       0x2b ../../../Libraries/STM32F4xx_StdPeriph_Driver/src/stm32f4xx_cryp_aes.o
 .comment       0x00000000       0x2b ../../../Libraries/STM32F4xx_StdPeriph_Driver/src/stm32f4xx_cryp.o
 .comment       0x00000000       0x2b ../../../Libraries/STM32F4xx_StdPeriph_Driver/src/stm32f4xx_cryp_des.o
 .comment       0x00000000       0x2b ../../../Libraries/STM32F4xx_StdPeriph_Driver/src/stm32f4xx_cryp_tdes.o
 .comment       0x00000000       0x2b ../../../Libraries/STM32F4xx_StdPeriph_Driver/src/stm32f4xx_dac.o
 .comment       0x00000000       0x2b ../../../Libraries/STM32F4xx_StdPeriph_Driver/src/stm32f4xx_dbgmcu.o
 .comment       0x00000000       0x2b ../../../Libraries/STM32F4xx_StdPeriph_Driver/src/stm32f4xx_dcmi.o
 .comment       0x00000000       0x2b ../../../Libraries/STM32F4xx_StdPeriph_Driver/src/stm32f4xx_dma.o
 .comment       0x00000000       0x2b ../../../Libraries/STM32F4xx_StdPeriph_Driver/src/stm32f4xx_exti.o
 .comment       0x00000000       0x2b ../../../Libraries/STM32F4xx_StdPeriph_Driver/src/stm32f4xx_flash.o
 .comment       0x00000000       0x2b ../../../Libraries/STM32F4xx_StdPeriph_Driver/src/stm32f4xx_fsmc.o
 .comment       0x00000000       0x2b ../../../Libraries/STM32F4xx_StdPeriph_Driver/src/stm32f4xx_gpio.o
 .comment       0x00000000       0x2b ../../../Libraries/STM32F4xx_StdPeriph_Driver/src/stm32f4xx_hash.o
 .comment       0x00000000       0x2b ../../../Libraries/STM32F4xx_StdPeriph_Driver/src/stm32f4xx_hash_md5.o
 .comment       0x00000000       0x2b ../../../Libraries/STM32F4xx_StdPeriph_Driver/src/stm32f4xx_hash_sha1.o
 .comment       0x00000000       0x2b ../../../Libraries/STM32F4xx_StdPeriph_Driver/src/stm32f4xx_i2c.o
 .comment       0x00000000       0x2b ../../../Libraries/STM32F4xx_StdPeriph_Driver/src/stm32f4xx_iwdg.o
 .comment       0x00000000       0x2b ../../../Libraries/STM32F4xx_StdPeriph_Driver/src/stm32f4xx_pwr.o
 .comment       0x00000000       0x2b ../../../Libraries/STM32F4xx_StdPeriph_Driver/src/stm32f4xx_rcc.o
 .comment       0x00000000       0x2b ../../../Libraries/STM32F4xx_StdPeriph_Driver/src/stm32f4xx_rng.o
 .comment       0x00000000       0x2b ../../../Libraries/STM32F4xx_StdPeriph_Driver/src/stm32f4xx_rtc.o
 .comment       0x00000000       0x2b ../../../Libraries/STM32F4xx_StdPeriph_Driver/src/stm32f4xx_sdio.o
 .comment       0x00000000       0x2b ../../../Libraries/STM32F4xx_StdPeriph_Driver/src/stm32f4xx_spi.o
 .comment       0x00000000       0x2b ../../../Libraries/STM32F4xx_StdPeriph_Driver/src/stm32f4xx_syscfg.o
 .comment       0x00000000       0x2b ../../../Libraries/STM32F4xx_StdPeriph_Driver/src/stm32f4xx_tim.o
 .comment       0x00000000       0x2b ../../../Libraries/STM32F4xx_StdPeriph_Driver/src/stm32f4xx_usart.o
 .comment       0x00000000       0x2b ../../../Libraries/STM32F4xx_StdPeriph_Driver/src/stm32f4xx_wwdg.o

.debug_frame    0x00000000     0x3d18
 .debug_frame   0x00000000       0x94 ../../../Libraries/STM32F4xx_StdPeriph_Driver/src/misc.o
 .debug_frame   0x00000094      0x40c ../../../Libraries/STM32F4xx_StdPeriph_Driver/src/stm32f4xx_adc.o
 .debug_frame   0x000004a0      0x294 ../../../Libraries/STM32F4xx_StdPeriph_Driver/src/stm32f4xx_can.o
 .debug_frame   0x00000734       0x78 ../../../Libraries/STM32F4xx_StdPeriph_Driver/src/stm32f4xx_crc.o
 .debug_frame   0x000007ac       0x94 ../../../Libraries/STM32F4xx_StdPeriph_Driver/src/stm32f4xx_cryp_aes.o
 .debug_frame   0x00000840      0x178 ../../../Libraries/STM32F4xx_StdPeriph_Driver/src/stm32f4xx_cryp.o
 .debug_frame   0x000009b8       0x60 ../../../Libraries/STM32F4xx_StdPeriph_Driver/src/stm32f4xx_cryp_des.o
 .debug_frame   0x00000a18       0x60 ../../../Libraries/STM32F4xx_StdPeriph_Driver/src/stm32f4xx_cryp_tdes.o
 .debug_frame   0x00000a78      0x1e4 ../../../Libraries/STM32F4xx_StdPeriph_Driver/src/stm32f4xx_dac.o
 .debug_frame   0x00000c5c       0x84 ../../../Libraries/STM32F4xx_StdPeriph_Driver/src/stm32f4xx_dbgmcu.o
 .debug_frame   0x00000ce0      0x164 ../../../Libraries/STM32F4xx_StdPeriph_Driver/src/stm32f4xx_dcmi.o
 .debug_frame   0x00000e44      0x214 ../../../Libraries/STM32F4xx_StdPeriph_Driver/src/stm32f4xx_dma.o
 .debug_frame   0x00001058       0xc4 ../../../Libraries/STM32F4xx_StdPeriph_Driver/src/stm32f4xx_exti.o
 .debug_frame   0x0000111c      0x2ac ../../../Libraries/STM32F4xx_StdPeriph_Driver/src/stm32f4xx_flash.o
 .debug_frame   0x000013c8      0x218 ../../../Libraries/STM32F4xx_StdPeriph_Driver/src/stm32f4xx_fsmc.o
 .debug_frame   0x000015e0      0x190 ../../../Libraries/STM32F4xx_StdPeriph_Driver/src/stm32f4xx_gpio.o
 .debug_frame   0x00001770      0x180 ../../../Libraries/STM32F4xx_StdPeriph_Driver/src/stm32f4xx_hash.o
 .debug_frame   0x000018f0       0x5c ../../../Libraries/STM32F4xx_StdPeriph_Driver/src/stm32f4xx_hash_md5.o
 .debug_frame   0x0000194c       0x5c ../../../Libraries/STM32F4xx_StdPeriph_Driver/src/stm32f4xx_hash_sha1.o
 .debug_frame   0x000019a8      0x3a0 ../../../Libraries/STM32F4xx_StdPeriph_Driver/src/stm32f4xx_i2c.o
 .debug_frame   0x00001d48       0x90 ../../../Libraries/STM32F4xx_StdPeriph_Driver/src/stm32f4xx_iwdg.o
 .debug_frame   0x00001dd8      0x12c ../../../Libraries/STM32F4xx_StdPeriph_Driver/src/stm32f4xx_pwr.o
 .debug_frame   0x00001f04      0x470 ../../../Libraries/STM32F4xx_StdPeriph_Driver/src/stm32f4xx_rcc.o
 .debug_frame   0x00002374       0xc8 ../../../Libraries/STM32F4xx_StdPeriph_Driver/src/stm32f4xx_rng.o
 .debug_frame   0x0000243c      0x560 ../../../Libraries/STM32F4xx_StdPeriph_Driver/src/stm32f4xx_rtc.o
 .debug_frame   0x0000299c      0x2b0 ../../../Libraries/STM32F4xx_StdPeriph_Driver/src/stm32f4xx_sdio.o
 .debug_frame   0x00002c4c      0x2b8 ../../../Libraries/STM32F4xx_StdPeriph_Driver/src/stm32f4xx_spi.o
 .debug_frame   0x00002f04       0x9c ../../../Libraries/STM32F4xx_StdPeriph_Driver/src/stm32f4xx_syscfg.o
 .debug_frame   0x00002fa0      0x99c ../../../Libraries/STM32F4xx_StdPeriph_Driver/src/stm32f4xx_tim.o
 .debug_frame   0x0000393c      0x320 ../../../Libraries/STM32F4xx_StdPeriph_Driver/src/stm32f4xx_usart.o
 .debug_frame   0x00003c5c       0xbc ../../../Libraries/STM32F4xx_StdPeriph_Driver/src/stm32f4xx_wwdg.o
