Archive member included to satisfy reference by file (symbol)

/usr/lib/gcc/arm-none-eabi/6.3.1/../../../arm-none-eabi/lib/libg.a(lib_a-memcpy-stub.o)
                              /tmp/ccLhKguW.ltrans0.ltrans.o (memcpy)

Discarded input sections

 .data          0x0000000000000000        0x0 build/obj/crt0_v7m.o
 .bss           0x0000000000000000        0x0 build/obj/crt0_v7m.o
 .data          0x0000000000000000        0x0 build/obj/vectors.o
 .bss           0x0000000000000000        0x0 build/obj/vectors.o
 .data          0x0000000000000000        0x0 build/obj/chcoreasm_v7m.o
 .bss           0x0000000000000000        0x0 build/obj/chcoreasm_v7m.o
 .text          0x0000000000000000        0x0 build/obj/crt1.o (symbol from plugin)
 .text          0x0000000000000000        0x0 /tmp/ccLhKguW.ltrans0.ltrans.o
 .data          0x0000000000000000        0x0 /tmp/ccLhKguW.ltrans0.ltrans.o
 .bss           0x0000000000000000        0x0 /tmp/ccLhKguW.ltrans0.ltrans.o
 .text          0x0000000000000000        0x0 /tmp/ccLhKguW.ltrans1.ltrans.o
 .data          0x0000000000000000        0x0 /tmp/ccLhKguW.ltrans1.ltrans.o
 .bss           0x0000000000000000        0x0 /tmp/ccLhKguW.ltrans1.ltrans.o
 .text          0x0000000000000000        0x0 /tmp/ccLhKguW.ltrans2.ltrans.o
 .data          0x0000000000000000        0x0 /tmp/ccLhKguW.ltrans2.ltrans.o
 .bss           0x0000000000000000        0x0 /tmp/ccLhKguW.ltrans2.ltrans.o
 .text          0x0000000000000000        0x0 /tmp/ccLhKguW.ltrans3.ltrans.o
 .data          0x0000000000000000        0x0 /tmp/ccLhKguW.ltrans3.ltrans.o
 .bss           0x0000000000000000        0x0 /tmp/ccLhKguW.ltrans3.ltrans.o
 .text          0x0000000000000000        0x0 build/obj/hal.o (symbol from plugin)
 .text          0x0000000000000000        0x0 build/obj/hal_st.o (symbol from plugin)
 .text          0x0000000000000000        0x0 build/obj/hal_buffers.o (symbol from plugin)
 .text          0x0000000000000000        0x0 build/obj/hal_queues.o (symbol from plugin)
 .text          0x0000000000000000        0x0 build/obj/hal_mmcsd.o (symbol from plugin)
 .text          0x0000000000000000        0x0 build/obj/hal_adc.o (symbol from plugin)
 .text          0x0000000000000000        0x0 build/obj/hal_pal.o (symbol from plugin)
 .text          0x0000000000000000        0x0 build/obj/hal_pwm.o (symbol from plugin)
 .text          0x0000000000000000        0x0 build/obj/hal_serial.o (symbol from plugin)
 .text          0x0000000000000000        0x0 build/obj/nvic.o (symbol from plugin)
 .text          0x0000000000000000        0x0 build/obj/stm32_isr.o (symbol from plugin)
 .text          0x0000000000000000        0x0 build/obj/hal_lld.o (symbol from plugin)
 .text          0x0000000000000000        0x0 build/obj/hal_adc_lld.o (symbol from plugin)
 .text          0x0000000000000000        0x0 build/obj/stm32_dma.o (symbol from plugin)
 .text          0x0000000000000000        0x0 build/obj/hal_pal_lld.o (symbol from plugin)
 .text          0x0000000000000000        0x0 build/obj/hal_st_lld.o (symbol from plugin)
 .text          0x0000000000000000        0x0 build/obj/hal_pwm_lld.o (symbol from plugin)
 .text          0x0000000000000000        0x0 build/obj/hal_serial_lld.o (symbol from plugin)
 .text          0x0000000000000000        0x0 build/obj/board.o (symbol from plugin)
 .text          0x0000000000000000        0x0 build/obj/osal.o (symbol from plugin)
 .text          0x0000000000000000        0x0 build/obj/chsys.o (symbol from plugin)
 .text          0x0000000000000000        0x0 build/obj/chdebug.o (symbol from plugin)
 .text          0x0000000000000000        0x0 build/obj/chtrace.o (symbol from plugin)
 .text          0x0000000000000000        0x0 build/obj/chvt.o (symbol from plugin)
 .text          0x0000000000000000        0x0 build/obj/chschd.o (symbol from plugin)
 .text          0x0000000000000000        0x0 build/obj/chthreads.o (symbol from plugin)
 .text          0x0000000000000000        0x0 build/obj/chtm.o (symbol from plugin)
 .text          0x0000000000000000        0x0 build/obj/chregistry.o (symbol from plugin)
 .text          0x0000000000000000        0x0 build/obj/chsem.o (symbol from plugin)
 .text          0x0000000000000000        0x0 build/obj/chmtx.o (symbol from plugin)
 .text          0x0000000000000000        0x0 build/obj/chcond.o (symbol from plugin)
 .text          0x0000000000000000        0x0 build/obj/chevents.o (symbol from plugin)
 .text          0x0000000000000000        0x0 build/obj/chmsg.o (symbol from plugin)
 .text          0x0000000000000000        0x0 build/obj/chdynamic.o (symbol from plugin)
 .text          0x0000000000000000        0x0 build/obj/chmboxes.o (symbol from plugin)
 .text          0x0000000000000000        0x0 build/obj/chmemcore.o (symbol from plugin)
 .text          0x0000000000000000        0x0 build/obj/chheap.o (symbol from plugin)
 .text          0x0000000000000000        0x0 build/obj/chmempools.o (symbol from plugin)
[...]
Memory Configuration

Name             Origin             Length             Attributes
flash0           0x0000000008000000 0x0000000000100000
flash1           0x0000000000000000 0x0000000000000000
flash2           0x0000000000000000 0x0000000000000000
flash3           0x0000000000000000 0x0000000000000000
flash4           0x0000000000000000 0x0000000000000000
flash5           0x0000000000000000 0x0000000000000000
flash6           0x0000000000000000 0x0000000000000000
flash7           0x0000000000000000 0x0000000000000000
ram0             0x0000000020000000 0x0000000000020000
ram1             0x0000000020000000 0x000000000001c000
ram2             0x000000002001c000 0x0000000000004000
ram3             0x0000000000000000 0x0000000000000000
ram4             0x0000000010000000 0x0000000000010000
ram5             0x0000000040024000 0x0000000000001000
ram6             0x0000000000000000 0x0000000000000000
ram7             0x0000000000000000 0x0000000000000000
*default*        0x0000000000000000 0xffffffffffffffff

Linker script and memory map

LOAD build/obj/crt0_v7m.o
LOAD build/obj/vectors.o
LOAD build/obj/chcoreasm_v7m.o
LOAD build/obj/crt1.o
LOAD /tmp/ccLhKguW.ltrans0.ltrans.o
LOAD /tmp/ccLhKguW.ltrans1.ltrans.o
LOAD /tmp/ccLhKguW.ltrans2.ltrans.o
LOAD /tmp/ccLhKguW.ltrans3.ltrans.o
LOAD build/obj/hal.o
LOAD build/obj/hal_st.o
LOAD build/obj/hal_buffers.o
LOAD build/obj/hal_queues.o
LOAD build/obj/hal_mmcsd.o
LOAD build/obj/hal_adc.o
LOAD build/obj/hal_pal.o
LOAD build/obj/hal_pwm.o
LOAD build/obj/hal_serial.o
LOAD build/obj/nvic.o
LOAD build/obj/stm32_isr.o
LOAD build/obj/hal_lld.o
LOAD build/obj/hal_adc_lld.o
LOAD build/obj/stm32_dma.o
LOAD build/obj/hal_pal_lld.o
LOAD build/obj/hal_st_lld.o
LOAD build/obj/hal_pwm_lld.o
LOAD build/obj/hal_serial_lld.o
LOAD build/obj/board.o
LOAD build/obj/osal.o
LOAD build/obj/chsys.o
LOAD build/obj/chdebug.o
LOAD build/obj/chtrace.o
LOAD build/obj/chvt.o
LOAD build/obj/chschd.o
LOAD build/obj/chthreads.o
LOAD build/obj/chtm.o
LOAD build/obj/chregistry.o
LOAD build/obj/chsem.o
LOAD build/obj/chmtx.o
LOAD build/obj/chcond.o
LOAD build/obj/chevents.o
LOAD build/obj/chmsg.o
LOAD build/obj/chdynamic.o
LOAD build/obj/chmboxes.o
LOAD build/obj/chmemcore.o
LOAD build/obj/chheap.o
LOAD build/obj/chmempools.o
LOAD build/obj/chfactory.o
LOAD build/obj/chcore.o
LOAD build/obj/chcore_v7m.o
LOAD build/obj/chprintf.o
LOAD build/obj/memstreams.o
LOAD build/obj/nullstreams.o
LOAD build/obj/ch_test.o
LOAD build/obj/rt_test_root.o
LOAD build/obj/rt_test_sequence_001.o
LOAD build/obj/rt_test_sequence_002.o
LOAD build/obj/rt_test_sequence_003.o
LOAD build/obj/rt_test_sequence_004.o
LOAD build/obj/rt_test_sequence_005.o
LOAD build/obj/rt_test_sequence_006.o
LOAD build/obj/rt_test_sequence_007.o
LOAD build/obj/rt_test_sequence_008.o
LOAD build/obj/rt_test_sequence_009.o
LOAD build/obj/rt_test_sequence_010.o
LOAD build/obj/oslib_test_root.o
LOAD build/obj/oslib_test_sequence_001.o
LOAD build/obj/oslib_test_sequence_002.o
LOAD build/obj/oslib_test_sequence_003.o
LOAD build/obj/oslib_test_sequence_004.o
LOAD build/obj/main.o

.mstack         0x0000000020000000      0x400
                0x0000000020000000                . = ALIGN (0x8)
                0x0000000020000000                __main_stack_base__ = .
                0x0000000020000400                . = (. + __main_stack_size__)
 *fill*         0x0000000020000000      0x400 
                0x0000000020000400                . = ALIGN (0x8)
                0x0000000020000400                __main_stack_end__ = .

.pstack         0x0000000020000400      0x400
                0x0000000020000400                __process_stack_base__ = .
                0x0000000020000400                __main_thread_stack_base__ = .
                0x0000000020000800                . = (. + __process_stack_size__)
 *fill*         0x0000000020000400      0x400 
                0x0000000020000800                . = ALIGN (0x8)
                0x0000000020000800                __process_stack_end__ = .
                0x0000000020000800                __main_thread_stack_end__ = .

.vectors        0x0000000008000000      0x1e0
 *(.vectors)
 .vectors       0x0000000008000000      0x1e0 build/obj/vectors.o
                0x0000000008000000                _vectors

.xtors          0x00000000080001e0        0x0
                0x00000000080001e0                __init_array_start = .
 *(SORT(.init_array.*))
 *(.init_array)
                0x00000000080001e0                __init_array_end = .
                0x00000000080001e0                __fini_array_start = .
 *(.fini_array)
 *(SORT(.fini_array.*))
                0x00000000080001e0                __fini_array_end = .

.text           0x00000000080001e0     0x2894
 *(.text)
 .text          0x00000000080001e0       0xd8 build/obj/crt0_v7m.o
                0x00000000080001e0                _crt0_entry
 .text          0x00000000080002b8        0x8 build/obj/vectors.o
                0x00000000080002b8                Reset_Handler
                0x00000000080002ba                VectorE8
                0x00000000080002ba                DebugMon_Handler
                0x00000000080002ba                Vector1A0
                0x00000000080002ba                Vector11C
                0x00000000080002ba                HardFault_Handler
                0x00000000080002ba                Vector1B8
                0x00000000080002ba                Vector19C
                0x00000000080002ba                Vector8C
                0x00000000080002ba                SysTick_Handler
                0x00000000080002ba                VectorDC
                0x00000000080002ba                PendSV_Handler
                0x00000000080002ba                Vector168
                0x00000000080002ba                NMI_Handler
                0x00000000080002ba                Vector110
                0x00000000080002ba                Vector1D8
                0x00000000080002ba                VectorC8
                0x00000000080002ba                Vector94
                0x00000000080002ba                VectorA8
                0x00000000080002ba                Vector160
                0x00000000080002ba                Vector1B0
                0x00000000080002ba                UsageFault_Handler
                0x00000000080002ba                VectorEC
                0x00000000080002ba                Vector40
                0x00000000080002ba                VectorF8
                0x00000000080002ba                Vector108
                0x00000000080002ba                VectorBC
                0x00000000080002ba                Vector190
                0x00000000080002ba                Vector1C4
                0x00000000080002ba                Vector1CC
                0x00000000080002ba                Vector148
                0x00000000080002ba                Vector188
                0x00000000080002ba                Vector198
                0x00000000080002ba                Vector118
                0x00000000080002ba                VectorCC
                0x00000000080002ba                Vector54
                0x00000000080002ba                Vector98
                0x00000000080002ba                Vector138
                0x00000000080002ba                Vector24
                0x00000000080002ba                Vector1AC
                0x00000000080002ba                Vector178
                0x00000000080002ba                Vector1A4
                0x00000000080002ba                VectorD0
                0x00000000080002ba                Vector1B4
                0x00000000080002ba                Vector140
                0x00000000080002ba                VectorE4
                0x00000000080002ba                VectorC0
                0x00000000080002ba                Vector1C0
                0x00000000080002ba                Vector134
                0x00000000080002ba                Vector1D0
                0x00000000080002ba                VectorF0
                0x00000000080002ba                Vector13C
                0x00000000080002ba                Vector100
                0x00000000080002ba                VectorF4
                0x00000000080002ba                MemManage_Handler
                0x00000000080002ba                VectorA0
                0x00000000080002ba                VectorC4
                0x00000000080002ba                Vector180
                0x00000000080002ba                Vector90
                0x00000000080002ba                Vector114
                0x00000000080002ba                Vector164
                0x00000000080002ba                Vector1C
                0x00000000080002ba                Vector1BC
                0x00000000080002ba                Vector1D4
                0x00000000080002ba                Vector17C
                0x00000000080002ba                Vector48
                0x00000000080002ba                Vector1A8
                0x00000000080002ba                Vector16C
                0x00000000080002ba                VectorD4
                0x00000000080002ba                Vector4C
                0x00000000080002ba                Vector144
                0x00000000080002ba                Vector15C
                0x00000000080002ba                Vector170
                0x00000000080002ba                Vector104
                0x00000000080002ba                Vector184
                0x00000000080002ba                Vector10C
                0x00000000080002ba                Vector14C
                0x00000000080002ba                BusFault_Handler
                0x00000000080002ba                Vector50
                0x00000000080002ba                Vector1C8
                0x00000000080002ba                Vector194
                0x00000000080002ba                Vector1DC
                0x00000000080002ba                Vector44
                0x00000000080002ba                Vector28
                0x00000000080002ba                Vector34
                0x00000000080002ba                Vector20
                0x00000000080002ba                Vector18C
                0x00000000080002ba                Vector174
                0x00000000080002be                _unhandled_exception
 .text          0x00000000080002c0       0x28 build/obj/chcoreasm_v7m.o
                0x00000000080002c0                _port_switch
                0x00000000080002d0                _port_thread_start
                0x00000000080002e0                _port_switch_from_isr
                0x00000000080002e4                _port_exit_from_isr
 .text          0x00000000080002e8       0xf0 /usr/lib/gcc/arm-none-eabi/6.3.1/../../../arm-none-eabi/lib/libg.a(lib_a-memcpy-stub.o)
                0x00000000080002e8                memcpy
 *(.text.*)
 *fill*         0x00000000080003d8        0x8 
 .text.notify2.lto_priv.40
                0x00000000080003e0       0x10 /tmp/ccLhKguW.ltrans0.ltrans.o
                0x00000000080003e0                notify2.lto_priv.40
 .text.pwm_lld_serve_interrupt
                0x00000000080003f0       0x5c /tmp/ccLhKguW.ltrans0.ltrans.o
 *fill*         0x000000000800044c        0x4 
 .text.adc_lld_stop_conversion
                0x0000000008000450       0x34 /tmp/ccLhKguW.ltrans0.ltrans.o
 *fill*         0x0000000008000484        0xc 
 .text._ctl.lto_priv.52
                0x0000000008000490        0x4 /tmp/ccLhKguW.ltrans0.ltrans.o
                0x0000000008000490                _ctl.lto_priv.52
 *fill*         0x0000000008000494        0xc 
 .text.adc_lld_serve_rx_interrupt.lto_priv.41
                0x00000000080004a0       0xe8 /tmp/ccLhKguW.ltrans0.ltrans.o
                0x00000000080004a0                adc_lld_serve_rx_interrupt.lto_priv.41
 *fill*         0x0000000008000588        0x8 
 .text.oqPutTimeout
                0x0000000008000590       0x54 /tmp/ccLhKguW.ltrans0.ltrans.o
 *fill*         0x00000000080005e4        0xc 
 .text._putt.lto_priv.48
                0x00000000080005f0        0x8 /tmp/ccLhKguW.ltrans0.ltrans.o
                0x00000000080005f0                _putt.lto_priv.48
 *fill*         0x00000000080005f8        0x8 
 .text._put.lto_priv.46
                0x0000000008000600        0xc /tmp/ccLhKguW.ltrans0.ltrans.o
                0x0000000008000600                _put.lto_priv.46
 *fill*         0x000000000800060c        0x4 
 .text.iqGetTimeout
                0x0000000008000610       0x54 /tmp/ccLhKguW.ltrans0.ltrans.o
 *fill*         0x0000000008000664        0xc 
 .text._gett.lto_priv.49
                0x0000000008000670        0x8 /tmp/ccLhKguW.ltrans0.ltrans.o
                0x0000000008000670                _gett.lto_priv.49
 *fill*         0x0000000008000678        0x8 
 .text._get.lto_priv.47
                0x0000000008000680        0xc /tmp/ccLhKguW.ltrans0.ltrans.o
                0x0000000008000680                _get.lto_priv.47
 *fill*         0x000000000800068c        0x4 
 .text.oqWriteTimeout
                0x0000000008000690       0xc4 /tmp/ccLhKguW.ltrans0.ltrans.o
 *fill*         0x0000000008000754        0xc 
 .text._writet.lto_priv.50
                0x0000000008000760        0x8 /tmp/ccLhKguW.ltrans0.ltrans.o
                0x0000000008000760                _writet.lto_priv.50
 *fill*         0x0000000008000768        0x8 
 .text._write.lto_priv.44
                0x0000000008000770        0xc /tmp/ccLhKguW.ltrans0.ltrans.o
                0x0000000008000770                _write.lto_priv.44
 *fill*         0x000000000800077c        0x4 
 .text.iqReadTimeout
                0x0000000008000780       0xc4 /tmp/ccLhKguW.ltrans0.ltrans.o
 *fill*         0x0000000008000844        0xc 
 .text._readt.lto_priv.51
                0x0000000008000850        0x8 /tmp/ccLhKguW.ltrans0.ltrans.o
                0x0000000008000850                _readt.lto_priv.51
 *fill*         0x0000000008000858        0x8 
 .text._read.lto_priv.45
                0x0000000008000860        0xc /tmp/ccLhKguW.ltrans0.ltrans.o
                0x0000000008000860                _read.lto_priv.45
 *fill*         0x000000000800086c        0x4 
 .text.VectorD8
                0x0000000008000870      0x1cc /tmp/ccLhKguW.ltrans0.ltrans.o
                0x0000000008000870                VectorD8
 *fill*         0x0000000008000a3c        0x4 
 .text.VectorB8
                0x0000000008000a40       0x14 /tmp/ccLhKguW.ltrans0.ltrans.o
                0x0000000008000a40                VectorB8
 *fill*         0x0000000008000a54        0xc 
 .text.VectorB4
                0x0000000008000a60       0x14 /tmp/ccLhKguW.ltrans0.ltrans.o
                0x0000000008000a60                VectorB4
 *fill*         0x0000000008000a74        0xc 
 .text.VectorA4
                0x0000000008000a80       0x14 /tmp/ccLhKguW.ltrans0.ltrans.o
                0x0000000008000a80                VectorA4
 *fill*         0x0000000008000a94        0xc 
 .text.VectorAC
                0x0000000008000aa0        0x4 /tmp/ccLhKguW.ltrans0.ltrans.o
                0x0000000008000aa0                VectorAC
 *fill*         0x0000000008000aa4        0xc 
 .text.VectorB0
                0x0000000008000ab0       0xa0 /tmp/ccLhKguW.ltrans0.ltrans.o
                0x0000000008000ab0                VectorB0
 .text._pal_lld_setgroupmode
                0x0000000008000b50       0xd0 /tmp/ccLhKguW.ltrans0.ltrans.o
                0x0000000008000b50                _pal_lld_setgroupmode
 .text.Vector158
                0x0000000008000c20       0x2c /tmp/ccLhKguW.ltrans0.ltrans.o
                0x0000000008000c20                Vector158
 *fill*         0x0000000008000c4c        0x4 
 .text.Vector154
                0x0000000008000c50       0x2c /tmp/ccLhKguW.ltrans0.ltrans.o
                0x0000000008000c50                Vector154
 *fill*         0x0000000008000c7c        0x4 
 .text.Vector150
                0x0000000008000c80       0x2c /tmp/ccLhKguW.ltrans0.ltrans.o
                0x0000000008000c80                Vector150
 *fill*         0x0000000008000cac        0x4 
 .text.Vector130
                0x0000000008000cb0       0x28 /tmp/ccLhKguW.ltrans0.ltrans.o
                0x0000000008000cb0                Vector130
 *fill*         0x0000000008000cd8        0x8 
 .text.Vector12C
                0x0000000008000ce0       0x2c /tmp/ccLhKguW.ltrans0.ltrans.o
                0x0000000008000ce0                Vector12C
 *fill*         0x0000000008000d0c        0x4 
 .text.Vector128
                0x0000000008000d10       0x2c /tmp/ccLhKguW.ltrans0.ltrans.o
                0x0000000008000d10                Vector128
 *fill*         0x0000000008000d3c        0x4 
 .text.Vector124
                0x0000000008000d40       0x2c /tmp/ccLhKguW.ltrans0.ltrans.o
                0x0000000008000d40                Vector124
 *fill*         0x0000000008000d6c        0x4 
 .text.Vector120
                0x0000000008000d70       0x28 /tmp/ccLhKguW.ltrans0.ltrans.o
                0x0000000008000d70                Vector120
 *fill*         0x0000000008000d98        0x8 
 .text.VectorFC
                0x0000000008000da0       0x2c /tmp/ccLhKguW.ltrans0.ltrans.o
                0x0000000008000da0                VectorFC
 *fill*         0x0000000008000dcc        0x4 
 .text.Vector84
                0x0000000008000dd0       0x2c /tmp/ccLhKguW.ltrans0.ltrans.o
                0x0000000008000dd0                Vector84
 *fill*         0x0000000008000dfc        0x4 
 .text.Vector80
                0x0000000008000e00       0x2c /tmp/ccLhKguW.ltrans0.ltrans.o
                0x0000000008000e00                Vector80
 *fill*         0x0000000008000e2c        0x4 
 .text.Vector7C
                0x0000000008000e30       0x28 /tmp/ccLhKguW.ltrans0.ltrans.o
                0x0000000008000e30                Vector7C
 *fill*         0x0000000008000e58        0x8 
 .text.Vector78
                0x0000000008000e60       0x2c /tmp/ccLhKguW.ltrans0.ltrans.o
                0x0000000008000e60                Vector78
 *fill*         0x0000000008000e8c        0x4 
 .text.Vector74
                0x0000000008000e90       0x2c /tmp/ccLhKguW.ltrans0.ltrans.o
                0x0000000008000e90                Vector74
 *fill*         0x0000000008000ebc        0x4 
 .text.Vector70
                0x0000000008000ec0       0x2c /tmp/ccLhKguW.ltrans0.ltrans.o
                0x0000000008000ec0                Vector70
 *fill*         0x0000000008000eec        0x4 
 .text.Vector6C
                0x0000000008000ef0       0x28 /tmp/ccLhKguW.ltrans0.ltrans.o
                0x0000000008000ef0                Vector6C
 *fill*         0x0000000008000f18        0x8 
 .text.Vector88
                0x0000000008000f20       0x7c /tmp/ccLhKguW.ltrans0.ltrans.o
                0x0000000008000f20                Vector88
 *fill*         0x0000000008000f9c        0x4 
 .text.VectorE0
                0x0000000008000fa0       0x74 /tmp/ccLhKguW.ltrans0.ltrans.o
                0x0000000008000fa0                VectorE0
 *fill*         0x0000000008001014        0xc 
 .text.Vector9C
                0x0000000008001020       0x68 /tmp/ccLhKguW.ltrans0.ltrans.o
                0x0000000008001020                Vector9C
 *fill*         0x0000000008001088        0x8 
 .text.Vector68
                0x0000000008001090       0x2c /tmp/ccLhKguW.ltrans0.ltrans.o
                0x0000000008001090                Vector68
 *fill*         0x00000000080010bc        0x4 
 .text.Vector64
                0x00000000080010c0       0x2c /tmp/ccLhKguW.ltrans0.ltrans.o
                0x00000000080010c0                Vector64
 *fill*         0x00000000080010ec        0x4 
 .text.Vector60
                0x00000000080010f0       0x2c /tmp/ccLhKguW.ltrans0.ltrans.o
                0x00000000080010f0                Vector60
 *fill*         0x000000000800111c        0x4 
 .text.Vector5C
                0x0000000008001120       0x2c /tmp/ccLhKguW.ltrans0.ltrans.o
                0x0000000008001120                Vector5C
 *fill*         0x000000000800114c        0x4 
 .text.Vector58
                0x0000000008001150       0x2c /tmp/ccLhKguW.ltrans0.ltrans.o
                0x0000000008001150                Vector58
 *fill*         0x000000000800117c        0x4 
 .text.__init_ram_areas
                0x0000000008001180       0x64 /tmp/ccLhKguW.ltrans0.ltrans.o
                0x0000000008001180                __init_ram_areas
 *fill*         0x00000000080011e4        0xc 
 .text.__default_exit
                0x00000000080011f0        0x4 /tmp/ccLhKguW.ltrans0.ltrans.o
                0x00000000080011f0                __default_exit
 *fill*         0x00000000080011f4        0xc 
 .text.__late_init
                0x0000000008001200        0x4 /tmp/ccLhKguW.ltrans0.ltrans.o
                0x0000000008001200                __late_init
 *fill*         0x0000000008001204        0xc 
 .text.__core_init
                0x0000000008001210        0x4 /tmp/ccLhKguW.ltrans0.ltrans.o
                0x0000000008001210                __core_init
 *fill*         0x0000000008001214        0xc 
 .text.Thread1  0x0000000008001220       0x2c /tmp/ccLhKguW.ltrans1.ltrans.o
 *fill*         0x000000000800124c        0x4 
 .text.Thread4  0x0000000008001250      0x1e4 /tmp/ccLhKguW.ltrans1.ltrans.o
 *fill*         0x0000000008001434        0xc 
 .text.Thread3  0x0000000008001440      0x1c4 /tmp/ccLhKguW.ltrans1.ltrans.o
 *fill*         0x0000000008001604        0xc 
 .text.Thread2  0x0000000008001610      0x164 /tmp/ccLhKguW.ltrans1.ltrans.o
 *fill*         0x0000000008001774        0xc 
 .text.startup.main
                0x0000000008001780      0x5c4 /tmp/ccLhKguW.ltrans1.ltrans.o
                0x0000000008001780                main
 *fill*         0x0000000008001d44        0xc 
 .text.adc_callback
                0x0000000008001d50       0x44 /tmp/ccLhKguW.ltrans2.ltrans.o
                0x0000000008001d50                adc_callback
 *fill*         0x0000000008001d94        0xc 
 .text.adcerrorcallback.lto_priv.53
                0x0000000008001da0        0x4 /tmp/ccLhKguW.ltrans2.ltrans.o
                0x0000000008001da0                adcerrorcallback.lto_priv.53
 *fill*         0x0000000008001da4        0xc 
 .text.chCoreAllocAlignedI.lto_priv.39
                0x0000000008001db0       0x34 /tmp/ccLhKguW.ltrans2.ltrans.o
                0x0000000008001db0                chCoreAllocAlignedI.lto_priv.39
 *fill*         0x0000000008001de4        0xc 
 .text.chCoreAllocAlignedWithOffset
                0x0000000008001df0       0x44 /tmp/ccLhKguW.ltrans2.ltrans.o
                0x0000000008001df0                chCoreAllocAlignedWithOffset
 *fill*         0x0000000008001e34        0xc 
 .text.wakeup   0x0000000008001e40       0x70 /tmp/ccLhKguW.ltrans2.ltrans.o
 .text._idle_thread.lto_priv.43
                0x0000000008001eb0        0x4 /tmp/ccLhKguW.ltrans2.ltrans.o
                0x0000000008001eb0                _idle_thread.lto_priv.43
 *fill*         0x0000000008001eb4        0xc 
 .text._port_irq_epilogue
                0x0000000008001ec0       0x54 /tmp/ccLhKguW.ltrans2.ltrans.o
                0x0000000008001ec0                _port_irq_epilogue
 *fill*         0x0000000008001f14        0xc 
 .text.SVC_Handler
                0x0000000008001f20       0x14 /tmp/ccLhKguW.ltrans2.ltrans.o
                0x0000000008001f20                SVC_Handler
 *fill*         0x0000000008001f34        0xc 
 .text.chTMStopMeasurementX
                0x0000000008001f40       0x44 /tmp/ccLhKguW.ltrans2.ltrans.o
                0x0000000008001f40                chTMStopMeasurementX
 *fill*         0x0000000008001f84        0xc 
 .text.chSchDoReschedule
                0x0000000008001f90       0x40 /tmp/ccLhKguW.ltrans2.ltrans.o
                0x0000000008001f90                chSchDoReschedule
 .text.chSchGoSleepS
                0x0000000008001fd0       0x28 /tmp/ccLhKguW.ltrans2.ltrans.o
                0x0000000008001fd0                chSchGoSleepS
 *fill*         0x0000000008001ff8        0x8 
 .text.chSchGoSleepTimeoutS
                0x0000000008002000      0x118 /tmp/ccLhKguW.ltrans2.ltrans.o
 *fill*         0x0000000008002118        0x8 
 .text.chThdEnqueueTimeoutS
                0x0000000008002120       0x28 /tmp/ccLhKguW.ltrans2.ltrans.o
                0x0000000008002120                chThdEnqueueTimeoutS
 *fill*         0x0000000008002148        0x8 
 .text.chThdSleep
                0x0000000008002150       0x18 /tmp/ccLhKguW.ltrans2.ltrans.o
                0x0000000008002150                chThdSleep
 *fill*         0x0000000008002168        0x8 
 .text.chSchReadyI
                0x0000000008002170       0x2c /tmp/ccLhKguW.ltrans2.ltrans.o
                0x0000000008002170                chSchReadyI
 *fill*         0x000000000800219c        0x4 
 .text.chEvtBroadcastFlagsI
                0x00000000080021a0       0x60 /tmp/ccLhKguW.ltrans2.ltrans.o
                0x00000000080021a0                chEvtBroadcastFlagsI
 .text.button1_cb.lto_priv.42
                0x0000000008002200       0x3c /tmp/ccLhKguW.ltrans2.ltrans.o
                0x0000000008002200                button1_cb.lto_priv.42
 *fill*         0x000000000800223c        0x4 
 .text.chThdExit
                0x0000000008002240       0x50 /tmp/ccLhKguW.ltrans2.ltrans.o
                0x0000000008002240                chThdExit
 .text.__early_init
                0x0000000008002290      0x27c /tmp/ccLhKguW.ltrans2.ltrans.o
                0x0000000008002290                __early_init
 *fill*         0x000000000800250c        0x4 
 .text.adc_lld_start_conversion.constprop.25
                0x0000000008002510       0x98 /tmp/ccLhKguW.ltrans3.ltrans.o
                0x0000000008002510                adc_lld_start_conversion.constprop.25
 *fill*         0x00000000080025a8        0x8 
 .text.chSchWakeupS.constprop.11
                0x00000000080025b0       0x5c /tmp/ccLhKguW.ltrans3.ltrans.o
                0x00000000080025b0                chSchWakeupS.constprop.11
 *fill*         0x000000000800260c        0x4 
 .text.chTMStartMeasurementX.constprop.6
                0x0000000008002610        0xc /tmp/ccLhKguW.ltrans3.ltrans.o
                0x0000000008002610                chTMStartMeasurementX.constprop.6
 *fill*         0x000000000800261c        0x4 
 .text.chThdCreateStatic.constprop.5
                0x0000000008002620       0x90 /tmp/ccLhKguW.ltrans3.ltrans.o
                0x0000000008002620                chThdCreateStatic.constprop.5
 .text.chprintf.constprop.0
                0x00000000080026b0      0x3c4 /tmp/ccLhKguW.ltrans3.ltrans.o
                0x00000000080026b0                chprintf.constprop.0
 *(.glue_7t)
 .glue_7t       0x0000000008002a74        0x0 linker stubs
 *(.glue_7)
 .glue_7        0x0000000008002a74        0x0 linker stubs
 *(.gcc*)

.vfp11_veneer   0x0000000008002a74        0x0
 .vfp11_veneer  0x0000000008002a74        0x0 linker stubs

.v4_bx          0x0000000008002a74        0x0
 .v4_bx         0x0000000008002a74        0x0 linker stubs

.iplt           0x0000000008002a74        0x0
 .iplt          0x0000000008002a74        0x0 build/obj/crt0_v7m.o

.rodata         0x0000000008002a74      0x24c
                0x0000000008002a74                . = ALIGN (0x4)
                0x0000000008002a74                __rodata_base__ = .
 *(.rodata)
 *(.rodata.*)
 .rodata.ram_areas
                0x0000000008002a74       0x80 /tmp/ccLhKguW.ltrans0.ltrans.o
 .rodata.Thread1.str1.4
                0x0000000008002af4        0x8 /tmp/ccLhKguW.ltrans1.ltrans.o
 .rodata.Thread2.str1.4
                0x0000000008002afc       0x2b /tmp/ccLhKguW.ltrans1.ltrans.o
 *fill*         0x0000000008002b27        0x1 
 .rodata.Thread3.str1.4
                0x0000000008002b28       0x33 /tmp/ccLhKguW.ltrans1.ltrans.o
 *fill*         0x0000000008002b5b        0x1 
 .rodata.Thread4.str1.4
                0x0000000008002b5c        0x4 /tmp/ccLhKguW.ltrans1.ltrans.o
 .rodata._stm32_dma_streams
                0x0000000008002b60       0xc0 /tmp/ccLhKguW.ltrans1.ltrans.o
 .rodata.adcgrpcfg1
                0x0000000008002c20       0x28 /tmp/ccLhKguW.ltrans1.ltrans.o
 .rodata.ch_debug
                0x0000000008002c48       0x16 /tmp/ccLhKguW.ltrans1.ltrans.o
 *fill*         0x0000000008002c5e        0x2 
 .rodata.main.str1.4
                0x0000000008002c60       0x28 /tmp/ccLhKguW.ltrans1.ltrans.o
 .rodata.vmt    0x0000000008002c88       0x28 /tmp/ccLhKguW.ltrans1.ltrans.o
 .rodata.chThdCreateStatic.constprop.5.str1.4
                0x0000000008002cb0        0x7 /tmp/ccLhKguW.ltrans3.ltrans.o
 *fill*         0x0000000008002cb7        0x1 
 .rodata.chprintf.constprop.0.str1.4
                0x0000000008002cb8        0x8 /tmp/ccLhKguW.ltrans3.ltrans.o
                                          0x7 (size before relaxing)
                0x0000000008002cc0                . = ALIGN (0x4)
                0x0000000008002cc0                __rodata_end__ = .

.rel.dyn        0x0000000008002cc0        0x0
 .rel.iplt      0x0000000008002cc0        0x0 build/obj/crt0_v7m.o

.ARM.extab
 *(.ARM.extab* .gnu.linkonce.armextab.*)

.ARM.exidx      0x0000000008002cc0        0x0
                0x0000000008002cc0                __exidx_start = .
 *(.ARM.exidx* .gnu.linkonce.armexidx.*)
                0x0000000008002cc0                __exidx_end = .

.eh_frame_hdr
 *(.eh_frame_hdr)

.eh_frame
 *(.eh_frame)
                0x0000000020000000                __ram0_start__ = ORIGIN (ram0)
                0x0000000000020000                __ram0_size__ = LENGTH (ram0)
                0x0000000020020000                __ram0_end__ = (__ram0_start__ + __ram0_size__)
                0x0000000020000000                __ram1_start__ = ORIGIN (ram1)
                0x000000000001c000                __ram1_size__ = LENGTH (ram1)
                0x000000002001c000                __ram1_end__ = (__ram1_start__ + __ram1_size__)
                0x000000002001c000                __ram2_start__ = ORIGIN (ram2)
                0x0000000000004000                __ram2_size__ = LENGTH (ram2)
                0x0000000020020000                __ram2_end__ = (__ram2_start__ + __ram2_size__)
                0x0000000000000000                __ram3_start__ = ORIGIN (ram3)
                0x0000000000000000                __ram3_size__ = LENGTH (ram3)
                0x0000000000000000                __ram3_end__ = (__ram3_start__ + __ram3_size__)
                0x0000000010000000                __ram4_start__ = ORIGIN (ram4)
                0x0000000000010000                __ram4_size__ = LENGTH (ram4)
                0x0000000010010000                __ram4_end__ = (__ram4_start__ + __ram4_size__)
                0x0000000040024000                __ram5_start__ = ORIGIN (ram5)
                0x0000000000001000                __ram5_size__ = LENGTH (ram5)
                0x0000000040025000                __ram5_end__ = (__ram5_start__ + __ram5_size__)
                0x0000000000000000                __ram6_start__ = ORIGIN (ram6)
                0x0000000000000000                __ram6_size__ = LENGTH (ram6)
                0x0000000000000000                __ram6_end__ = (__ram6_start__ + __ram6_size__)
                0x0000000000000000                __ram7_start__ = ORIGIN (ram7)
                0x0000000000000000                __ram7_size__ = LENGTH (ram7)
                0x0000000000000000                __ram7_end__ = (__ram7_start__ + __ram7_size__)

.data           0x0000000020000800       0x38 load address 0x0000000008002cc0
                0x0000000020000800                . = ALIGN (0x4)
                [!provide]                        PROVIDE (_textdata, LOADADDR (.data))
                [!provide]                        PROVIDE (_data, .)
                0x0000000008002cc0                _textdata_start = LOADADDR (.data)
                0x0000000020000800                _data_start = .
 *(.data)
 *(.data.*)
 .data.pwmcfgTim1
                0x0000000020000800       0x38 /tmp/ccLhKguW.ltrans1.ltrans.o
 *(.ramtext)
                0x0000000020000838                . = ALIGN (0x4)
                [!provide]                        PROVIDE (_edata, .)
                0x0000000020000838                _data_end = .

.igot.plt       0x0000000020000838        0x0 load address 0x0000000008002cf8
 .igot.plt      0x0000000020000838        0x0 build/obj/crt0_v7m.o

.bss            0x0000000020000838      0x908 load address 0x0000000008002cf8
                0x0000000020000838                . = ALIGN (0x4)
                0x0000000020000838                _bss_start = .
 *(.bss)
 *(.bss.*)
 .bss.PWMD1     0x0000000020000838       0x1c /tmp/ccLhKguW.ltrans1.ltrans.o
                0x0000000020000838                PWMD1
 .bss.PWMD3     0x0000000020000854       0x1c /tmp/ccLhKguW.ltrans1.ltrans.o
                0x0000000020000854                PWMD3
 .bss.PWMD4     0x0000000020000870       0x1c /tmp/ccLhKguW.ltrans1.ltrans.o
                0x0000000020000870                PWMD4
 .bss._pal_events
                0x000000002000088c       0x80 /tmp/ccLhKguW.ltrans1.ltrans.o
                0x000000002000088c                _pal_events
 .bss.avg_adc1ch0
                0x000000002000090c        0x2 /tmp/ccLhKguW.ltrans1.ltrans.o
                0x000000002000090c                avg_adc1ch0
 .bss.avg_adc1ch1
                0x000000002000090e        0x2 /tmp/ccLhKguW.ltrans1.ltrans.o
                0x000000002000090e                avg_adc1ch1
 .bss.button_pressed_event.lto_priv.54
                0x0000000020000910        0x4 /tmp/ccLhKguW.ltrans1.ltrans.o
                0x0000000020000910                button_pressed_event.lto_priv.54
 .bss.button_released_event.lto_priv.55
                0x0000000020000914        0x4 /tmp/ccLhKguW.ltrans1.ltrans.o
                0x0000000020000914                button_released_event.lto_priv.55
 .bss.ch_factory
                0x0000000020000918       0x44 /tmp/ccLhKguW.ltrans1.ltrans.o
 *fill*         0x000000002000095c        0x4 
 .bss.ch_idle_thread_wa
                0x0000000020000960       0xd8 /tmp/ccLhKguW.ltrans1.ltrans.o
 .bss.ch_memcore
                0x0000000020000a38        0x8 /tmp/ccLhKguW.ltrans1.ltrans.o
                0x0000000020000a38                ch_memcore
 .bss.count_button1pressed
                0x0000000020000a40        0x4 /tmp/ccLhKguW.ltrans1.ltrans.o
 .bss.default_heap
                0x0000000020000a44       0x1c /tmp/ccLhKguW.ltrans1.ltrans.o
 .bss.dma_isr_redir.lto_priv.57
                0x0000000020000a60       0x80 /tmp/ccLhKguW.ltrans1.ltrans.o
                0x0000000020000a60                dma_isr_redir.lto_priv.57
 .bss.dma_streams_mask
                0x0000000020000ae0        0x4 /tmp/ccLhKguW.ltrans1.ltrans.o
 .bss.event_button1pressed
                0x0000000020000ae4        0x4 /tmp/ccLhKguW.ltrans1.ltrans.o
 .bss.samples1.lto_priv.56
                0x0000000020000ae8       0x10 /tmp/ccLhKguW.ltrans1.ltrans.o
                0x0000000020000ae8                samples1.lto_priv.56
 .bss.waThread1
                0x0000000020000af8      0x148 /tmp/ccLhKguW.ltrans1.ltrans.o
 .bss.waThread2
                0x0000000020000c40      0x148 /tmp/ccLhKguW.ltrans1.ltrans.o
 .bss.waThread3
                0x0000000020000d88      0x148 /tmp/ccLhKguW.ltrans1.ltrans.o
 .bss.waThread4
                0x0000000020000ed0      0x148 /tmp/ccLhKguW.ltrans1.ltrans.o
 .bss.ADCD1     0x0000000020001018       0x34 /tmp/ccLhKguW.ltrans3.ltrans.o
                0x0000000020001018                ADCD1
 .bss.SD2       0x000000002000104c       0x7c /tmp/ccLhKguW.ltrans3.ltrans.o
                0x000000002000104c                SD2
 .bss.ch        0x00000000200010c8       0x78 /tmp/ccLhKguW.ltrans3.ltrans.o
                0x00000000200010c8                ch
 *(COMMON)
                0x0000000020001140                . = ALIGN (0x4)
                0x0000000020001140                _bss_end = .
                [!provide]                        PROVIDE (end, .)

.ram0_init      0x0000000020001140        0x0 load address 0x0000000008002cf8
                0x0000000020001140                . = ALIGN (0x4)
                0x0000000008002cf8                __ram0_init_text__ = LOADADDR (.ram0_init)
                0x0000000020001140                __ram0_init__ = .
 *(.ram0_init)
 *(.ram0_init.*)
                0x0000000020001140                . = ALIGN (0x4)

.ram0           0x0000000020001140        0x0 load address 0x0000000008002cf8
                0x0000000020001140                . = ALIGN (0x4)
                0x0000000020001140                __ram0_clear__ = .
 *(.ram0_clear)
 *(.ram0_clear.*)
                0x0000000020001140                . = ALIGN (0x4)
                0x0000000020001140                __ram0_noinit__ = .
 *(.ram0)
 *(.ram0.*)
                0x0000000020001140                . = ALIGN (0x4)
                0x0000000020001140                __ram0_free__ = .

.ram1_init      0x0000000020000000        0x0 load address 0x0000000008002cf8
                0x0000000020000000                . = ALIGN (0x4)
                0x0000000008002cf8                __ram1_init_text__ = LOADADDR (.ram1_init)
                0x0000000020000000                __ram1_init__ = .
 *(.ram1_init)
 *(.ram1_init.*)
                0x0000000020000000                . = ALIGN (0x4)

.ram1           0x0000000020000000        0x0 load address 0x0000000008002cf8
                0x0000000020000000                . = ALIGN (0x4)
                0x0000000020000000                __ram1_clear__ = .
 *(.ram1_clear)
 *(.ram1_clear.*)
                0x0000000020000000                . = ALIGN (0x4)
                0x0000000020000000                __ram1_noinit__ = .
 *(.ram1)
 *(.ram1.*)
                0x0000000020000000                . = ALIGN (0x4)
                0x0000000020000000                __ram1_free__ = .

.ram2_init      0x000000002001c000        0x0 load address 0x0000000008002cf8
                0x000000002001c000                . = ALIGN (0x4)
                0x0000000008002cf8                __ram2_init_text__ = LOADADDR (.ram2_init)
                0x000000002001c000                __ram2_init__ = .
 *(.ram2_init)
 *(.ram2_init.*)
                0x000000002001c000                . = ALIGN (0x4)

.ram2           0x000000002001c000        0x0 load address 0x0000000008002cf8
                0x000000002001c000                . = ALIGN (0x4)
                0x000000002001c000                __ram2_clear__ = .
 *(.ram2_clear)
 *(.ram2_clear.*)
                0x000000002001c000                . = ALIGN (0x4)
                0x000000002001c000                __ram2_noinit__ = .
 *(.ram2)
 *(.ram2.*)
                0x000000002001c000                . = ALIGN (0x4)
                0x000000002001c000                __ram2_free__ = .

.ram3_init      0x0000000000000000        0x0 load address 0x0000000008002cf8
                0x0000000000000000                . = ALIGN (0x4)
                0x0000000008002cf8                __ram3_init_text__ = LOADADDR (.ram3_init)
                0x0000000000000000                __ram3_init__ = .
 *(.ram3_init)
 *(.ram3_init.*)
                0x0000000000000000                . = ALIGN (0x4)

.ram3           0x0000000000000000        0x0 load address 0x0000000008002cf8
                0x0000000000000000                . = ALIGN (0x4)
                0x0000000000000000                __ram3_clear__ = .
 *(.ram3_clear)
 *(.ram3_clear.*)
                0x0000000000000000                . = ALIGN (0x4)
                0x0000000000000000                __ram3_noinit__ = .
 *(.ram3)
 *(.ram3.*)
                0x0000000000000000                . = ALIGN (0x4)
                0x0000000000000000                __ram3_free__ = .

.ram4_init      0x0000000010000000        0x0 load address 0x0000000008002cf8
                0x0000000010000000                . = ALIGN (0x4)
                0x0000000008002cf8                __ram4_init_text__ = LOADADDR (.ram4_init)
                0x0000000010000000                __ram4_init__ = .
 *(.ram4_init)
 *(.ram4_init.*)
                0x0000000010000000                . = ALIGN (0x4)

.ram4           0x0000000010000000        0x0 load address 0x0000000008002cf8
                0x0000000010000000                . = ALIGN (0x4)
                0x0000000010000000                __ram4_clear__ = .
 *(.ram4_clear)
 *(.ram4_clear.*)
                0x0000000010000000                . = ALIGN (0x4)
                0x0000000010000000                __ram4_noinit__ = .
 *(.ram4)
 *(.ram4.*)
                0x0000000010000000                . = ALIGN (0x4)
                0x0000000010000000                __ram4_free__ = .

.ram5_init      0x0000000040024000        0x0 load address 0x0000000008002cf8
                0x0000000040024000                . = ALIGN (0x4)
                0x0000000008002cf8                __ram5_init_text__ = LOADADDR (.ram5_init)
                0x0000000040024000                __ram5_init__ = .
 *(.ram5_init)
 *(.ram5_init.*)
                0x0000000040024000                . = ALIGN (0x4)

.ram5           0x0000000040024000        0x0 load address 0x0000000008002cf8
                0x0000000040024000                . = ALIGN (0x4)
                0x0000000040024000                __ram5_clear__ = .
 *(.ram5_clear)
 *(.ram5_clear.*)
                0x0000000040024000                . = ALIGN (0x4)
                0x0000000040024000                __ram5_noinit__ = .
 *(.ram5)
 *(.ram5.*)
                0x0000000040024000                . = ALIGN (0x4)
                0x0000000040024000                __ram5_free__ = .

.ram6_init      0x0000000000000000        0x0 load address 0x0000000008002cf8
                0x0000000000000000                . = ALIGN (0x4)
                0x0000000008002cf8                __ram6_init_text__ = LOADADDR (.ram6_init)
                0x0000000000000000                __ram6_init__ = .
 *(.ram6_init)
 *(.ram6_init.*)
                0x0000000000000000                . = ALIGN (0x4)

.ram6           0x0000000000000000        0x0 load address 0x0000000008002cf8
                0x0000000000000000                . = ALIGN (0x4)
                0x0000000000000000                __ram6_clear__ = .
 *(.ram6_clear)
 *(.ram6_clear.*)
                0x0000000000000000                . = ALIGN (0x4)
                0x0000000000000000                __ram6_noinit__ = .
 *(.ram6)
 *(.ram6.*)
                0x0000000000000000                . = ALIGN (0x4)
                0x0000000000000000                __ram6_free__ = .

.ram7_init      0x0000000000000000        0x0 load address 0x0000000008002cf8
                0x0000000000000000                . = ALIGN (0x4)
                0x0000000008002cf8                __ram7_init_text__ = LOADADDR (.ram7_init)
                0x0000000000000000                __ram7_init__ = .
 *(.ram7_init)
 *(.ram7_init.*)
                0x0000000000000000                . = ALIGN (0x4)

.ram7           0x0000000000000000        0x0 load address 0x0000000008002cf8
                0x0000000000000000                . = ALIGN (0x4)
                0x0000000000000000                __ram7_clear__ = .
 *(.ram7_clear)
 *(.ram7_clear.*)
                0x0000000000000000                . = ALIGN (0x4)
                0x0000000000000000                __ram7_noinit__ = .
 *(.ram7)
 *(.ram7.*)
                0x0000000000000000                . = ALIGN (0x4)
                0x0000000000000000                __ram7_free__ = .

.heap           0x0000000020001140    0x1eec0
                0x0000000020001140                . = ALIGN (0x8)
                0x0000000020001140                __heap_base__ = .
                0x0000000020020000                . = (ORIGIN (HEAP_RAM) + LENGTH (HEAP_RAM))
 *fill*         0x0000000020001140    0x1eec0 
                0x0000000020020000                __heap_end__ = .
                0x0000000000000400                __process_stack_size__ = 0x400
                0x0000000000000400                __main_stack_size__ = 0x400
START GROUP
LOAD /usr/lib/gcc/arm-none-eabi/6.3.1/thumb/v7e-m/libgcc.a
LOAD /usr/lib/gcc/arm-none-eabi/6.3.1/../../../arm-none-eabi/lib/libg.a
LOAD /usr/lib/gcc/arm-none-eabi/6.3.1/../../../arm-none-eabi/lib/libc.a
END GROUP
OUTPUT(build/dedes.elf elf32-littlearm)

.ARM.attributes
                0x0000000000000000       0x31
 .ARM.attributes
                0x0000000000000000       0x21 build/obj/crt0_v7m.o
 .ARM.attributes
                0x0000000000000021       0x21 build/obj/vectors.o
 .ARM.attributes
                0x0000000000000042       0x21 build/obj/chcoreasm_v7m.o
 .ARM.attributes
                0x0000000000000063       0x31 /tmp/ccLhKguW.ltrans0.ltrans.o
 .ARM.attributes
                0x0000000000000094       0x31 /tmp/ccLhKguW.ltrans1.ltrans.o
 .ARM.attributes
                0x00000000000000c5       0x31 /tmp/ccLhKguW.ltrans2.ltrans.o
 .ARM.attributes
                0x00000000000000f6       0x31 /tmp/ccLhKguW.ltrans3.ltrans.o
 .ARM.attributes
                0x0000000000000127       0x30 /usr/lib/gcc/arm-none-eabi/6.3.1/../../../arm-none-eabi/lib/libg.a(lib_a-memcpy-stub.o)

.comment        0x0000000000000000       0x5c
 .comment       0x0000000000000000       0x31 /tmp/ccLhKguW.ltrans0.ltrans.o
                                         0x32 (size before relaxing)
 .comment       0x0000000000000031       0x32 /tmp/ccLhKguW.ltrans1.ltrans.o
 .comment       0x0000000000000031       0x32 /tmp/ccLhKguW.ltrans2.ltrans.o
 .comment       0x0000000000000031       0x32 /tmp/ccLhKguW.ltrans3.ltrans.o
 .comment       0x0000000000000031       0x2b /usr/lib/gcc/arm-none-eabi/6.3.1/../../../arm-none-eabi/lib/libg.a(lib_a-memcpy-stub.o)
                                         0x2c (size before relaxing)

.debug_line     0x0000000000000000     0x2d82
 .debug_line    0x0000000000000000       0xc0 build/obj/crt0_v7m.o
 .debug_line    0x00000000000000c0       0x6a build/obj/vectors.o
 .debug_line    0x000000000000012a       0x7c build/obj/chcoreasm_v7m.o
 .debug_line    0x00000000000001a6      0xd7e /tmp/ccLhKguW.ltrans0.ltrans.o
 .debug_line    0x0000000000000f24      0xe22 /tmp/ccLhKguW.ltrans1.ltrans.o
 .debug_line    0x0000000000001d46      0x994 /tmp/ccLhKguW.ltrans2.ltrans.o
 .debug_line    0x00000000000026da      0x580 /tmp/ccLhKguW.ltrans3.ltrans.o
 .debug_line    0x0000000000002c5a      0x128 /usr/lib/gcc/arm-none-eabi/6.3.1/../../../arm-none-eabi/lib/libg.a(lib_a-memcpy-stub.o)

.debug_info     0x0000000000000000     0xada9
 .debug_info    0x0000000000000000       0xa0 build/obj/crt0_v7m.o
 .debug_info    0x00000000000000a0       0x9f build/obj/vectors.o
 .debug_info    0x000000000000013f       0xa3 build/obj/chcoreasm_v7m.o
 .debug_info    0x00000000000001e2     0x3905 /tmp/ccLhKguW.ltrans0.ltrans.o
 .debug_info    0x0000000000003ae7     0x3b65 /tmp/ccLhKguW.ltrans1.ltrans.o
 .debug_info    0x000000000000764c     0x1fc5 /tmp/ccLhKguW.ltrans2.ltrans.o
 .debug_info    0x0000000000009611     0x1656 /tmp/ccLhKguW.ltrans3.ltrans.o
 .debug_info    0x000000000000ac67      0x142 /usr/lib/gcc/arm-none-eabi/6.3.1/../../../arm-none-eabi/lib/libg.a(lib_a-memcpy-stub.o)

.debug_abbrev   0x0000000000000000     0x14a2
 .debug_abbrev  0x0000000000000000       0x14 build/obj/crt0_v7m.o
 .debug_abbrev  0x0000000000000014       0x14 build/obj/vectors.o
 .debug_abbrev  0x0000000000000028       0x14 build/obj/chcoreasm_v7m.o
 .debug_abbrev  0x000000000000003c      0x605 /tmp/ccLhKguW.ltrans0.ltrans.o
 .debug_abbrev  0x0000000000000641      0x494 /tmp/ccLhKguW.ltrans1.ltrans.o
 .debug_abbrev  0x0000000000000ad5      0x55b /tmp/ccLhKguW.ltrans2.ltrans.o
 .debug_abbrev  0x0000000000001030      0x3c0 /tmp/ccLhKguW.ltrans3.ltrans.o
 .debug_abbrev  0x00000000000013f0       0xb2 /usr/lib/gcc/arm-none-eabi/6.3.1/../../../arm-none-eabi/lib/libg.a(lib_a-memcpy-stub.o)

.debug_aranges  0x0000000000000000      0x358
 .debug_aranges
                0x0000000000000000       0x20 build/obj/crt0_v7m.o
 .debug_aranges
                0x0000000000000020       0x20 build/obj/vectors.o
 .debug_aranges
                0x0000000000000040       0x20 build/obj/chcoreasm_v7m.o
 .debug_aranges
                0x0000000000000060      0x1a8 /tmp/ccLhKguW.ltrans0.ltrans.o
 .debug_aranges
                0x0000000000000208       0x40 /tmp/ccLhKguW.ltrans1.ltrans.o
 .debug_aranges
                0x0000000000000248       0xb0 /tmp/ccLhKguW.ltrans2.ltrans.o
 .debug_aranges
                0x00000000000002f8       0x40 /tmp/ccLhKguW.ltrans3.ltrans.o
 .debug_aranges
                0x0000000000000338       0x20 /usr/lib/gcc/arm-none-eabi/6.3.1/../../../arm-none-eabi/lib/libg.a(lib_a-memcpy-stub.o)

.debug_loc      0x0000000000000000     0x3e4f
 .debug_loc     0x0000000000000000     0x17e9 /tmp/ccLhKguW.ltrans0.ltrans.o
 .debug_loc     0x00000000000017e9      0xba2 /tmp/ccLhKguW.ltrans1.ltrans.o
 .debug_loc     0x000000000000238b      0xc74 /tmp/ccLhKguW.ltrans2.ltrans.o
 .debug_loc     0x0000000000002fff      0xc5a /tmp/ccLhKguW.ltrans3.ltrans.o
 .debug_loc     0x0000000000003c59      0x1f6 /usr/lib/gcc/arm-none-eabi/6.3.1/../../../arm-none-eabi/lib/libg.a(lib_a-memcpy-stub.o)

.debug_ranges   0x0000000000000000     0x17c0
 .debug_ranges  0x0000000000000000      0x4b0 /tmp/ccLhKguW.ltrans0.ltrans.o
 .debug_ranges  0x00000000000004b0      0xd68 /tmp/ccLhKguW.ltrans1.ltrans.o
 .debug_ranges  0x0000000000001218      0x490 /tmp/ccLhKguW.ltrans2.ltrans.o
 .debug_ranges  0x00000000000016a8      0x118 /tmp/ccLhKguW.ltrans3.ltrans.o

.debug_str      0x0000000000000000     0x1ee1
 .debug_str     0x0000000000000000      0xe72 /tmp/ccLhKguW.ltrans0.ltrans.o
                                        0xf98 (size before relaxing)
 .debug_str     0x0000000000000e72      0x934 /tmp/ccLhKguW.ltrans1.ltrans.o
                                       0x12e2 (size before relaxing)
 .debug_str     0x00000000000017a6      0x3bf /tmp/ccLhKguW.ltrans2.ltrans.o
                                        0xc26 (size before relaxing)
 .debug_str     0x0000000000001b65      0x277 /tmp/ccLhKguW.ltrans3.ltrans.o
                                        0xb16 (size before relaxing)
 .debug_str     0x0000000000001ddc      0x105 /usr/lib/gcc/arm-none-eabi/6.3.1/../../../arm-none-eabi/lib/libg.a(lib_a-memcpy-stub.o)
                                        0x18d (size before relaxing)

.debug_frame    0x0000000000000000      0x9b0
 .debug_frame   0x0000000000000000      0x5c8 /tmp/ccLhKguW.ltrans0.ltrans.o
 .debug_frame   0x00000000000005c8       0x94 /tmp/ccLhKguW.ltrans1.ltrans.o
 .debug_frame   0x000000000000065c      0x244 /tmp/ccLhKguW.ltrans2.ltrans.o
 .debug_frame   0x00000000000008a0       0xd4 /tmp/ccLhKguW.ltrans3.ltrans.o
 .debug_frame   0x0000000000000974       0x3c /usr/lib/gcc/arm-none-eabi/6.3.1/../../../arm-none-eabi/lib/libg.a(lib_a-memcpy-stub.o)

Cross Reference Table

Symbol                                            File
ADCD1                                             /tmp/ccLhKguW.ltrans3.ltrans.o
                                                  build/obj/hal_adc_lld.o (symbol from plugin)
                                                  /tmp/ccLhKguW.ltrans1.ltrans.o
                                                  /tmp/ccLhKguW.ltrans0.ltrans.o
                                                  build/obj/main.o (symbol from plugin)
BusFault_Handler                                  build/obj/vectors.o
DebugMon_Handler                                  build/obj/vectors.o
HardFault_Handler                                 build/obj/vectors.o
MemManage_Handler                                 build/obj/vectors.o
NMI_Handler                                       build/obj/vectors.o
PWMD1                                             /tmp/ccLhKguW.ltrans1.ltrans.o
                                                  build/obj/hal_pwm_lld.o (symbol from plugin)
                                                  /tmp/ccLhKguW.ltrans0.ltrans.o
                                                  build/obj/main.o (symbol from plugin)
PWMD3                                             /tmp/ccLhKguW.ltrans1.ltrans.o
                                                  build/obj/hal_pwm_lld.o (symbol from plugin)
                                                  /tmp/ccLhKguW.ltrans0.ltrans.o
PWMD4                                             /tmp/ccLhKguW.ltrans1.ltrans.o
                                                  build/obj/hal_pwm_lld.o (symbol from plugin)
                                                  /tmp/ccLhKguW.ltrans0.ltrans.o
PendSV_Handler                                    build/obj/vectors.o
Reset_Handler                                     build/obj/vectors.o
SD2                                               /tmp/ccLhKguW.ltrans3.ltrans.o
                                                  build/obj/hal_serial_lld.o (symbol from plugin)
                                                  /tmp/ccLhKguW.ltrans1.ltrans.o
                                                  /tmp/ccLhKguW.ltrans0.ltrans.o
                                                  build/obj/main.o (symbol from plugin)
SVC_Handler                                       /tmp/ccLhKguW.ltrans2.ltrans.o
                                                  build/obj/chcore_v7m.o (symbol from plugin)
                                                  build/obj/vectors.o
SysTick_Handler                                   build/obj/vectors.o
SystemCoreClock                                   build/obj/hal_lld.o (symbol from plugin)
UsageFault_Handler                                build/obj/vectors.o
Vector100                                         build/obj/vectors.o
Vector104                                         build/obj/vectors.o
Vector108                                         build/obj/vectors.o
Vector10C                                         build/obj/vectors.o
Vector110                                         build/obj/vectors.o
Vector114                                         build/obj/vectors.o
Vector118                                         build/obj/vectors.o
Vector11C                                         build/obj/vectors.o
Vector120                                         /tmp/ccLhKguW.ltrans0.ltrans.o
                                                  build/obj/stm32_dma.o (symbol from plugin)
                                                  build/obj/vectors.o
Vector124                                         /tmp/ccLhKguW.ltrans0.ltrans.o
                                                  build/obj/stm32_dma.o (symbol from plugin)
                                                  build/obj/vectors.o
Vector128                                         /tmp/ccLhKguW.ltrans0.ltrans.o
                                                  build/obj/stm32_dma.o (symbol from plugin)
                                                  build/obj/vectors.o
Vector12C                                         /tmp/ccLhKguW.ltrans0.ltrans.o
                                                  build/obj/stm32_dma.o (symbol from plugin)
                                                  build/obj/vectors.o
Vector130                                         /tmp/ccLhKguW.ltrans0.ltrans.o
                                                  build/obj/stm32_dma.o (symbol from plugin)
                                                  build/obj/vectors.o
Vector134                                         build/obj/vectors.o
Vector138                                         build/obj/vectors.o
Vector13C                                         build/obj/vectors.o
Vector140                                         build/obj/vectors.o
Vector144                                         build/obj/vectors.o
Vector148                                         build/obj/vectors.o
Vector14C                                         build/obj/vectors.o
Vector150                                         /tmp/ccLhKguW.ltrans0.ltrans.o
                                                  build/obj/stm32_dma.o (symbol from plugin)
                                                  build/obj/vectors.o
Vector154                                         /tmp/ccLhKguW.ltrans0.ltrans.o
                                                  build/obj/stm32_dma.o (symbol from plugin)
                                                  build/obj/vectors.o
Vector158                                         /tmp/ccLhKguW.ltrans0.ltrans.o
                                                  build/obj/stm32_dma.o (symbol from plugin)
                                                  build/obj/vectors.o
Vector15C                                         build/obj/vectors.o
Vector160                                         build/obj/vectors.o
Vector164                                         build/obj/vectors.o
Vector168                                         build/obj/vectors.o
Vector16C                                         build/obj/vectors.o
Vector170                                         build/obj/vectors.o
Vector174                                         build/obj/vectors.o
Vector178                                         build/obj/vectors.o
Vector17C                                         build/obj/vectors.o
Vector180                                         build/obj/vectors.o
Vector184                                         build/obj/vectors.o
Vector188                                         build/obj/vectors.o
Vector18C                                         build/obj/vectors.o
Vector190                                         build/obj/vectors.o
Vector194                                         build/obj/vectors.o
Vector198                                         build/obj/vectors.o
Vector19C                                         build/obj/vectors.o
Vector1A0                                         build/obj/vectors.o
Vector1A4                                         build/obj/vectors.o
Vector1A8                                         build/obj/vectors.o
Vector1AC                                         build/obj/vectors.o
Vector1B0                                         build/obj/vectors.o
Vector1B4                                         build/obj/vectors.o
Vector1B8                                         build/obj/vectors.o
Vector1BC                                         build/obj/vectors.o
Vector1C                                          build/obj/vectors.o
Vector1C0                                         build/obj/vectors.o
Vector1C4                                         build/obj/vectors.o
Vector1C8                                         build/obj/vectors.o
Vector1CC                                         build/obj/vectors.o
Vector1D0                                         build/obj/vectors.o
Vector1D4                                         build/obj/vectors.o
Vector1D8                                         build/obj/vectors.o
Vector1DC                                         build/obj/vectors.o
Vector20                                          build/obj/vectors.o
Vector24                                          build/obj/vectors.o
Vector28                                          build/obj/vectors.o
Vector34                                          build/obj/vectors.o
Vector40                                          build/obj/vectors.o
Vector44                                          build/obj/vectors.o
Vector48                                          build/obj/vectors.o
Vector4C                                          build/obj/vectors.o
Vector50                                          build/obj/vectors.o
Vector54                                          build/obj/vectors.o
Vector58                                          /tmp/ccLhKguW.ltrans0.ltrans.o
                                                  build/obj/stm32_isr.o (symbol from plugin)
                                                  build/obj/vectors.o
Vector5C                                          /tmp/ccLhKguW.ltrans0.ltrans.o
                                                  build/obj/stm32_isr.o (symbol from plugin)
                                                  build/obj/vectors.o
Vector60                                          /tmp/ccLhKguW.ltrans0.ltrans.o
                                                  build/obj/stm32_isr.o (symbol from plugin)
                                                  build/obj/vectors.o
Vector64                                          /tmp/ccLhKguW.ltrans0.ltrans.o
                                                  build/obj/stm32_isr.o (symbol from plugin)
                                                  build/obj/vectors.o
Vector68                                          /tmp/ccLhKguW.ltrans0.ltrans.o
                                                  build/obj/stm32_isr.o (symbol from plugin)
                                                  build/obj/vectors.o
Vector6C                                          /tmp/ccLhKguW.ltrans0.ltrans.o
                                                  build/obj/stm32_dma.o (symbol from plugin)
                                                  build/obj/vectors.o
Vector70                                          /tmp/ccLhKguW.ltrans0.ltrans.o
                                                  build/obj/stm32_dma.o (symbol from plugin)
                                                  build/obj/vectors.o
Vector74                                          /tmp/ccLhKguW.ltrans0.ltrans.o
                                                  build/obj/stm32_dma.o (symbol from plugin)
                                                  build/obj/vectors.o
Vector78                                          /tmp/ccLhKguW.ltrans0.ltrans.o
                                                  build/obj/stm32_dma.o (symbol from plugin)
                                                  build/obj/vectors.o
Vector7C                                          /tmp/ccLhKguW.ltrans0.ltrans.o
                                                  build/obj/stm32_dma.o (symbol from plugin)
                                                  build/obj/vectors.o
Vector80                                          /tmp/ccLhKguW.ltrans0.ltrans.o
                                                  build/obj/stm32_dma.o (symbol from plugin)
                                                  build/obj/vectors.o
Vector84                                          /tmp/ccLhKguW.ltrans0.ltrans.o
                                                  build/obj/stm32_dma.o (symbol from plugin)
                                                  build/obj/vectors.o
Vector88                                          /tmp/ccLhKguW.ltrans0.ltrans.o
                                                  build/obj/hal_adc_lld.o (symbol from plugin)
                                                  build/obj/vectors.o
Vector8C                                          build/obj/vectors.o
Vector90                                          build/obj/vectors.o
Vector94                                          build/obj/vectors.o
Vector98                                          build/obj/vectors.o
Vector9C                                          /tmp/ccLhKguW.ltrans0.ltrans.o
                                                  build/obj/stm32_isr.o (symbol from plugin)
                                                  build/obj/vectors.o
VectorA0                                          build/obj/vectors.o
VectorA4                                          /tmp/ccLhKguW.ltrans0.ltrans.o
                                                  build/obj/hal_pwm_lld.o (symbol from plugin)
                                                  build/obj/vectors.o
VectorA8                                          build/obj/vectors.o
VectorAC                                          /tmp/ccLhKguW.ltrans0.ltrans.o
                                                  build/obj/hal_pwm_lld.o (symbol from plugin)
                                                  build/obj/vectors.o
VectorB0                                          /tmp/ccLhKguW.ltrans0.ltrans.o
                                                  build/obj/hal_st_lld.o (symbol from plugin)
                                                  build/obj/vectors.o
VectorB4                                          /tmp/ccLhKguW.ltrans0.ltrans.o
                                                  build/obj/hal_pwm_lld.o (symbol from plugin)
                                                  build/obj/vectors.o
VectorB8                                          /tmp/ccLhKguW.ltrans0.ltrans.o
                                                  build/obj/hal_pwm_lld.o (symbol from plugin)
                                                  build/obj/vectors.o
VectorBC                                          build/obj/vectors.o
VectorC0                                          build/obj/vectors.o
VectorC4                                          build/obj/vectors.o
VectorC8                                          build/obj/vectors.o
VectorCC                                          build/obj/vectors.o
VectorD0                                          build/obj/vectors.o
VectorD4                                          build/obj/vectors.o
VectorD8                                          /tmp/ccLhKguW.ltrans0.ltrans.o
                                                  build/obj/hal_serial_lld.o (symbol from plugin)
                                                  build/obj/vectors.o
VectorDC                                          build/obj/vectors.o
VectorE0                                          /tmp/ccLhKguW.ltrans0.ltrans.o
                                                  build/obj/stm32_isr.o (symbol from plugin)
                                                  build/obj/vectors.o
VectorE4                                          build/obj/vectors.o
VectorE8                                          build/obj/vectors.o
VectorEC                                          build/obj/vectors.o
VectorF0                                          build/obj/vectors.o
VectorF4                                          build/obj/vectors.o
VectorF8                                          build/obj/vectors.o
VectorFC                                          /tmp/ccLhKguW.ltrans0.ltrans.o
                                                  build/obj/stm32_dma.o (symbol from plugin)
                                                  build/obj/vectors.o
__core_init                                       /tmp/ccLhKguW.ltrans0.ltrans.o
                                                  build/obj/crt1.o (symbol from plugin)
                                                  build/obj/crt0_v7m.o
__default_exit                                    /tmp/ccLhKguW.ltrans0.ltrans.o
                                                  build/obj/crt1.o (symbol from plugin)
                                                  build/obj/crt0_v7m.o
__early_init                                      /tmp/ccLhKguW.ltrans2.ltrans.o
                                                  build/obj/board.o (symbol from plugin)
                                                  build/obj/crt1.o (symbol from plugin)
                                                  build/obj/crt0_v7m.o
__fini_array_end                                  build/obj/crt0_v7m.o
__fini_array_start                                build/obj/crt0_v7m.o
__heap_base__                                     /tmp/ccLhKguW.ltrans1.ltrans.o
                                                  build/obj/chmemcore.o (symbol from plugin)
__heap_end__                                      /tmp/ccLhKguW.ltrans1.ltrans.o
                                                  build/obj/chmemcore.o (symbol from plugin)
__init_array_end                                  build/obj/crt0_v7m.o
__init_array_start                                build/obj/crt0_v7m.o
__init_ram_areas                                  /tmp/ccLhKguW.ltrans0.ltrans.o
                                                  build/obj/crt1.o (symbol from plugin)
                                                  build/obj/crt0_v7m.o
__late_init                                       /tmp/ccLhKguW.ltrans0.ltrans.o
                                                  build/obj/crt1.o (symbol from plugin)
                                                  build/obj/crt0_v7m.o
__main_stack_base__                               build/obj/crt0_v7m.o
__main_stack_end__                                build/obj/vectors.o
                                                  build/obj/crt0_v7m.o
__process_stack_base__                            build/obj/crt0_v7m.o
__process_stack_end__                             build/obj/crt0_v7m.o
__ram0_clear__                                    /tmp/ccLhKguW.ltrans0.ltrans.o
                                                  build/obj/crt1.o (symbol from plugin)
__ram0_init__                                     /tmp/ccLhKguW.ltrans0.ltrans.o
                                                  build/obj/crt1.o (symbol from plugin)
__ram0_init_text__                                /tmp/ccLhKguW.ltrans0.ltrans.o
                                                  build/obj/crt1.o (symbol from plugin)
__ram0_noinit__                                   /tmp/ccLhKguW.ltrans0.ltrans.o
                                                  build/obj/crt1.o (symbol from plugin)
__ram1_clear__                                    /tmp/ccLhKguW.ltrans0.ltrans.o
                                                  build/obj/crt1.o (symbol from plugin)
__ram1_init__                                     /tmp/ccLhKguW.ltrans0.ltrans.o
                                                  build/obj/crt1.o (symbol from plugin)
__ram1_init_text__                                /tmp/ccLhKguW.ltrans0.ltrans.o
                                                  build/obj/crt1.o (symbol from plugin)
__ram1_noinit__                                   /tmp/ccLhKguW.ltrans0.ltrans.o
                                                  build/obj/crt1.o (symbol from plugin)
__ram2_clear__                                    /tmp/ccLhKguW.ltrans0.ltrans.o
                                                  build/obj/crt1.o (symbol from plugin)
__ram2_init__                                     /tmp/ccLhKguW.ltrans0.ltrans.o
                                                  build/obj/crt1.o (symbol from plugin)
__ram2_init_text__                                /tmp/ccLhKguW.ltrans0.ltrans.o
                                                  build/obj/crt1.o (symbol from plugin)
__ram2_noinit__                                   /tmp/ccLhKguW.ltrans0.ltrans.o
                                                  build/obj/crt1.o (symbol from plugin)
__ram3_clear__                                    /tmp/ccLhKguW.ltrans0.ltrans.o
                                                  build/obj/crt1.o (symbol from plugin)
__ram3_init__                                     /tmp/ccLhKguW.ltrans0.ltrans.o
                                                  build/obj/crt1.o (symbol from plugin)
__ram3_init_text__                                /tmp/ccLhKguW.ltrans0.ltrans.o
                                                  build/obj/crt1.o (symbol from plugin)
__ram3_noinit__                                   /tmp/ccLhKguW.ltrans0.ltrans.o
                                                  build/obj/crt1.o (symbol from plugin)
__ram4_clear__                                    /tmp/ccLhKguW.ltrans0.ltrans.o
                                                  build/obj/crt1.o (symbol from plugin)
__ram4_init__                                     /tmp/ccLhKguW.ltrans0.ltrans.o
                                                  build/obj/crt1.o (symbol from plugin)
__ram4_init_text__                                /tmp/ccLhKguW.ltrans0.ltrans.o
                                                  build/obj/crt1.o (symbol from plugin)
__ram4_noinit__                                   /tmp/ccLhKguW.ltrans0.ltrans.o
                                                  build/obj/crt1.o (symbol from plugin)
__ram5_clear__                                    /tmp/ccLhKguW.ltrans0.ltrans.o
                                                  build/obj/crt1.o (symbol from plugin)
__ram5_init__                                     /tmp/ccLhKguW.ltrans0.ltrans.o
                                                  build/obj/crt1.o (symbol from plugin)
__ram5_init_text__                                /tmp/ccLhKguW.ltrans0.ltrans.o
                                                  build/obj/crt1.o (symbol from plugin)
__ram5_noinit__                                   /tmp/ccLhKguW.ltrans0.ltrans.o
                                                  build/obj/crt1.o (symbol from plugin)
__ram6_clear__                                    /tmp/ccLhKguW.ltrans0.ltrans.o
                                                  build/obj/crt1.o (symbol from plugin)
__ram6_init__                                     /tmp/ccLhKguW.ltrans0.ltrans.o
                                                  build/obj/crt1.o (symbol from plugin)
__ram6_init_text__                                /tmp/ccLhKguW.ltrans0.ltrans.o
                                                  build/obj/crt1.o (symbol from plugin)
__ram6_noinit__                                   /tmp/ccLhKguW.ltrans0.ltrans.o
                                                  build/obj/crt1.o (symbol from plugin)
__ram7_clear__                                    /tmp/ccLhKguW.ltrans0.ltrans.o
                                                  build/obj/crt1.o (symbol from plugin)
__ram7_init__                                     /tmp/ccLhKguW.ltrans0.ltrans.o
                                                  build/obj/crt1.o (symbol from plugin)
__ram7_init_text__                                /tmp/ccLhKguW.ltrans0.ltrans.o
                                                  build/obj/crt1.o (symbol from plugin)
__ram7_noinit__                                   /tmp/ccLhKguW.ltrans0.ltrans.o
                                                  build/obj/crt1.o (symbol from plugin)
_bss_end                                          build/obj/crt0_v7m.o
_bss_start                                        build/obj/crt0_v7m.o
_core_init                                        build/obj/chmemcore.o (symbol from plugin)
                                                  build/obj/chsys.o (symbol from plugin)
_crt0_entry                                       build/obj/crt0_v7m.o
                                                  build/obj/vectors.o
_ctl.lto_priv.52                                  /tmp/ccLhKguW.ltrans0.ltrans.o
                                                  /tmp/ccLhKguW.ltrans1.ltrans.o
_data_end                                         build/obj/crt0_v7m.o
_data_start                                       build/obj/crt0_v7m.o
_factory_init                                     build/obj/chfactory.o (symbol from plugin)
                                                  build/obj/chsys.o (symbol from plugin)
_get.lto_priv.47                                  /tmp/ccLhKguW.ltrans0.ltrans.o
                                                  /tmp/ccLhKguW.ltrans1.ltrans.o
_gett.lto_priv.49                                 /tmp/ccLhKguW.ltrans0.ltrans.o
                                                  /tmp/ccLhKguW.ltrans1.ltrans.o
_heap_init                                        build/obj/chheap.o (symbol from plugin)
                                                  build/obj/chsys.o (symbol from plugin)
_idle_thread.lto_priv.43                          /tmp/ccLhKguW.ltrans2.ltrans.o
                                                  /tmp/ccLhKguW.ltrans1.ltrans.o
_pal_events                                       /tmp/ccLhKguW.ltrans1.ltrans.o
                                                  build/obj/hal_pal_lld.o (symbol from plugin)
                                                  /tmp/ccLhKguW.ltrans0.ltrans.o
                                                  build/obj/stm32_isr.o (symbol from plugin)
                                                  build/obj/hal_pal.o (symbol from plugin)
_pal_lld_disablepadevent                          build/obj/hal_pal_lld.o (symbol from plugin)
_pal_lld_enablepadevent                           build/obj/hal_pal_lld.o (symbol from plugin)
                                                  build/obj/main.o (symbol from plugin)
_pal_lld_init                                     build/obj/hal_pal_lld.o (symbol from plugin)
                                                  build/obj/hal.o (symbol from plugin)
_pal_lld_setgroupmode                             /tmp/ccLhKguW.ltrans0.ltrans.o
                                                  build/obj/hal_pal_lld.o (symbol from plugin)
                                                  /tmp/ccLhKguW.ltrans1.ltrans.o
                                                  build/obj/main.o (symbol from plugin)
                                                  build/obj/hal_pal.o (symbol from plugin)
_port_exit_from_isr                               build/obj/chcoreasm_v7m.o
                                                  /tmp/ccLhKguW.ltrans2.ltrans.o
                                                  build/obj/chcore_v7m.o (symbol from plugin)
_port_irq_epilogue                                /tmp/ccLhKguW.ltrans2.ltrans.o
                                                  build/obj/chcore_v7m.o (symbol from plugin)
                                                  /tmp/ccLhKguW.ltrans0.ltrans.o
                                                  build/obj/hal_serial_lld.o (symbol from plugin)
                                                  build/obj/hal_pwm_lld.o (symbol from plugin)
                                                  build/obj/hal_st_lld.o (symbol from plugin)
                                                  build/obj/stm32_dma.o (symbol from plugin)
                                                  build/obj/hal_adc_lld.o (symbol from plugin)
                                                  build/obj/stm32_isr.o (symbol from plugin)
_port_switch                                      build/obj/chcoreasm_v7m.o
                                                  /tmp/ccLhKguW.ltrans3.ltrans.o
                                                  /tmp/ccLhKguW.ltrans2.ltrans.o
                                                  build/obj/chschd.o (symbol from plugin)
_port_switch_from_isr                             build/obj/chcoreasm_v7m.o
                                                  /tmp/ccLhKguW.ltrans2.ltrans.o
                                                  build/obj/chcore_v7m.o (symbol from plugin)
_port_thread_start                                build/obj/chcoreasm_v7m.o
                                                  /tmp/ccLhKguW.ltrans3.ltrans.o
                                                  /tmp/ccLhKguW.ltrans1.ltrans.o
                                                  build/obj/chthreads.o (symbol from plugin)
_put.lto_priv.46                                  /tmp/ccLhKguW.ltrans0.ltrans.o
                                                  /tmp/ccLhKguW.ltrans1.ltrans.o
_putt.lto_priv.48                                 /tmp/ccLhKguW.ltrans0.ltrans.o
                                                  /tmp/ccLhKguW.ltrans1.ltrans.o
_read.lto_priv.45                                 /tmp/ccLhKguW.ltrans0.ltrans.o
                                                  /tmp/ccLhKguW.ltrans1.ltrans.o
_readt.lto_priv.51                                /tmp/ccLhKguW.ltrans0.ltrans.o
                                                  /tmp/ccLhKguW.ltrans1.ltrans.o
_scheduler_init                                   build/obj/chschd.o (symbol from plugin)
                                                  build/obj/chsys.o (symbol from plugin)
_stm32_dma_streams                                build/obj/stm32_dma.o (symbol from plugin)
                                                  build/obj/hal_adc_lld.o (symbol from plugin)
_test_assert                                      build/obj/ch_test.o (symbol from plugin)
                                                  build/obj/oslib_test_sequence_004.o (symbol from plugin)
                                                  build/obj/oslib_test_sequence_003.o (symbol from plugin)
                                                  build/obj/oslib_test_sequence_002.o (symbol from plugin)
                                                  build/obj/oslib_test_sequence_001.o (symbol from plugin)
                                                  build/obj/rt_test_sequence_009.o (symbol from plugin)
                                                  build/obj/rt_test_sequence_008.o (symbol from plugin)
                                                  build/obj/rt_test_sequence_006.o (symbol from plugin)
                                                  build/obj/rt_test_sequence_005.o (symbol from plugin)
                                                  build/obj/rt_test_sequence_004.o (symbol from plugin)
                                                  build/obj/rt_test_sequence_003.o (symbol from plugin)
                                                  build/obj/rt_test_sequence_002.o (symbol from plugin)
_test_assert_sequence                             build/obj/ch_test.o (symbol from plugin)
                                                  build/obj/oslib_test_sequence_001.o (symbol from plugin)
                                                  build/obj/rt_test_sequence_009.o (symbol from plugin)
                                                  build/obj/rt_test_sequence_008.o (symbol from plugin)
                                                  build/obj/rt_test_sequence_007.o (symbol from plugin)
                                                  build/obj/rt_test_sequence_006.o (symbol from plugin)
                                                  build/obj/rt_test_sequence_005.o (symbol from plugin)
                                                  build/obj/rt_test_sequence_003.o (symbol from plugin)
_test_assert_time_window                          build/obj/ch_test.o (symbol from plugin)
                                                  build/obj/rt_test_sequence_008.o (symbol from plugin)
                                                  build/obj/rt_test_sequence_005.o (symbol from plugin)
                                                  build/obj/rt_test_sequence_004.o (symbol from plugin)
                                                  build/obj/rt_test_sequence_003.o (symbol from plugin)
_test_fail                                        build/obj/ch_test.o (symbol from plugin)
_textdata_start                                   build/obj/crt0_v7m.o
_thread_init                                      build/obj/chthreads.o (symbol from plugin)
                                                  build/obj/chsys.o (symbol from plugin)
_tm_init                                          build/obj/chtm.o (symbol from plugin)
                                                  build/obj/chsys.o (symbol from plugin)
_unhandled_exception                              build/obj/vectors.o
_vectors                                          build/obj/vectors.o
                                                  build/obj/crt0_v7m.o
_vt_init                                          build/obj/chvt.o (symbol from plugin)
                                                  build/obj/chsys.o (symbol from plugin)
_write.lto_priv.44                                /tmp/ccLhKguW.ltrans0.ltrans.o
                                                  /tmp/ccLhKguW.ltrans1.ltrans.o
_writet.lto_priv.50                               /tmp/ccLhKguW.ltrans0.ltrans.o
                                                  /tmp/ccLhKguW.ltrans1.ltrans.o
adcAcquireBus                                     build/obj/hal_adc.o (symbol from plugin)
adcConvert                                        build/obj/hal_adc.o (symbol from plugin)
adcInit                                           build/obj/hal_adc.o (symbol from plugin)
                                                  build/obj/hal.o (symbol from plugin)
adcObjectInit                                     build/obj/hal_adc.o (symbol from plugin)
                                                  build/obj/hal_adc_lld.o (symbol from plugin)
adcReleaseBus                                     build/obj/hal_adc.o (symbol from plugin)
adcSTM32DisableTSVREFE                            build/obj/hal_adc_lld.o (symbol from plugin)
adcSTM32DisableVBATE                              build/obj/hal_adc_lld.o (symbol from plugin)
adcSTM32EnableTSVREFE                             build/obj/hal_adc_lld.o (symbol from plugin)
                                                  build/obj/main.o (symbol from plugin)
adcSTM32EnableVBATE                               build/obj/hal_adc_lld.o (symbol from plugin)
adcStart                                          build/obj/hal_adc.o (symbol from plugin)
                                                  build/obj/main.o (symbol from plugin)
adcStartConversion                                build/obj/hal_adc.o (symbol from plugin)
                                                  build/obj/main.o (symbol from plugin)
adcStartConversionI                               build/obj/hal_adc.o (symbol from plugin)
adcStop                                           build/obj/hal_adc.o (symbol from plugin)
adcStopConversion                                 build/obj/hal_adc.o (symbol from plugin)
adcStopConversionI                                build/obj/hal_adc.o (symbol from plugin)
adc_callback                                      /tmp/ccLhKguW.ltrans2.ltrans.o
                                                  build/obj/main.o (symbol from plugin)
                                                  /tmp/ccLhKguW.ltrans1.ltrans.o
adc_lld_init                                      build/obj/hal_adc_lld.o (symbol from plugin)
                                                  build/obj/hal_adc.o (symbol from plugin)
adc_lld_serve_rx_interrupt.lto_priv.41            /tmp/ccLhKguW.ltrans0.ltrans.o
                                                  /tmp/ccLhKguW.ltrans1.ltrans.o
adc_lld_start                                     build/obj/hal_adc_lld.o (symbol from plugin)
                                                  build/obj/hal_adc.o (symbol from plugin)
adc_lld_start_conversion                          build/obj/hal_adc_lld.o (symbol from plugin)
                                                  build/obj/hal_adc.o (symbol from plugin)
adc_lld_start_conversion.constprop.25             /tmp/ccLhKguW.ltrans3.ltrans.o
                                                  /tmp/ccLhKguW.ltrans1.ltrans.o
adc_lld_stop                                      build/obj/hal_adc_lld.o (symbol from plugin)
                                                  build/obj/hal_adc.o (symbol from plugin)
adc_lld_stop_conversion                           build/obj/hal_adc_lld.o (symbol from plugin)
                                                  build/obj/hal_adc.o (symbol from plugin)
adcerrorcallback.lto_priv.53                      /tmp/ccLhKguW.ltrans2.ltrans.o
                                                  /tmp/ccLhKguW.ltrans1.ltrans.o
avg_adc1ch0                                       /tmp/ccLhKguW.ltrans1.ltrans.o
                                                  build/obj/main.o (symbol from plugin)
                                                  /tmp/ccLhKguW.ltrans2.ltrans.o
avg_adc1ch1                                       /tmp/ccLhKguW.ltrans1.ltrans.o
                                                  build/obj/main.o (symbol from plugin)
                                                  /tmp/ccLhKguW.ltrans2.ltrans.o
boardInit                                         build/obj/board.o (symbol from plugin)
                                                  build/obj/hal.o (symbol from plugin)
button1_cb.lto_priv.42                            /tmp/ccLhKguW.ltrans2.ltrans.o
                                                  /tmp/ccLhKguW.ltrans1.ltrans.o
button_pressed_event.lto_priv.54                  /tmp/ccLhKguW.ltrans1.ltrans.o
                                                  /tmp/ccLhKguW.ltrans2.ltrans.o
button_released_event.lto_priv.55                 /tmp/ccLhKguW.ltrans1.ltrans.o
                                                  /tmp/ccLhKguW.ltrans2.ltrans.o
ch                                                /tmp/ccLhKguW.ltrans3.ltrans.o
                                                  build/obj/chschd.o (symbol from plugin)
                                                  /tmp/ccLhKguW.ltrans2.ltrans.o
                                                  /tmp/ccLhKguW.ltrans1.ltrans.o
                                                  /tmp/ccLhKguW.ltrans0.ltrans.o
                                                  build/obj/main.o (symbol from plugin)
                                                  build/obj/rt_test_sequence_010.o (symbol from plugin)
                                                  build/obj/rt_test_sequence_009.o (symbol from plugin)
                                                  build/obj/rt_test_sequence_008.o (symbol from plugin)
                                                  build/obj/rt_test_sequence_007.o (symbol from plugin)
                                                  build/obj/rt_test_sequence_006.o (symbol from plugin)
                                                  build/obj/rt_test_sequence_005.o (symbol from plugin)
                                                  build/obj/rt_test_sequence_004.o (symbol from plugin)
                                                  build/obj/rt_test_sequence_003.o (symbol from plugin)
                                                  build/obj/chmsg.o (symbol from plugin)
                                                  build/obj/chevents.o (symbol from plugin)
                                                  build/obj/chcond.o (symbol from plugin)
                                                  build/obj/chmtx.o (symbol from plugin)
                                                  build/obj/chsem.o (symbol from plugin)
                                                  build/obj/chregistry.o (symbol from plugin)
                                                  build/obj/chtm.o (symbol from plugin)
                                                  build/obj/chthreads.o (symbol from plugin)
                                                  build/obj/chvt.o (symbol from plugin)
                                                  build/obj/chsys.o (symbol from plugin)
chCondBroadcast                                   build/obj/chcond.o (symbol from plugin)
                                                  build/obj/rt_test_sequence_006.o (symbol from plugin)
chCondBroadcastI                                  build/obj/chcond.o (symbol from plugin)
chCondObjectInit                                  build/obj/chcond.o (symbol from plugin)
                                                  build/obj/rt_test_sequence_006.o (symbol from plugin)
chCondSignal                                      build/obj/chcond.o (symbol from plugin)
                                                  build/obj/rt_test_sequence_006.o (symbol from plugin)
chCondSignalI                                     build/obj/chcond.o (symbol from plugin)
                                                  build/obj/rt_test_sequence_006.o (symbol from plugin)
chCondWait                                        build/obj/chcond.o (symbol from plugin)
                                                  build/obj/rt_test_sequence_006.o (symbol from plugin)
chCondWaitS                                       build/obj/chcond.o (symbol from plugin)
chCondWaitTimeout                                 build/obj/chcond.o (symbol from plugin)
                                                  build/obj/rt_test_sequence_006.o (symbol from plugin)
chCondWaitTimeoutS                                build/obj/chcond.o (symbol from plugin)
chCoreAllocAlignedI.lto_priv.39                   /tmp/ccLhKguW.ltrans2.ltrans.o
                                                  /tmp/ccLhKguW.ltrans1.ltrans.o
chCoreAllocAlignedWithOffset                      /tmp/ccLhKguW.ltrans2.ltrans.o
                                                  build/obj/chmemcore.o (symbol from plugin)
                                                  /tmp/ccLhKguW.ltrans1.ltrans.o
                                                  build/obj/chheap.o (symbol from plugin)
chCoreAllocAlignedWithOffsetI                     build/obj/chmemcore.o (symbol from plugin)
                                                  build/obj/chfactory.o (symbol from plugin)
chCoreGetStatusX                                  build/obj/chmemcore.o (symbol from plugin)
chEvtAddEvents                                    build/obj/chevents.o (symbol from plugin)
                                                  build/obj/rt_test_sequence_008.o (symbol from plugin)
chEvtBroadcastFlags                               build/obj/chevents.o (symbol from plugin)
                                                  build/obj/rt_test_sequence_008.o (symbol from plugin)
chEvtBroadcastFlagsI                              /tmp/ccLhKguW.ltrans2.ltrans.o
                                                  build/obj/chevents.o (symbol from plugin)
                                                  /tmp/ccLhKguW.ltrans0.ltrans.o
                                                  build/obj/main.o (symbol from plugin)
                                                  build/obj/hal_serial_lld.o (symbol from plugin)
                                                  build/obj/hal_serial.o (symbol from plugin)
chEvtDispatch                                     build/obj/chevents.o (symbol from plugin)
                                                  build/obj/rt_test_sequence_008.o (symbol from plugin)
chEvtGetAndClearEvents                            build/obj/chevents.o (symbol from plugin)
                                                  build/obj/rt_test_sequence_008.o (symbol from plugin)
chEvtGetAndClearEventsI                           build/obj/chevents.o (symbol from plugin)
chEvtGetAndClearFlags                             build/obj/chevents.o (symbol from plugin)
chEvtGetAndClearFlagsI                            build/obj/chevents.o (symbol from plugin)
chEvtRegisterMaskWithFlags                        build/obj/chevents.o (symbol from plugin)