Archive member included to satisfy reference by file (symbol)

/usr/lib/gcc/arm-none-eabi/6.3.1/../../../arm-none-eabi/lib/libg.a(lib_a-memcpy-stub.o)
                              /tmp/ccTi9bev.ltrans0.ltrans.o (memcpy)

Discarded input sections

 .data          0x0000000000000000        0x0 build/obj/crt0_v7m.o
 .bss           0x0000000000000000        0x0 build/obj/crt0_v7m.o
 .data          0x0000000000000000        0x0 build/obj/vectors.o
 .bss           0x0000000000000000        0x0 build/obj/vectors.o
 .data          0x0000000000000000        0x0 build/obj/chcoreasm_v7m.o
 .bss           0x0000000000000000        0x0 build/obj/chcoreasm_v7m.o
 .text          0x0000000000000000        0x0 build/obj/crt1.o (symbol from plugin)
 .text          0x0000000000000000        0x0 /tmp/ccTi9bev.ltrans0.ltrans.o
 .data          0x0000000000000000        0x0 /tmp/ccTi9bev.ltrans0.ltrans.o
 .bss           0x0000000000000000        0x0 /tmp/ccTi9bev.ltrans0.ltrans.o
 .text          0x0000000000000000        0x0 /tmp/ccTi9bev.ltrans1.ltrans.o
 .data          0x0000000000000000        0x0 /tmp/ccTi9bev.ltrans1.ltrans.o
 .bss           0x0000000000000000        0x0 /tmp/ccTi9bev.ltrans1.ltrans.o
 .text          0x0000000000000000        0x0 /tmp/ccTi9bev.ltrans2.ltrans.o
 .data          0x0000000000000000        0x0 /tmp/ccTi9bev.ltrans2.ltrans.o
 .bss           0x0000000000000000        0x0 /tmp/ccTi9bev.ltrans2.ltrans.o
 .text          0x0000000000000000        0x0 build/obj/hal.o (symbol from plugin)
 .text          0x0000000000000000        0x0 build/obj/hal_st.o (symbol from plugin)
 .text          0x0000000000000000        0x0 build/obj/hal_buffers.o (symbol from plugin)
 .text          0x0000000000000000        0x0 build/obj/hal_queues.o (symbol from plugin)
 .text          0x0000000000000000        0x0 build/obj/hal_mmcsd.o (symbol from plugin)
 .text          0x0000000000000000        0x0 build/obj/hal_adc.o (symbol from plugin)
 .text          0x0000000000000000        0x0 build/obj/hal_pal.o (symbol from plugin)
 .text          0x0000000000000000        0x0 build/obj/hal_serial.o (symbol from plugin)
 .text          0x0000000000000000        0x0 build/obj/nvic.o (symbol from plugin)
 .text          0x0000000000000000        0x0 build/obj/stm32_isr.o (symbol from plugin)
 .text          0x0000000000000000        0x0 build/obj/hal_lld.o (symbol from plugin)
 .text          0x0000000000000000        0x0 build/obj/hal_adc_lld.o (symbol from plugin)
 .text          0x0000000000000000        0x0 build/obj/stm32_dma.o (symbol from plugin)
 .text          0x0000000000000000        0x0 build/obj/hal_pal_lld.o (symbol from plugin)
 .text          0x0000000000000000        0x0 build/obj/hal_st_lld.o (symbol from plugin)
 .text          0x0000000000000000        0x0 build/obj/hal_serial_lld.o (symbol from plugin)
 .text          0x0000000000000000        0x0 build/obj/board.o (symbol from plugin)
 .text          0x0000000000000000        0x0 build/obj/osal.o (symbol from plugin)
 .text          0x0000000000000000        0x0 build/obj/chsys.o (symbol from plugin)
 .text          0x0000000000000000        0x0 build/obj/chdebug.o (symbol from plugin)
 .text          0x0000000000000000        0x0 build/obj/chtrace.o (symbol from plugin)
 .text          0x0000000000000000        0x0 build/obj/chvt.o (symbol from plugin)
 .text          0x0000000000000000        0x0 build/obj/chschd.o (symbol from plugin)
 .text          0x0000000000000000        0x0 build/obj/chthreads.o (symbol from plugin)
 .text          0x0000000000000000        0x0 build/obj/chtm.o (symbol from plugin)
 .text          0x0000000000000000        0x0 build/obj/chregistry.o (symbol from plugin)
 .text          0x0000000000000000        0x0 build/obj/chsem.o (symbol from plugin)
 .text          0x0000000000000000        0x0 build/obj/chmtx.o (symbol from plugin)
 .text          0x0000000000000000        0x0 build/obj/chcond.o (symbol from plugin)
 .text          0x0000000000000000        0x0 build/obj/chevents.o (symbol from plugin)
 .text          0x0000000000000000        0x0 build/obj/chmsg.o (symbol from plugin)
 .text          0x0000000000000000        0x0 build/obj/chdynamic.o (symbol from plugin)
 .text          0x0000000000000000        0x0 build/obj/chmboxes.o (symbol from plugin)
 .text          0x0000000000000000        0x0 build/obj/chmemcore.o (symbol from plugin)
 .text          0x0000000000000000        0x0 build/obj/chheap.o (symbol from plugin)
 .text          0x0000000000000000        0x0 build/obj/chmempools.o (symbol from plugin)
 .text          0x0000000000000000        0x0 build/obj/chfactory.o (symbol from plugin)
 .text          0x0000000000000000        0x0 build/obj/chcore.o (symbol from plugin)
 .text          0x0000000000000000        0x0 build/obj/chcore_v7m.o (symbol from plugin)
 .text          0x0000000000000000        0x0 build/obj/chprintf.o (symbol from plugin)
[...]
Memory Configuration

Name             Origin             Length             Attributes
flash0           0x0000000008000000 0x0000000000100000
flash1           0x0000000000000000 0x0000000000000000
flash2           0x0000000000000000 0x0000000000000000
flash3           0x0000000000000000 0x0000000000000000
flash4           0x0000000000000000 0x0000000000000000
flash5           0x0000000000000000 0x0000000000000000
flash6           0x0000000000000000 0x0000000000000000
flash7           0x0000000000000000 0x0000000000000000
ram0             0x0000000020000000 0x0000000000020000
ram1             0x0000000020000000 0x000000000001c000
ram2             0x000000002001c000 0x0000000000004000
ram3             0x0000000000000000 0x0000000000000000
ram4             0x0000000010000000 0x0000000000010000
ram5             0x0000000040024000 0x0000000000001000
ram6             0x0000000000000000 0x0000000000000000
ram7             0x0000000000000000 0x0000000000000000
*default*        0x0000000000000000 0xffffffffffffffff

Linker script and memory map

LOAD build/obj/crt0_v7m.o
LOAD build/obj/vectors.o
LOAD build/obj/chcoreasm_v7m.o
LOAD build/obj/crt1.o
LOAD /tmp/ccTi9bev.ltrans0.ltrans.o
LOAD /tmp/ccTi9bev.ltrans1.ltrans.o
LOAD /tmp/ccTi9bev.ltrans2.ltrans.o
LOAD build/obj/hal.o
LOAD build/obj/hal_st.o
LOAD build/obj/hal_buffers.o
LOAD build/obj/hal_queues.o
LOAD build/obj/hal_mmcsd.o
LOAD build/obj/hal_adc.o
LOAD build/obj/hal_pal.o
LOAD build/obj/hal_serial.o
LOAD build/obj/nvic.o
LOAD build/obj/stm32_isr.o
LOAD build/obj/hal_lld.o
LOAD build/obj/hal_adc_lld.o
LOAD build/obj/stm32_dma.o
LOAD build/obj/hal_pal_lld.o
LOAD build/obj/hal_st_lld.o
LOAD build/obj/hal_serial_lld.o
LOAD build/obj/board.o
LOAD build/obj/osal.o
LOAD build/obj/chsys.o
LOAD build/obj/chdebug.o
LOAD build/obj/chtrace.o
LOAD build/obj/chvt.o
LOAD build/obj/chschd.o
LOAD build/obj/chthreads.o
LOAD build/obj/chtm.o
LOAD build/obj/chregistry.o
LOAD build/obj/chsem.o
LOAD build/obj/chmtx.o
LOAD build/obj/chcond.o
LOAD build/obj/chevents.o
LOAD build/obj/chmsg.o
LOAD build/obj/chdynamic.o
LOAD build/obj/chmboxes.o
LOAD build/obj/chmemcore.o
LOAD build/obj/chheap.o
LOAD build/obj/chmempools.o
LOAD build/obj/chfactory.o
LOAD build/obj/chcore.o
LOAD build/obj/chcore_v7m.o
LOAD build/obj/chprintf.o
LOAD build/obj/memstreams.o
LOAD build/obj/nullstreams.o
LOAD build/obj/ch_test.o
LOAD build/obj/rt_test_root.o
LOAD build/obj/rt_test_sequence_001.o
LOAD build/obj/rt_test_sequence_002.o
LOAD build/obj/rt_test_sequence_003.o
LOAD build/obj/rt_test_sequence_004.o
LOAD build/obj/rt_test_sequence_005.o
LOAD build/obj/rt_test_sequence_006.o
LOAD build/obj/rt_test_sequence_007.o
LOAD build/obj/rt_test_sequence_008.o
LOAD build/obj/rt_test_sequence_009.o
LOAD build/obj/rt_test_sequence_010.o
LOAD build/obj/oslib_test_root.o
LOAD build/obj/oslib_test_sequence_001.o
LOAD build/obj/oslib_test_sequence_002.o
LOAD build/obj/oslib_test_sequence_003.o
LOAD build/obj/oslib_test_sequence_004.o
LOAD build/obj/main.o

.mstack         0x0000000020000000      0x400
                0x0000000020000000                . = ALIGN (0x8)
                0x0000000020000000                __main_stack_base__ = .
                0x0000000020000400                . = (. + __main_stack_size__)
 *fill*         0x0000000020000000      0x400 
                0x0000000020000400                . = ALIGN (0x8)
                0x0000000020000400                __main_stack_end__ = .

.pstack         0x0000000020000400      0x400
                0x0000000020000400                __process_stack_base__ = .
                0x0000000020000400                __main_thread_stack_base__ = .
                0x0000000020000800                . = (. + __process_stack_size__)
 *fill*         0x0000000020000400      0x400 
                0x0000000020000800                . = ALIGN (0x8)
                0x0000000020000800                __process_stack_end__ = .
                0x0000000020000800                __main_thread_stack_end__ = .

.vectors        0x0000000008000000      0x1e0
 *(.vectors)
 .vectors       0x0000000008000000      0x1e0 build/obj/vectors.o
                0x0000000008000000                _vectors

.xtors          0x00000000080001e0        0x0
                0x00000000080001e0                __init_array_start = .
 *(SORT(.init_array.*))
 *(.init_array)
                0x00000000080001e0                __init_array_end = .
                0x00000000080001e0                __fini_array_start = .
 *(.fini_array)
 *(SORT(.fini_array.*))
                0x00000000080001e0                __fini_array_end = .

.text           0x00000000080001e0     0x25f4
 *(.text)
 .text          0x00000000080001e0       0xd8 build/obj/crt0_v7m.o
                0x00000000080001e0                _crt0_entry
 .text          0x00000000080002b8        0x8 build/obj/vectors.o
                0x00000000080002b8                Reset_Handler
                0x00000000080002ba                VectorE8
                0x00000000080002ba                VectorAC
                0x00000000080002ba                DebugMon_Handler
                0x00000000080002ba                Vector1A0
                0x00000000080002ba                Vector11C
                0x00000000080002ba                HardFault_Handler
                0x00000000080002ba                Vector1B8
                0x00000000080002ba                Vector19C
                0x00000000080002ba                Vector8C
                0x00000000080002ba                SysTick_Handler
                0x00000000080002ba                VectorDC
                0x00000000080002ba                PendSV_Handler
                0x00000000080002ba                Vector168
                0x00000000080002ba                NMI_Handler
                0x00000000080002ba                Vector110
                0x00000000080002ba                Vector1D8
                0x00000000080002ba                VectorC8
                0x00000000080002ba                Vector94
                0x00000000080002ba                VectorA8
                0x00000000080002ba                VectorB4
                0x00000000080002ba                Vector160
                0x00000000080002ba                Vector1B0
                0x00000000080002ba                UsageFault_Handler
                0x00000000080002ba                VectorEC
                0x00000000080002ba                Vector40
                0x00000000080002ba                VectorF8
                0x00000000080002ba                Vector108
                0x00000000080002ba                VectorBC
                0x00000000080002ba                Vector190
                0x00000000080002ba                Vector1C4
                0x00000000080002ba                Vector1CC
                0x00000000080002ba                Vector148
                0x00000000080002ba                Vector188
                0x00000000080002ba                Vector198
                0x00000000080002ba                Vector118
                0x00000000080002ba                VectorCC
                0x00000000080002ba                Vector54
                0x00000000080002ba                Vector98
                0x00000000080002ba                Vector138
                0x00000000080002ba                Vector24
                0x00000000080002ba                Vector1AC
                0x00000000080002ba                Vector178
                0x00000000080002ba                Vector1A4
                0x00000000080002ba                VectorD0
                0x00000000080002ba                Vector1B4
                0x00000000080002ba                Vector140
                0x00000000080002ba                VectorE4
                0x00000000080002ba                VectorC0
                0x00000000080002ba                Vector1C0
                0x00000000080002ba                Vector134
                0x00000000080002ba                Vector1D0
                0x00000000080002ba                VectorF0
                0x00000000080002ba                Vector13C
                0x00000000080002ba                Vector100
                0x00000000080002ba                VectorF4
                0x00000000080002ba                MemManage_Handler
                0x00000000080002ba                VectorA0
                0x00000000080002ba                VectorC4
                0x00000000080002ba                Vector180
                0x00000000080002ba                Vector90
                0x00000000080002ba                Vector114
                0x00000000080002ba                Vector164
                0x00000000080002ba                Vector1C
                0x00000000080002ba                Vector1BC
                0x00000000080002ba                Vector1D4
                0x00000000080002ba                Vector17C
                0x00000000080002ba                Vector48
                0x00000000080002ba                Vector1A8
                0x00000000080002ba                Vector16C
                0x00000000080002ba                VectorD4
                0x00000000080002ba                Vector4C
                0x00000000080002ba                Vector144
                0x00000000080002ba                Vector15C
                0x00000000080002ba                Vector170
                0x00000000080002ba                Vector104
                0x00000000080002ba                Vector184
                0x00000000080002ba                Vector10C
                0x00000000080002ba                Vector14C
                0x00000000080002ba                BusFault_Handler
                0x00000000080002ba                Vector50
                0x00000000080002ba                Vector1C8
                0x00000000080002ba                Vector194
                0x00000000080002ba                Vector1DC
                0x00000000080002ba                Vector44
                0x00000000080002ba                Vector28
                0x00000000080002ba                VectorB8
                0x00000000080002ba                Vector34
                0x00000000080002ba                VectorA4
                0x00000000080002ba                Vector20
                0x00000000080002ba                Vector18C
                0x00000000080002ba                Vector174
                0x00000000080002be                _unhandled_exception
 .text          0x00000000080002c0       0x28 build/obj/chcoreasm_v7m.o
                0x00000000080002c0                _port_switch
                0x00000000080002d0                _port_thread_start
                0x00000000080002e0                _port_switch_from_isr
                0x00000000080002e4                _port_exit_from_isr
 .text          0x00000000080002e8       0xf0 /usr/lib/gcc/arm-none-eabi/6.3.1/../../../arm-none-eabi/lib/libg.a(lib_a-memcpy-stub.o)
                0x00000000080002e8                memcpy
 *(.text.*)
 *fill*         0x00000000080003d8        0x8 
 .text.wakeup   0x00000000080003e0       0x70 /tmp/ccTi9bev.ltrans0.ltrans.o
 .text._idle_thread.lto_priv.38
                0x0000000008000450        0x4 /tmp/ccTi9bev.ltrans0.ltrans.o
                0x0000000008000450                _idle_thread.lto_priv.38
 *fill*         0x0000000008000454        0xc 
 .text.notify2.lto_priv.36
                0x0000000008000460       0x10 /tmp/ccTi9bev.ltrans0.ltrans.o
                0x0000000008000460                notify2.lto_priv.36
 .text._ctl.lto_priv.47
                0x0000000008000470        0x4 /tmp/ccTi9bev.ltrans0.ltrans.o
                0x0000000008000470                _ctl.lto_priv.47
 *fill*         0x0000000008000474        0xc 
 .text.oqPutTimeout
                0x0000000008000480       0x54 /tmp/ccTi9bev.ltrans0.ltrans.o
 *fill*         0x00000000080004d4        0xc 
 .text._putt.lto_priv.43
                0x00000000080004e0        0x8 /tmp/ccTi9bev.ltrans0.ltrans.o
                0x00000000080004e0                _putt.lto_priv.43
 *fill*         0x00000000080004e8        0x8 
 .text._put.lto_priv.41
                0x00000000080004f0        0xc /tmp/ccTi9bev.ltrans0.ltrans.o
                0x00000000080004f0                _put.lto_priv.41
 *fill*         0x00000000080004fc        0x4 
 .text.iqGetTimeout
                0x0000000008000500       0x54 /tmp/ccTi9bev.ltrans0.ltrans.o
 *fill*         0x0000000008000554        0xc 
 .text._gett.lto_priv.44
                0x0000000008000560        0x8 /tmp/ccTi9bev.ltrans0.ltrans.o
                0x0000000008000560                _gett.lto_priv.44
 *fill*         0x0000000008000568        0x8 
 .text._get.lto_priv.42
                0x0000000008000570        0xc /tmp/ccTi9bev.ltrans0.ltrans.o
                0x0000000008000570                _get.lto_priv.42
 *fill*         0x000000000800057c        0x4 
 .text.oqWriteTimeout
                0x0000000008000580       0xc4 /tmp/ccTi9bev.ltrans0.ltrans.o
 *fill*         0x0000000008000644        0xc 
 .text._writet.lto_priv.45
                0x0000000008000650        0x8 /tmp/ccTi9bev.ltrans0.ltrans.o
                0x0000000008000650                _writet.lto_priv.45
 *fill*         0x0000000008000658        0x8 
 .text._write.lto_priv.39
                0x0000000008000660        0xc /tmp/ccTi9bev.ltrans0.ltrans.o
                0x0000000008000660                _write.lto_priv.39
 *fill*         0x000000000800066c        0x4 
 .text.iqReadTimeout
                0x0000000008000670       0xc4 /tmp/ccTi9bev.ltrans0.ltrans.o
 *fill*         0x0000000008000734        0xc 
 .text._readt.lto_priv.46
                0x0000000008000740        0x8 /tmp/ccTi9bev.ltrans0.ltrans.o
                0x0000000008000740                _readt.lto_priv.46
 *fill*         0x0000000008000748        0x8 
 .text._read.lto_priv.40
                0x0000000008000750        0xc /tmp/ccTi9bev.ltrans0.ltrans.o
                0x0000000008000750                _read.lto_priv.40
 *fill*         0x000000000800075c        0x4 
 .text.chSchDoReschedule
                0x0000000008000760       0x40 /tmp/ccTi9bev.ltrans0.ltrans.o
                0x0000000008000760                chSchDoReschedule
 .text.chSchWakeupS
                0x00000000080007a0       0x60 /tmp/ccTi9bev.ltrans0.ltrans.o
                0x00000000080007a0                chSchWakeupS
 .text.chSchGoSleepS
                0x0000000008000800       0x28 /tmp/ccTi9bev.ltrans0.ltrans.o
                0x0000000008000800                chSchGoSleepS
 *fill*         0x0000000008000828        0x8 
 .text.chSchGoSleepTimeoutS
                0x0000000008000830      0x118 /tmp/ccTi9bev.ltrans0.ltrans.o
                0x0000000008000830                chSchGoSleepTimeoutS
 *fill*         0x0000000008000948        0x8 
 .text.chSchReadyI
                0x0000000008000950       0x2c /tmp/ccTi9bev.ltrans0.ltrans.o
                0x0000000008000950                chSchReadyI
 *fill*         0x000000000800097c        0x4 
 .text.chThdExit
                0x0000000008000980       0x50 /tmp/ccTi9bev.ltrans0.ltrans.o
                0x0000000008000980                chThdExit
 .text.__early_init
                0x00000000080009d0      0x27c /tmp/ccTi9bev.ltrans0.ltrans.o
                0x00000000080009d0                __early_init
 *fill*         0x0000000008000c4c        0x4 
 .text.VectorD8
                0x0000000008000c50      0x1cc /tmp/ccTi9bev.ltrans0.ltrans.o
                0x0000000008000c50                VectorD8
 *fill*         0x0000000008000e1c        0x4 
 .text.VectorB0
                0x0000000008000e20       0xa0 /tmp/ccTi9bev.ltrans0.ltrans.o
                0x0000000008000e20                VectorB0
 .text._pal_lld_setgroupmode
                0x0000000008000ec0       0xd0 /tmp/ccTi9bev.ltrans0.ltrans.o
                0x0000000008000ec0                _pal_lld_setgroupmode
 .text.Vector158
                0x0000000008000f90       0x2c /tmp/ccTi9bev.ltrans0.ltrans.o
                0x0000000008000f90                Vector158
 *fill*         0x0000000008000fbc        0x4 
 .text.Vector154
                0x0000000008000fc0       0x2c /tmp/ccTi9bev.ltrans0.ltrans.o
                0x0000000008000fc0                Vector154
 *fill*         0x0000000008000fec        0x4 
 .text.Vector150
                0x0000000008000ff0       0x2c /tmp/ccTi9bev.ltrans0.ltrans.o
                0x0000000008000ff0                Vector150
 *fill*         0x000000000800101c        0x4 
 .text.Vector130
                0x0000000008001020       0x28 /tmp/ccTi9bev.ltrans0.ltrans.o
                0x0000000008001020                Vector130
 *fill*         0x0000000008001048        0x8 
 .text.Vector12C
                0x0000000008001050       0x2c /tmp/ccTi9bev.ltrans0.ltrans.o
                0x0000000008001050                Vector12C
 *fill*         0x000000000800107c        0x4 
 .text.Vector128
                0x0000000008001080       0x2c /tmp/ccTi9bev.ltrans0.ltrans.o
                0x0000000008001080                Vector128
 *fill*         0x00000000080010ac        0x4 
 .text.Vector124
                0x00000000080010b0       0x2c /tmp/ccTi9bev.ltrans0.ltrans.o
                0x00000000080010b0                Vector124
 *fill*         0x00000000080010dc        0x4 
 .text.Vector120
                0x00000000080010e0       0x28 /tmp/ccTi9bev.ltrans0.ltrans.o
                0x00000000080010e0                Vector120
 *fill*         0x0000000008001108        0x8 
 .text.VectorFC
                0x0000000008001110       0x2c /tmp/ccTi9bev.ltrans0.ltrans.o
                0x0000000008001110                VectorFC
 *fill*         0x000000000800113c        0x4 
 .text.Vector84
                0x0000000008001140       0x2c /tmp/ccTi9bev.ltrans0.ltrans.o
                0x0000000008001140                Vector84
 *fill*         0x000000000800116c        0x4 
 .text.Vector80
                0x0000000008001170       0x2c /tmp/ccTi9bev.ltrans0.ltrans.o
                0x0000000008001170                Vector80
 *fill*         0x000000000800119c        0x4 
 .text.Vector7C
                0x00000000080011a0       0x28 /tmp/ccTi9bev.ltrans0.ltrans.o
                0x00000000080011a0                Vector7C
 *fill*         0x00000000080011c8        0x8 
 .text.Vector78
                0x00000000080011d0       0x2c /tmp/ccTi9bev.ltrans0.ltrans.o
                0x00000000080011d0                Vector78
 *fill*         0x00000000080011fc        0x4 
 .text.Vector74
                0x0000000008001200       0x2c /tmp/ccTi9bev.ltrans0.ltrans.o
                0x0000000008001200                Vector74
 *fill*         0x000000000800122c        0x4 
 .text.Vector70
                0x0000000008001230       0x2c /tmp/ccTi9bev.ltrans0.ltrans.o
                0x0000000008001230                Vector70
 *fill*         0x000000000800125c        0x4 
 .text.Vector6C
                0x0000000008001260       0x28 /tmp/ccTi9bev.ltrans0.ltrans.o
                0x0000000008001260                Vector6C
 *fill*         0x0000000008001288        0x8 
 .text.adc_lld_stop_conversion
                0x0000000008001290       0x34 /tmp/ccTi9bev.ltrans0.ltrans.o
                0x0000000008001290                adc_lld_stop_conversion
 *fill*         0x00000000080012c4        0xc 
 .text.adc_lld_serve_rx_interrupt.lto_priv.37
                0x00000000080012d0       0xe8 /tmp/ccTi9bev.ltrans0.ltrans.o
                0x00000000080012d0                adc_lld_serve_rx_interrupt.lto_priv.37
 *fill*         0x00000000080013b8        0x8 
 .text.Vector88
                0x00000000080013c0       0x7c /tmp/ccTi9bev.ltrans0.ltrans.o
                0x00000000080013c0                Vector88
 *fill*         0x000000000800143c        0x4 
 .text.VectorE0
                0x0000000008001440       0x74 /tmp/ccTi9bev.ltrans0.ltrans.o
                0x0000000008001440                VectorE0
 *fill*         0x00000000080014b4        0xc 
 .text.Vector9C
                0x00000000080014c0       0x68 /tmp/ccTi9bev.ltrans0.ltrans.o
                0x00000000080014c0                Vector9C
 *fill*         0x0000000008001528        0x8 
 .text.Vector68
                0x0000000008001530       0x2c /tmp/ccTi9bev.ltrans0.ltrans.o
                0x0000000008001530                Vector68
 *fill*         0x000000000800155c        0x4 
 .text.Vector64
                0x0000000008001560       0x2c /tmp/ccTi9bev.ltrans0.ltrans.o
                0x0000000008001560                Vector64
 *fill*         0x000000000800158c        0x4 
 .text.Vector60
                0x0000000008001590       0x2c /tmp/ccTi9bev.ltrans0.ltrans.o
                0x0000000008001590                Vector60
 *fill*         0x00000000080015bc        0x4 
 .text.Vector5C
                0x00000000080015c0       0x2c /tmp/ccTi9bev.ltrans0.ltrans.o
                0x00000000080015c0                Vector5C
 *fill*         0x00000000080015ec        0x4 
 .text.Vector58
                0x00000000080015f0       0x2c /tmp/ccTi9bev.ltrans0.ltrans.o
                0x00000000080015f0                Vector58
 *fill*         0x000000000800161c        0x4 
 .text.__init_ram_areas
                0x0000000008001620       0x64 /tmp/ccTi9bev.ltrans0.ltrans.o
                0x0000000008001620                __init_ram_areas
 *fill*         0x0000000008001684        0xc 
 .text.__default_exit
                0x0000000008001690        0x4 /tmp/ccTi9bev.ltrans0.ltrans.o
                0x0000000008001690                __default_exit
 *fill*         0x0000000008001694        0xc 
 .text.__late_init
                0x00000000080016a0        0x4 /tmp/ccTi9bev.ltrans0.ltrans.o
                0x00000000080016a0                __late_init
 *fill*         0x00000000080016a4        0xc 
 .text.__core_init
                0x00000000080016b0        0x4 /tmp/ccTi9bev.ltrans0.ltrans.o
                0x00000000080016b0                __core_init
 *fill*         0x00000000080016b4        0xc 
 .text.chCoreAllocAlignedWithOffset
                0x00000000080016c0       0x44 /tmp/ccTi9bev.ltrans1.ltrans.o
 *fill*         0x0000000008001704        0xc 
 .text.adc_callback
                0x0000000008001710       0x44 /tmp/ccTi9bev.ltrans1.ltrans.o
 *fill*         0x0000000008001754        0xc 
 .text.adcerrorcallback
                0x0000000008001760        0x4 /tmp/ccTi9bev.ltrans1.ltrans.o
 *fill*         0x0000000008001764        0xc 
 .text.chCoreAllocAlignedI
                0x0000000008001770       0x34 /tmp/ccTi9bev.ltrans1.ltrans.o
 *fill*         0x00000000080017a4        0xc 
 .text.chTMStopMeasurementX
                0x00000000080017b0       0x44 /tmp/ccTi9bev.ltrans1.ltrans.o
 *fill*         0x00000000080017f4        0xc 
 .text.Thread1  0x0000000008001800       0x4c /tmp/ccTi9bev.ltrans1.ltrans.o
 *fill*         0x000000000800184c        0x4 
 .text.Thread3  0x0000000008001850      0x214 /tmp/ccTi9bev.ltrans1.ltrans.o
 *fill*         0x0000000008001a64        0xc 
 .text.Thread2  0x0000000008001a70      0x19c /tmp/ccTi9bev.ltrans1.ltrans.o
 *fill*         0x0000000008001c0c        0x4 
 .text.startup.main
                0x0000000008001c10      0x554 /tmp/ccTi9bev.ltrans1.ltrans.o
                0x0000000008001c10                main
 *fill*         0x0000000008002164        0xc 
 .text._port_irq_epilogue
                0x0000000008002170       0x54 /tmp/ccTi9bev.ltrans1.ltrans.o
                0x0000000008002170                _port_irq_epilogue
 *fill*         0x00000000080021c4        0xc 
 .text.SVC_Handler
                0x00000000080021d0       0x14 /tmp/ccTi9bev.ltrans1.ltrans.o
                0x00000000080021d0                SVC_Handler
 *fill*         0x00000000080021e4        0xc 
 .text.chEvtBroadcastFlagsI
                0x00000000080021f0       0x60 /tmp/ccTi9bev.ltrans1.ltrans.o
                0x00000000080021f0                chEvtBroadcastFlagsI
 .text.button_cb
                0x0000000008002250       0x3c /tmp/ccTi9bev.ltrans1.ltrans.o
 *fill*         0x000000000800228c        0x4 
 .text.chThdEnqueueTimeoutS
                0x0000000008002290       0x28 /tmp/ccTi9bev.ltrans1.ltrans.o
                0x0000000008002290                chThdEnqueueTimeoutS
 *fill*         0x00000000080022b8        0x8 
 .text.adc_lld_start_conversion.constprop.22
                0x00000000080022c0       0x98 /tmp/ccTi9bev.ltrans2.ltrans.o
                0x00000000080022c0                adc_lld_start_conversion.constprop.22
 *fill*         0x0000000008002358        0x8 
 .text.chTMStartMeasurementX.constprop.6
                0x0000000008002360        0xc /tmp/ccTi9bev.ltrans2.ltrans.o
                0x0000000008002360                chTMStartMeasurementX.constprop.6
 *fill*         0x000000000800236c        0x4 
 .text.chThdCreateStatic.constprop.5
                0x0000000008002370       0x94 /tmp/ccTi9bev.ltrans2.ltrans.o
                0x0000000008002370                chThdCreateStatic.constprop.5
 *fill*         0x0000000008002404        0xc 
 .text.chprintf.constprop.0
                0x0000000008002410      0x3c4 /tmp/ccTi9bev.ltrans2.ltrans.o
                0x0000000008002410                chprintf.constprop.0
 *(.glue_7t)
 .glue_7t       0x00000000080027d4        0x0 linker stubs
 *(.glue_7)
 .glue_7        0x00000000080027d4        0x0 linker stubs
 *(.gcc*)

.vfp11_veneer   0x00000000080027d4        0x0
 .vfp11_veneer  0x00000000080027d4        0x0 linker stubs

.v4_bx          0x00000000080027d4        0x0
 .v4_bx         0x00000000080027d4        0x0 linker stubs

.iplt           0x00000000080027d4        0x0
 .iplt          0x00000000080027d4        0x0 build/obj/crt0_v7m.o

.rodata         0x00000000080027d4      0x284
                0x00000000080027d4                . = ALIGN (0x4)
                0x00000000080027d4                __rodata_base__ = .
 *(.rodata)
 *(.rodata.*)
 .rodata.ram_areas
                0x00000000080027d4       0x80 /tmp/ccTi9bev.ltrans0.ltrans.o
 .rodata.Thread1.str1.4
                0x0000000008002854        0x8 /tmp/ccTi9bev.ltrans1.ltrans.o
 .rodata.Thread2.str1.4
                0x000000000800285c       0x68 /tmp/ccTi9bev.ltrans1.ltrans.o
 .rodata.Thread3.str1.4
                0x00000000080028c4       0x33 /tmp/ccTi9bev.ltrans1.ltrans.o
 *fill*         0x00000000080028f7        0x1 
 .rodata._stm32_dma_streams
                0x00000000080028f8       0xc0 /tmp/ccTi9bev.ltrans1.ltrans.o
 .rodata.adcgrpcfg1
                0x00000000080029b8       0x28 /tmp/ccTi9bev.ltrans1.ltrans.o
 .rodata.ch_debug
                0x00000000080029e0       0x16 /tmp/ccTi9bev.ltrans1.ltrans.o
 *fill*         0x00000000080029f6        0x2 
 .rodata.main.str1.4
                0x00000000080029f8       0x28 /tmp/ccTi9bev.ltrans1.ltrans.o
 .rodata.vmt    0x0000000008002a20       0x28 /tmp/ccTi9bev.ltrans1.ltrans.o
 .rodata.chThdCreateStatic.constprop.5.str1.4
                0x0000000008002a48        0x7 /tmp/ccTi9bev.ltrans2.ltrans.o
 *fill*         0x0000000008002a4f        0x1 
 .rodata.chprintf.constprop.0.str1.4
                0x0000000008002a50        0x8 /tmp/ccTi9bev.ltrans2.ltrans.o
                                          0x7 (size before relaxing)
                0x0000000008002a58                . = ALIGN (0x4)
                0x0000000008002a58                __rodata_end__ = .

.rel.dyn        0x0000000008002a58        0x0
 .rel.iplt      0x0000000008002a58        0x0 build/obj/crt0_v7m.o

.ARM.extab
 *(.ARM.extab* .gnu.linkonce.armextab.*)

.ARM.exidx      0x0000000008002a58        0x0
                0x0000000008002a58                __exidx_start = .
 *(.ARM.exidx* .gnu.linkonce.armexidx.*)
                0x0000000008002a58                __exidx_end = .

.eh_frame_hdr
 *(.eh_frame_hdr)

.eh_frame
 *(.eh_frame)
                0x0000000020000000                __ram0_start__ = ORIGIN (ram0)
                0x0000000000020000                __ram0_size__ = LENGTH (ram0)
                0x0000000020020000                __ram0_end__ = (__ram0_start__ + __ram0_size__)
                0x0000000020000000                __ram1_start__ = ORIGIN (ram1)
                0x000000000001c000                __ram1_size__ = LENGTH (ram1)
                0x000000002001c000                __ram1_end__ = (__ram1_start__ + __ram1_size__)
                0x000000002001c000                __ram2_start__ = ORIGIN (ram2)
                0x0000000000004000                __ram2_size__ = LENGTH (ram2)
                0x0000000020020000                __ram2_end__ = (__ram2_start__ + __ram2_size__)
                0x0000000000000000                __ram3_start__ = ORIGIN (ram3)
                0x0000000000000000                __ram3_size__ = LENGTH (ram3)
                0x0000000000000000                __ram3_end__ = (__ram3_start__ + __ram3_size__)
                0x0000000010000000                __ram4_start__ = ORIGIN (ram4)
                0x0000000000010000                __ram4_size__ = LENGTH (ram4)
                0x0000000010010000                __ram4_end__ = (__ram4_start__ + __ram4_size__)
                0x0000000040024000                __ram5_start__ = ORIGIN (ram5)
                0x0000000000001000                __ram5_size__ = LENGTH (ram5)
                0x0000000040025000                __ram5_end__ = (__ram5_start__ + __ram5_size__)
                0x0000000000000000                __ram6_start__ = ORIGIN (ram6)
                0x0000000000000000                __ram6_size__ = LENGTH (ram6)
                0x0000000000000000                __ram6_end__ = (__ram6_start__ + __ram6_size__)
                0x0000000000000000                __ram7_start__ = ORIGIN (ram7)
                0x0000000000000000                __ram7_size__ = LENGTH (ram7)
                0x0000000000000000                __ram7_end__ = (__ram7_start__ + __ram7_size__)

.data           0x0000000020000800        0x4 load address 0x0000000008002a58
                0x0000000020000800                . = ALIGN (0x4)
                [!provide]                        PROVIDE (_textdata, LOADADDR (.data))
                [!provide]                        PROVIDE (_data, .)
                0x0000000008002a58                _textdata_start = LOADADDR (.data)
                0x0000000020000800                _data_start = .
 *(.data)
 *(.data.*)
 .data.flag_adc
                0x0000000020000800        0x4 /tmp/ccTi9bev.ltrans1.ltrans.o
 *(.ramtext)
                0x0000000020000804                . = ALIGN (0x4)
                [!provide]                        PROVIDE (_edata, .)
                0x0000000020000804                _data_end = .

.igot.plt       0x0000000020000804        0x0 load address 0x0000000008002a5c
 .igot.plt      0x0000000020000804        0x0 build/obj/crt0_v7m.o

.bss            0x0000000020000808      0x768 load address 0x0000000008002a5c
                0x0000000020000808                . = ALIGN (0x4)
                0x0000000020000808                _bss_start = .
 *(.bss)
 *(.bss.*)
 .bss._pal_events
                0x0000000020000808       0x80 /tmp/ccTi9bev.ltrans1.ltrans.o
                0x0000000020000808                _pal_events
 .bss.avg_adc1ch0
                0x0000000020000888        0x2 /tmp/ccTi9bev.ltrans1.ltrans.o
 .bss.avg_adc1ch1
                0x000000002000088a        0x2 /tmp/ccTi9bev.ltrans1.ltrans.o
 .bss.button_pressed_event
                0x000000002000088c        0x4 /tmp/ccTi9bev.ltrans1.ltrans.o
 .bss.button_released_event
                0x0000000020000890        0x4 /tmp/ccTi9bev.ltrans1.ltrans.o
 .bss.ch_factory
                0x0000000020000894       0x44 /tmp/ccTi9bev.ltrans1.ltrans.o
 .bss.ch_idle_thread_wa
                0x00000000200008d8       0xd8 /tmp/ccTi9bev.ltrans1.ltrans.o
 .bss.ch_memcore
                0x00000000200009b0        0x8 /tmp/ccTi9bev.ltrans1.ltrans.o
 .bss.count_button1pressed
                0x00000000200009b8        0x4 /tmp/ccTi9bev.ltrans1.ltrans.o
 .bss.default_heap
                0x00000000200009bc       0x1c /tmp/ccTi9bev.ltrans1.ltrans.o
 .bss.dma_isr_redir.lto_priv.48
                0x00000000200009d8       0x80 /tmp/ccTi9bev.ltrans1.ltrans.o
                0x00000000200009d8                dma_isr_redir.lto_priv.48
 .bss.dma_streams_mask
                0x0000000020000a58        0x4 /tmp/ccTi9bev.ltrans1.ltrans.o
 .bss.event_button1pressed
                0x0000000020000a5c        0x4 /tmp/ccTi9bev.ltrans1.ltrans.o
 .bss.samples1  0x0000000020000a60       0x10 /tmp/ccTi9bev.ltrans1.ltrans.o
 .bss.waThread1
                0x0000000020000a70      0x148 /tmp/ccTi9bev.ltrans1.ltrans.o
 .bss.waThread2
                0x0000000020000bb8      0x148 /tmp/ccTi9bev.ltrans1.ltrans.o
 .bss.waThread3
                0x0000000020000d00      0x148 /tmp/ccTi9bev.ltrans1.ltrans.o
 .bss.ADCD1     0x0000000020000e48       0x34 /tmp/ccTi9bev.ltrans2.ltrans.o
                0x0000000020000e48                ADCD1
 .bss.SD2       0x0000000020000e7c       0x7c /tmp/ccTi9bev.ltrans2.ltrans.o
                0x0000000020000e7c                SD2
 .bss.ch        0x0000000020000ef8       0x78 /tmp/ccTi9bev.ltrans2.ltrans.o
                0x0000000020000ef8                ch
 *(COMMON)
                0x0000000020000f70                . = ALIGN (0x4)
                0x0000000020000f70                _bss_end = .
                [!provide]                        PROVIDE (end, .)

.ram0_init      0x0000000020000f70        0x0 load address 0x0000000008002a5c
                0x0000000020000f70                . = ALIGN (0x4)
                0x0000000008002a5c                __ram0_init_text__ = LOADADDR (.ram0_init)
                0x0000000020000f70                __ram0_init__ = .
 *(.ram0_init)
 *(.ram0_init.*)
                0x0000000020000f70                . = ALIGN (0x4)

.ram0           0x0000000020000f70        0x0 load address 0x0000000008002a5c
                0x0000000020000f70                . = ALIGN (0x4)
                0x0000000020000f70                __ram0_clear__ = .
 *(.ram0_clear)
 *(.ram0_clear.*)
                0x0000000020000f70                . = ALIGN (0x4)
                0x0000000020000f70                __ram0_noinit__ = .
 *(.ram0)
 *(.ram0.*)
                0x0000000020000f70                . = ALIGN (0x4)
                0x0000000020000f70                __ram0_free__ = .

.ram1_init      0x0000000020000000        0x0 load address 0x0000000008002a5c
                0x0000000020000000                . = ALIGN (0x4)
                0x0000000008002a5c                __ram1_init_text__ = LOADADDR (.ram1_init)
                0x0000000020000000                __ram1_init__ = .
 *(.ram1_init)
 *(.ram1_init.*)
                0x0000000020000000                . = ALIGN (0x4)

.ram1           0x0000000020000000        0x0 load address 0x0000000008002a5c
                0x0000000020000000                . = ALIGN (0x4)
                0x0000000020000000                __ram1_clear__ = .
 *(.ram1_clear)
 *(.ram1_clear.*)
                0x0000000020000000                . = ALIGN (0x4)
                0x0000000020000000                __ram1_noinit__ = .
 *(.ram1)
 *(.ram1.*)
                0x0000000020000000                . = ALIGN (0x4)
                0x0000000020000000                __ram1_free__ = .

.ram2_init      0x000000002001c000        0x0 load address 0x0000000008002a5c
                0x000000002001c000                . = ALIGN (0x4)
                0x0000000008002a5c                __ram2_init_text__ = LOADADDR (.ram2_init)
                0x000000002001c000                __ram2_init__ = .
 *(.ram2_init)
 *(.ram2_init.*)
                0x000000002001c000                . = ALIGN (0x4)

.ram2           0x000000002001c000        0x0 load address 0x0000000008002a5c
                0x000000002001c000                . = ALIGN (0x4)
                0x000000002001c000                __ram2_clear__ = .
 *(.ram2_clear)
 *(.ram2_clear.*)
                0x000000002001c000                . = ALIGN (0x4)
                0x000000002001c000                __ram2_noinit__ = .
 *(.ram2)
 *(.ram2.*)
                0x000000002001c000                . = ALIGN (0x4)
                0x000000002001c000                __ram2_free__ = .

.ram3_init      0x0000000000000000        0x0 load address 0x0000000008002a5c
                0x0000000000000000                . = ALIGN (0x4)
                0x0000000008002a5c                __ram3_init_text__ = LOADADDR (.ram3_init)
                0x0000000000000000                __ram3_init__ = .
 *(.ram3_init)
 *(.ram3_init.*)
                0x0000000000000000                . = ALIGN (0x4)

.ram3           0x0000000000000000        0x0 load address 0x0000000008002a5c
                0x0000000000000000                . = ALIGN (0x4)
                0x0000000000000000                __ram3_clear__ = .
 *(.ram3_clear)
 *(.ram3_clear.*)
                0x0000000000000000                . = ALIGN (0x4)
                0x0000000000000000                __ram3_noinit__ = .
 *(.ram3)
 *(.ram3.*)
                0x0000000000000000                . = ALIGN (0x4)
                0x0000000000000000                __ram3_free__ = .

.ram4_init      0x0000000010000000        0x0 load address 0x0000000008002a5c
                0x0000000010000000                . = ALIGN (0x4)
                0x0000000008002a5c                __ram4_init_text__ = LOADADDR (.ram4_init)
                0x0000000010000000                __ram4_init__ = .
 *(.ram4_init)
 *(.ram4_init.*)
                0x0000000010000000                . = ALIGN (0x4)

.ram4           0x0000000010000000        0x0 load address 0x0000000008002a5c
                0x0000000010000000                . = ALIGN (0x4)
                0x0000000010000000                __ram4_clear__ = .
 *(.ram4_clear)
 *(.ram4_clear.*)
                0x0000000010000000                . = ALIGN (0x4)
                0x0000000010000000                __ram4_noinit__ = .
 *(.ram4)
 *(.ram4.*)
                0x0000000010000000                . = ALIGN (0x4)
                0x0000000010000000                __ram4_free__ = .

.ram5_init      0x0000000040024000        0x0 load address 0x0000000008002a5c
                0x0000000040024000                . = ALIGN (0x4)
                0x0000000008002a5c                __ram5_init_text__ = LOADADDR (.ram5_init)
                0x0000000040024000                __ram5_init__ = .
 *(.ram5_init)
 *(.ram5_init.*)
                0x0000000040024000                . = ALIGN (0x4)

.ram5           0x0000000040024000        0x0 load address 0x0000000008002a5c
                0x0000000040024000                . = ALIGN (0x4)
                0x0000000040024000                __ram5_clear__ = .
 *(.ram5_clear)
 *(.ram5_clear.*)
                0x0000000040024000                . = ALIGN (0x4)
                0x0000000040024000                __ram5_noinit__ = .
 *(.ram5)
 *(.ram5.*)
                0x0000000040024000                . = ALIGN (0x4)
                0x0000000040024000                __ram5_free__ = .

.ram6_init      0x0000000000000000        0x0 load address 0x0000000008002a5c
                0x0000000000000000                . = ALIGN (0x4)
                0x0000000008002a5c                __ram6_init_text__ = LOADADDR (.ram6_init)
                0x0000000000000000                __ram6_init__ = .
 *(.ram6_init)
 *(.ram6_init.*)
                0x0000000000000000                . = ALIGN (0x4)

.ram6           0x0000000000000000        0x0 load address 0x0000000008002a5c
                0x0000000000000000                . = ALIGN (0x4)
                0x0000000000000000                __ram6_clear__ = .
 *(.ram6_clear)
 *(.ram6_clear.*)
                0x0000000000000000                . = ALIGN (0x4)
                0x0000000000000000                __ram6_noinit__ = .
 *(.ram6)
 *(.ram6.*)
                0x0000000000000000                . = ALIGN (0x4)
                0x0000000000000000                __ram6_free__ = .

.ram7_init      0x0000000000000000        0x0 load address 0x0000000008002a5c
                0x0000000000000000                . = ALIGN (0x4)
                0x0000000008002a5c                __ram7_init_text__ = LOADADDR (.ram7_init)
                0x0000000000000000                __ram7_init__ = .
 *(.ram7_init)
 *(.ram7_init.*)
                0x0000000000000000                . = ALIGN (0x4)

.ram7           0x0000000000000000        0x0 load address 0x0000000008002a5c
                0x0000000000000000                . = ALIGN (0x4)
                0x0000000000000000                __ram7_clear__ = .
 *(.ram7_clear)
 *(.ram7_clear.*)
                0x0000000000000000                . = ALIGN (0x4)
                0x0000000000000000                __ram7_noinit__ = .
 *(.ram7)
 *(.ram7.*)
                0x0000000000000000                . = ALIGN (0x4)
                0x0000000000000000                __ram7_free__ = .

.heap           0x0000000020000f70    0x1f090
                0x0000000020000f70                . = ALIGN (0x8)
                0x0000000020000f70                __heap_base__ = .
                0x0000000020020000                . = (ORIGIN (HEAP_RAM) + LENGTH (HEAP_RAM))
 *fill*         0x0000000020000f70    0x1f090 
                0x0000000020020000                __heap_end__ = .
                0x0000000000000400                __process_stack_size__ = 0x400
                0x0000000000000400                __main_stack_size__ = 0x400
START GROUP
LOAD /usr/lib/gcc/arm-none-eabi/6.3.1/thumb/v7e-m/libgcc.a
LOAD /usr/lib/gcc/arm-none-eabi/6.3.1/../../../arm-none-eabi/lib/libg.a
LOAD /usr/lib/gcc/arm-none-eabi/6.3.1/../../../arm-none-eabi/lib/libc.a
END GROUP
OUTPUT(build/dedes.elf elf32-littlearm)

.ARM.attributes
                0x0000000000000000       0x31
 .ARM.attributes
                0x0000000000000000       0x21 build/obj/crt0_v7m.o
 .ARM.attributes
                0x0000000000000021       0x21 build/obj/vectors.o
 .ARM.attributes
                0x0000000000000042       0x21 build/obj/chcoreasm_v7m.o
 .ARM.attributes
                0x0000000000000063       0x31 /tmp/ccTi9bev.ltrans0.ltrans.o
 .ARM.attributes
                0x0000000000000094       0x31 /tmp/ccTi9bev.ltrans1.ltrans.o
 .ARM.attributes
                0x00000000000000c5       0x31 /tmp/ccTi9bev.ltrans2.ltrans.o
 .ARM.attributes
                0x00000000000000f6       0x30 /usr/lib/gcc/arm-none-eabi/6.3.1/../../../arm-none-eabi/lib/libg.a(lib_a-memcpy-stub.o)

.comment        0x0000000000000000       0x5c
 .comment       0x0000000000000000       0x31 /tmp/ccTi9bev.ltrans0.ltrans.o
                                         0x32 (size before relaxing)
 .comment       0x0000000000000031       0x32 /tmp/ccTi9bev.ltrans1.ltrans.o
 .comment       0x0000000000000031       0x32 /tmp/ccTi9bev.ltrans2.ltrans.o
 .comment       0x0000000000000031       0x2b /usr/lib/gcc/arm-none-eabi/6.3.1/../../../arm-none-eabi/lib/libg.a(lib_a-memcpy-stub.o)
                                         0x2c (size before relaxing)

.debug_line     0x0000000000000000     0x279f
 .debug_line    0x0000000000000000       0xc0 build/obj/crt0_v7m.o
 .debug_line    0x00000000000000c0       0x6a build/obj/vectors.o
 .debug_line    0x000000000000012a       0x7c build/obj/chcoreasm_v7m.o
 .debug_line    0x00000000000001a6     0x10c6 /tmp/ccTi9bev.ltrans0.ltrans.o
 .debug_line    0x000000000000126c      0xec7 /tmp/ccTi9bev.ltrans1.ltrans.o
 .debug_line    0x0000000000002133      0x544 /tmp/ccTi9bev.ltrans2.ltrans.o
 .debug_line    0x0000000000002677      0x128 /usr/lib/gcc/arm-none-eabi/6.3.1/../../../arm-none-eabi/lib/libg.a(lib_a-memcpy-stub.o)

.debug_info     0x0000000000000000     0x98ba
 .debug_info    0x0000000000000000       0xa0 build/obj/crt0_v7m.o
 .debug_info    0x00000000000000a0       0x9f build/obj/vectors.o
 .debug_info    0x000000000000013f       0xa3 build/obj/chcoreasm_v7m.o
 .debug_info    0x00000000000001e2     0x4127 /tmp/ccTi9bev.ltrans0.ltrans.o
 .debug_info    0x0000000000004309     0x3f03 /tmp/ccTi9bev.ltrans1.ltrans.o
 .debug_info    0x000000000000820c     0x156c /tmp/ccTi9bev.ltrans2.ltrans.o
 .debug_info    0x0000000000009778      0x142 /usr/lib/gcc/arm-none-eabi/6.3.1/../../../arm-none-eabi/lib/libg.a(lib_a-memcpy-stub.o)

.debug_abbrev   0x0000000000000000     0x108a
 .debug_abbrev  0x0000000000000000       0x14 build/obj/crt0_v7m.o
 .debug_abbrev  0x0000000000000014       0x14 build/obj/vectors.o
 .debug_abbrev  0x0000000000000028       0x14 build/obj/chcoreasm_v7m.o
 .debug_abbrev  0x000000000000003c      0x661 /tmp/ccTi9bev.ltrans0.ltrans.o
 .debug_abbrev  0x000000000000069d      0x5a5 /tmp/ccTi9bev.ltrans1.ltrans.o
 .debug_abbrev  0x0000000000000c42      0x396 /tmp/ccTi9bev.ltrans2.ltrans.o
 .debug_abbrev  0x0000000000000fd8       0xb2 /usr/lib/gcc/arm-none-eabi/6.3.1/../../../arm-none-eabi/lib/libg.a(lib_a-memcpy-stub.o)

.debug_aranges  0x0000000000000000      0x310
 .debug_aranges
                0x0000000000000000       0x20 build/obj/crt0_v7m.o
 .debug_aranges
                0x0000000000000020       0x20 build/obj/vectors.o
 .debug_aranges
                0x0000000000000040       0x20 build/obj/chcoreasm_v7m.o
 .debug_aranges
                0x0000000000000060      0x1d0 /tmp/ccTi9bev.ltrans0.ltrans.o
 .debug_aranges
                0x0000000000000230       0x88 /tmp/ccTi9bev.ltrans1.ltrans.o
 .debug_aranges
                0x00000000000002b8       0x38 /tmp/ccTi9bev.ltrans2.ltrans.o
 .debug_aranges
                0x00000000000002f0       0x20 /usr/lib/gcc/arm-none-eabi/6.3.1/../../../arm-none-eabi/lib/libg.a(lib_a-memcpy-stub.o)

.debug_loc      0x0000000000000000     0x3c22
 .debug_loc     0x0000000000000000     0x1eb1 /tmp/ccTi9bev.ltrans0.ltrans.o
 .debug_loc     0x0000000000001eb1      0xff5 /tmp/ccTi9bev.ltrans1.ltrans.o
 .debug_loc     0x0000000000002ea6      0xb86 /tmp/ccTi9bev.ltrans2.ltrans.o
 .debug_loc     0x0000000000003a2c      0x1f6 /usr/lib/gcc/arm-none-eabi/6.3.1/../../../arm-none-eabi/lib/libg.a(lib_a-memcpy-stub.o)

.debug_ranges   0x0000000000000000     0x1650
 .debug_ranges  0x0000000000000000      0x840 /tmp/ccTi9bev.ltrans0.ltrans.o
 .debug_ranges  0x0000000000000840      0xd18 /tmp/ccTi9bev.ltrans1.ltrans.o
 .debug_ranges  0x0000000000001558       0xf8 /tmp/ccTi9bev.ltrans2.ltrans.o

.debug_str      0x0000000000000000     0x1cbe
 .debug_str     0x0000000000000000      0xf0a /tmp/ccTi9bev.ltrans0.ltrans.o
                                       0x101f (size before relaxing)
 .debug_str     0x0000000000000f0a      0xa59 /tmp/ccTi9bev.ltrans1.ltrans.o
                                       0x135f (size before relaxing)
 .debug_str     0x0000000000001963      0x256 /tmp/ccTi9bev.ltrans2.ltrans.o
                                        0xae3 (size before relaxing)
 .debug_str     0x0000000000001bb9      0x105 /usr/lib/gcc/arm-none-eabi/6.3.1/../../../arm-none-eabi/lib/libg.a(lib_a-memcpy-stub.o)
                                        0x18d (size before relaxing)

.debug_frame    0x0000000000000000      0x8e4
 .debug_frame   0x0000000000000000      0x65c /tmp/ccTi9bev.ltrans0.ltrans.o
 .debug_frame   0x000000000000065c      0x1a0 /tmp/ccTi9bev.ltrans1.ltrans.o
 .debug_frame   0x00000000000007fc       0xac /tmp/ccTi9bev.ltrans2.ltrans.o
 .debug_frame   0x00000000000008a8       0x3c /usr/lib/gcc/arm-none-eabi/6.3.1/../../../arm-none-eabi/lib/libg.a(lib_a-memcpy-stub.o)

Cross Reference Table

Symbol                                            File
ADCD1                                             /tmp/ccTi9bev.ltrans2.ltrans.o
                                                  build/obj/hal_adc_lld.o (symbol from plugin)
                                                  /tmp/ccTi9bev.ltrans1.ltrans.o
                                                  /tmp/ccTi9bev.ltrans0.ltrans.o
                                                  build/obj/main.o (symbol from plugin)
BusFault_Handler                                  build/obj/vectors.o
DebugMon_Handler                                  build/obj/vectors.o
HardFault_Handler                                 build/obj/vectors.o
MemManage_Handler                                 build/obj/vectors.o
NMI_Handler                                       build/obj/vectors.o
PendSV_Handler                                    build/obj/vectors.o
Reset_Handler                                     build/obj/vectors.o
SD2                                               /tmp/ccTi9bev.ltrans2.ltrans.o
                                                  build/obj/hal_serial_lld.o (symbol from plugin)
                                                  /tmp/ccTi9bev.ltrans1.ltrans.o
                                                  /tmp/ccTi9bev.ltrans0.ltrans.o
                                                  build/obj/main.o (symbol from plugin)
SVC_Handler                                       /tmp/ccTi9bev.ltrans1.ltrans.o
                                                  build/obj/chcore_v7m.o (symbol from plugin)
                                                  build/obj/vectors.o
SysTick_Handler                                   build/obj/vectors.o
SystemCoreClock                                   build/obj/hal_lld.o (symbol from plugin)
UsageFault_Handler                                build/obj/vectors.o
Vector100                                         build/obj/vectors.o
Vector104                                         build/obj/vectors.o
Vector108                                         build/obj/vectors.o
Vector10C                                         build/obj/vectors.o
Vector110                                         build/obj/vectors.o
Vector114                                         build/obj/vectors.o
Vector118                                         build/obj/vectors.o
Vector11C                                         build/obj/vectors.o
Vector120                                         /tmp/ccTi9bev.ltrans0.ltrans.o
                                                  build/obj/stm32_dma.o (symbol from plugin)
                                                  build/obj/vectors.o
Vector124                                         /tmp/ccTi9bev.ltrans0.ltrans.o
                                                  build/obj/stm32_dma.o (symbol from plugin)
                                                  build/obj/vectors.o
Vector128                                         /tmp/ccTi9bev.ltrans0.ltrans.o
                                                  build/obj/stm32_dma.o (symbol from plugin)
                                                  build/obj/vectors.o
Vector12C                                         /tmp/ccTi9bev.ltrans0.ltrans.o
                                                  build/obj/stm32_dma.o (symbol from plugin)
                                                  build/obj/vectors.o
Vector130                                         /tmp/ccTi9bev.ltrans0.ltrans.o
                                                  build/obj/stm32_dma.o (symbol from plugin)
                                                  build/obj/vectors.o
Vector134                                         build/obj/vectors.o
Vector138                                         build/obj/vectors.o
Vector13C                                         build/obj/vectors.o
Vector140                                         build/obj/vectors.o
Vector144                                         build/obj/vectors.o
Vector148                                         build/obj/vectors.o
Vector14C                                         build/obj/vectors.o
Vector150                                         /tmp/ccTi9bev.ltrans0.ltrans.o
                                                  build/obj/stm32_dma.o (symbol from plugin)
                                                  build/obj/vectors.o
Vector154                                         /tmp/ccTi9bev.ltrans0.ltrans.o
                                                  build/obj/stm32_dma.o (symbol from plugin)
                                                  build/obj/vectors.o
Vector158                                         /tmp/ccTi9bev.ltrans0.ltrans.o
                                                  build/obj/stm32_dma.o (symbol from plugin)
                                                  build/obj/vectors.o
Vector15C                                         build/obj/vectors.o
Vector160                                         build/obj/vectors.o
Vector164                                         build/obj/vectors.o
Vector168                                         build/obj/vectors.o
Vector16C                                         build/obj/vectors.o
Vector170                                         build/obj/vectors.o
Vector174                                         build/obj/vectors.o
Vector178                                         build/obj/vectors.o
Vector17C                                         build/obj/vectors.o
Vector180                                         build/obj/vectors.o
Vector184                                         build/obj/vectors.o
Vector188                                         build/obj/vectors.o
Vector18C                                         build/obj/vectors.o
Vector190                                         build/obj/vectors.o
Vector194                                         build/obj/vectors.o
Vector198                                         build/obj/vectors.o
Vector19C                                         build/obj/vectors.o
Vector1A0                                         build/obj/vectors.o
Vector1A4                                         build/obj/vectors.o
Vector1A8                                         build/obj/vectors.o
Vector1AC                                         build/obj/vectors.o
Vector1B0                                         build/obj/vectors.o
Vector1B4                                         build/obj/vectors.o
Vector1B8                                         build/obj/vectors.o
Vector1BC                                         build/obj/vectors.o
Vector1C                                          build/obj/vectors.o
Vector1C0                                         build/obj/vectors.o
Vector1C4                                         build/obj/vectors.o
Vector1C8                                         build/obj/vectors.o
Vector1CC                                         build/obj/vectors.o
Vector1D0                                         build/obj/vectors.o
Vector1D4                                         build/obj/vectors.o
Vector1D8                                         build/obj/vectors.o
Vector1DC                                         build/obj/vectors.o
Vector20                                          build/obj/vectors.o
Vector24                                          build/obj/vectors.o
Vector28                                          build/obj/vectors.o
Vector34                                          build/obj/vectors.o
Vector40                                          build/obj/vectors.o
Vector44                                          build/obj/vectors.o
Vector48                                          build/obj/vectors.o
Vector4C                                          build/obj/vectors.o
Vector50                                          build/obj/vectors.o
Vector54                                          build/obj/vectors.o
Vector58                                          /tmp/ccTi9bev.ltrans0.ltrans.o
                                                  build/obj/stm32_isr.o (symbol from plugin)
                                                  build/obj/vectors.o
Vector5C                                          /tmp/ccTi9bev.ltrans0.ltrans.o
                                                  build/obj/stm32_isr.o (symbol from plugin)
                                                  build/obj/vectors.o
Vector60                                          /tmp/ccTi9bev.ltrans0.ltrans.o
                                                  build/obj/stm32_isr.o (symbol from plugin)
                                                  build/obj/vectors.o
Vector64                                          /tmp/ccTi9bev.ltrans0.ltrans.o
                                                  build/obj/stm32_isr.o (symbol from plugin)
                                                  build/obj/vectors.o
Vector68                                          /tmp/ccTi9bev.ltrans0.ltrans.o
                                                  build/obj/stm32_isr.o (symbol from plugin)
                                                  build/obj/vectors.o
Vector6C                                          /tmp/ccTi9bev.ltrans0.ltrans.o
                                                  build/obj/stm32_dma.o (symbol from plugin)
                                                  build/obj/vectors.o
Vector70                                          /tmp/ccTi9bev.ltrans0.ltrans.o
                                                  build/obj/stm32_dma.o (symbol from plugin)
                                                  build/obj/vectors.o
Vector74                                          /tmp/ccTi9bev.ltrans0.ltrans.o
                                                  build/obj/stm32_dma.o (symbol from plugin)
                                                  build/obj/vectors.o
Vector78                                          /tmp/ccTi9bev.ltrans0.ltrans.o
                                                  build/obj/stm32_dma.o (symbol from plugin)
                                                  build/obj/vectors.o
Vector7C                                          /tmp/ccTi9bev.ltrans0.ltrans.o
                                                  build/obj/stm32_dma.o (symbol from plugin)
                                                  build/obj/vectors.o
Vector80                                          /tmp/ccTi9bev.ltrans0.ltrans.o
                                                  build/obj/stm32_dma.o (symbol from plugin)
                                                  build/obj/vectors.o
Vector84                                          /tmp/ccTi9bev.ltrans0.ltrans.o
                                                  build/obj/stm32_dma.o (symbol from plugin)
                                                  build/obj/vectors.o
Vector88                                          /tmp/ccTi9bev.ltrans0.ltrans.o
                                                  build/obj/hal_adc_lld.o (symbol from plugin)
                                                  build/obj/vectors.o
Vector8C                                          build/obj/vectors.o
Vector90                                          build/obj/vectors.o
Vector94                                          build/obj/vectors.o
Vector98                                          build/obj/vectors.o
Vector9C                                          /tmp/ccTi9bev.ltrans0.ltrans.o
                                                  build/obj/stm32_isr.o (symbol from plugin)
                                                  build/obj/vectors.o
VectorA0                                          build/obj/vectors.o
VectorA4                                          build/obj/vectors.o
VectorA8                                          build/obj/vectors.o
VectorAC                                          build/obj/vectors.o
VectorB0                                          /tmp/ccTi9bev.ltrans0.ltrans.o
                                                  build/obj/hal_st_lld.o (symbol from plugin)
                                                  build/obj/vectors.o
VectorB4                                          build/obj/vectors.o
VectorB8                                          build/obj/vectors.o
VectorBC                                          build/obj/vectors.o
VectorC0                                          build/obj/vectors.o
VectorC4                                          build/obj/vectors.o
VectorC8                                          build/obj/vectors.o
VectorCC                                          build/obj/vectors.o
VectorD0                                          build/obj/vectors.o
VectorD4                                          build/obj/vectors.o
VectorD8                                          /tmp/ccTi9bev.ltrans0.ltrans.o
                                                  build/obj/hal_serial_lld.o (symbol from plugin)
                                                  build/obj/vectors.o
VectorDC                                          build/obj/vectors.o
VectorE0                                          /tmp/ccTi9bev.ltrans0.ltrans.o
                                                  build/obj/stm32_isr.o (symbol from plugin)
                                                  build/obj/vectors.o
VectorE4                                          build/obj/vectors.o
VectorE8                                          build/obj/vectors.o
VectorEC                                          build/obj/vectors.o
VectorF0                                          build/obj/vectors.o
VectorF4                                          build/obj/vectors.o
VectorF8                                          build/obj/vectors.o
VectorFC                                          /tmp/ccTi9bev.ltrans0.ltrans.o
                                                  build/obj/stm32_dma.o (symbol from plugin)
                                                  build/obj/vectors.o
__core_init                                       /tmp/ccTi9bev.ltrans0.ltrans.o
                                                  build/obj/crt1.o (symbol from plugin)
                                                  build/obj/crt0_v7m.o
__default_exit                                    /tmp/ccTi9bev.ltrans0.ltrans.o
                                                  build/obj/crt1.o (symbol from plugin)
                                                  build/obj/crt0_v7m.o
__early_init                                      /tmp/ccTi9bev.ltrans0.ltrans.o
                                                  build/obj/board.o (symbol from plugin)
                                                  build/obj/crt1.o (symbol from plugin)
                                                  build/obj/crt0_v7m.o
__fini_array_end                                  build/obj/crt0_v7m.o
__fini_array_start                                build/obj/crt0_v7m.o
__heap_base__                                     /tmp/ccTi9bev.ltrans1.ltrans.o
                                                  build/obj/chmemcore.o (symbol from plugin)
__heap_end__                                      /tmp/ccTi9bev.ltrans1.ltrans.o
                                                  build/obj/chmemcore.o (symbol from plugin)
__init_array_end                                  build/obj/crt0_v7m.o
__init_array_start                                build/obj/crt0_v7m.o
__init_ram_areas                                  /tmp/ccTi9bev.ltrans0.ltrans.o
                                                  build/obj/crt1.o (symbol from plugin)
                                                  build/obj/crt0_v7m.o
__late_init                                       /tmp/ccTi9bev.ltrans0.ltrans.o
                                                  build/obj/crt1.o (symbol from plugin)
                                                  build/obj/crt0_v7m.o
__main_stack_base__                               build/obj/crt0_v7m.o
__main_stack_end__                                build/obj/vectors.o
                                                  build/obj/crt0_v7m.o
__process_stack_base__                            build/obj/crt0_v7m.o
__process_stack_end__                             build/obj/crt0_v7m.o
__ram0_clear__                                    /tmp/ccTi9bev.ltrans0.ltrans.o
                                                  build/obj/crt1.o (symbol from plugin)
__ram0_init__                                     /tmp/ccTi9bev.ltrans0.ltrans.o
                                                  build/obj/crt1.o (symbol from plugin)
__ram0_init_text__                                /tmp/ccTi9bev.ltrans0.ltrans.o
                                                  build/obj/crt1.o (symbol from plugin)
__ram0_noinit__                                   /tmp/ccTi9bev.ltrans0.ltrans.o
                                                  build/obj/crt1.o (symbol from plugin)
__ram1_clear__                                    /tmp/ccTi9bev.ltrans0.ltrans.o
                                                  build/obj/crt1.o (symbol from plugin)
__ram1_init__                                     /tmp/ccTi9bev.ltrans0.ltrans.o
                                                  build/obj/crt1.o (symbol from plugin)
__ram1_init_text__                                /tmp/ccTi9bev.ltrans0.ltrans.o
                                                  build/obj/crt1.o (symbol from plugin)
__ram1_noinit__                                   /tmp/ccTi9bev.ltrans0.ltrans.o
                                                  build/obj/crt1.o (symbol from plugin)
__ram2_clear__                                    /tmp/ccTi9bev.ltrans0.ltrans.o
                                                  build/obj/crt1.o (symbol from plugin)
__ram2_init__                                     /tmp/ccTi9bev.ltrans0.ltrans.o
                                                  build/obj/crt1.o (symbol from plugin)
__ram2_init_text__                                /tmp/ccTi9bev.ltrans0.ltrans.o
                                                  build/obj/crt1.o (symbol from plugin)
__ram2_noinit__                                   /tmp/ccTi9bev.ltrans0.ltrans.o
                                                  build/obj/crt1.o (symbol from plugin)
__ram3_clear__                                    /tmp/ccTi9bev.ltrans0.ltrans.o
                                                  build/obj/crt1.o (symbol from plugin)
__ram3_init__                                     /tmp/ccTi9bev.ltrans0.ltrans.o
                                                  build/obj/crt1.o (symbol from plugin)
__ram3_init_text__                                /tmp/ccTi9bev.ltrans0.ltrans.o
                                                  build/obj/crt1.o (symbol from plugin)
__ram3_noinit__                                   /tmp/ccTi9bev.ltrans0.ltrans.o
                                                  build/obj/crt1.o (symbol from plugin)
__ram4_clear__                                    /tmp/ccTi9bev.ltrans0.ltrans.o
                                                  build/obj/crt1.o (symbol from plugin)
__ram4_init__                                     /tmp/ccTi9bev.ltrans0.ltrans.o
                                                  build/obj/crt1.o (symbol from plugin)
__ram4_init_text__                                /tmp/ccTi9bev.ltrans0.ltrans.o
                                                  build/obj/crt1.o (symbol from plugin)
__ram4_noinit__                                   /tmp/ccTi9bev.ltrans0.ltrans.o
                                                  build/obj/crt1.o (symbol from plugin)
__ram5_clear__                                    /tmp/ccTi9bev.ltrans0.ltrans.o
                                                  build/obj/crt1.o (symbol from plugin)
__ram5_init__                                     /tmp/ccTi9bev.ltrans0.ltrans.o
                                                  build/obj/crt1.o (symbol from plugin)
__ram5_init_text__                                /tmp/ccTi9bev.ltrans0.ltrans.o
                                                  build/obj/crt1.o (symbol from plugin)
__ram5_noinit__                                   /tmp/ccTi9bev.ltrans0.ltrans.o
                                                  build/obj/crt1.o (symbol from plugin)
__ram6_clear__                                    /tmp/ccTi9bev.ltrans0.ltrans.o
                                                  build/obj/crt1.o (symbol from plugin)
__ram6_init__                                     /tmp/ccTi9bev.ltrans0.ltrans.o
                                                  build/obj/crt1.o (symbol from plugin)
__ram6_init_text__                                /tmp/ccTi9bev.ltrans0.ltrans.o
                                                  build/obj/crt1.o (symbol from plugin)
__ram6_noinit__                                   /tmp/ccTi9bev.ltrans0.ltrans.o
                                                  build/obj/crt1.o (symbol from plugin)
__ram7_clear__                                    /tmp/ccTi9bev.ltrans0.ltrans.o
                                                  build/obj/crt1.o (symbol from plugin)
__ram7_init__                                     /tmp/ccTi9bev.ltrans0.ltrans.o
                                                  build/obj/crt1.o (symbol from plugin)
__ram7_init_text__                                /tmp/ccTi9bev.ltrans0.ltrans.o
                                                  build/obj/crt1.o (symbol from plugin)
__ram7_noinit__                                   /tmp/ccTi9bev.ltrans0.ltrans.o
                                                  build/obj/crt1.o (symbol from plugin)
_bss_end                                          build/obj/crt0_v7m.o
_bss_start                                        build/obj/crt0_v7m.o
_core_init                                        build/obj/chmemcore.o (symbol from plugin)
                                                  build/obj/chsys.o (symbol from plugin)
_crt0_entry                                       build/obj/crt0_v7m.o
                                                  build/obj/vectors.o
_ctl.lto_priv.47                                  /tmp/ccTi9bev.ltrans0.ltrans.o
                                                  /tmp/ccTi9bev.ltrans1.ltrans.o
_data_end                                         build/obj/crt0_v7m.o
_data_start                                       build/obj/crt0_v7m.o
_factory_init                                     build/obj/chfactory.o (symbol from plugin)
                                                  build/obj/chsys.o (symbol from plugin)
_get.lto_priv.42                                  /tmp/ccTi9bev.ltrans0.ltrans.o
                                                  /tmp/ccTi9bev.ltrans1.ltrans.o
_gett.lto_priv.44                                 /tmp/ccTi9bev.ltrans0.ltrans.o
                                                  /tmp/ccTi9bev.ltrans1.ltrans.o
_heap_init                                        build/obj/chheap.o (symbol from plugin)
                                                  build/obj/chsys.o (symbol from plugin)
_idle_thread.lto_priv.38                          /tmp/ccTi9bev.ltrans0.ltrans.o
                                                  /tmp/ccTi9bev.ltrans1.ltrans.o
_pal_events                                       /tmp/ccTi9bev.ltrans1.ltrans.o
                                                  build/obj/hal_pal_lld.o (symbol from plugin)
                                                  /tmp/ccTi9bev.ltrans0.ltrans.o
                                                  build/obj/stm32_isr.o (symbol from plugin)
                                                  build/obj/hal_pal.o (symbol from plugin)
_pal_lld_disablepadevent                          build/obj/hal_pal_lld.o (symbol from plugin)
_pal_lld_enablepadevent                           build/obj/hal_pal_lld.o (symbol from plugin)
                                                  build/obj/main.o (symbol from plugin)
_pal_lld_init                                     build/obj/hal_pal_lld.o (symbol from plugin)
                                                  build/obj/hal.o (symbol from plugin)
_pal_lld_setgroupmode                             /tmp/ccTi9bev.ltrans0.ltrans.o
                                                  build/obj/hal_pal_lld.o (symbol from plugin)
                                                  /tmp/ccTi9bev.ltrans1.ltrans.o
                                                  build/obj/main.o (symbol from plugin)
                                                  build/obj/hal_pal.o (symbol from plugin)
_port_exit_from_isr                               build/obj/chcoreasm_v7m.o
                                                  /tmp/ccTi9bev.ltrans1.ltrans.o
                                                  build/obj/chcore_v7m.o (symbol from plugin)
_port_irq_epilogue                                /tmp/ccTi9bev.ltrans1.ltrans.o
                                                  build/obj/chcore_v7m.o (symbol from plugin)
                                                  /tmp/ccTi9bev.ltrans0.ltrans.o
                                                  build/obj/hal_serial_lld.o (symbol from plugin)
                                                  build/obj/hal_st_lld.o (symbol from plugin)
                                                  build/obj/stm32_dma.o (symbol from plugin)
                                                  build/obj/hal_adc_lld.o (symbol from plugin)
                                                  build/obj/stm32_isr.o (symbol from plugin)
_port_switch                                      build/obj/chcoreasm_v7m.o
                                                  /tmp/ccTi9bev.ltrans0.ltrans.o
                                                  build/obj/chschd.o (symbol from plugin)
_port_switch_from_isr                             build/obj/chcoreasm_v7m.o
                                                  /tmp/ccTi9bev.ltrans1.ltrans.o
                                                  build/obj/chcore_v7m.o (symbol from plugin)
_port_thread_start                                build/obj/chcoreasm_v7m.o
                                                  /tmp/ccTi9bev.ltrans2.ltrans.o
                                                  /tmp/ccTi9bev.ltrans1.ltrans.o
                                                  build/obj/chthreads.o (symbol from plugin)
_put.lto_priv.41                                  /tmp/ccTi9bev.ltrans0.ltrans.o
                                                  /tmp/ccTi9bev.ltrans1.ltrans.o
_putt.lto_priv.43                                 /tmp/ccTi9bev.ltrans0.ltrans.o
                                                  /tmp/ccTi9bev.ltrans1.ltrans.o
_read.lto_priv.40                                 /tmp/ccTi9bev.ltrans0.ltrans.o
                                                  /tmp/ccTi9bev.ltrans1.ltrans.o
_readt.lto_priv.46                                /tmp/ccTi9bev.ltrans0.ltrans.o
                                                  /tmp/ccTi9bev.ltrans1.ltrans.o
_scheduler_init                                   build/obj/chschd.o (symbol from plugin)
                                                  build/obj/chsys.o (symbol from plugin)
_stm32_dma_streams                                build/obj/stm32_dma.o (symbol from plugin)
                                                  build/obj/hal_adc_lld.o (symbol from plugin)
_test_assert                                      build/obj/ch_test.o (symbol from plugin)
                                                  build/obj/oslib_test_sequence_004.o (symbol from plugin)
                                                  build/obj/oslib_test_sequence_003.o (symbol from plugin)
                                                  build/obj/oslib_test_sequence_002.o (symbol from plugin)
                                                  build/obj/oslib_test_sequence_001.o (symbol from plugin)
                                                  build/obj/rt_test_sequence_009.o (symbol from plugin)
                                                  build/obj/rt_test_sequence_008.o (symbol from plugin)
                                                  build/obj/rt_test_sequence_006.o (symbol from plugin)
                                                  build/obj/rt_test_sequence_005.o (symbol from plugin)
                                                  build/obj/rt_test_sequence_004.o (symbol from plugin)
                                                  build/obj/rt_test_sequence_003.o (symbol from plugin)
                                                  build/obj/rt_test_sequence_002.o (symbol from plugin)
_test_assert_sequence                             build/obj/ch_test.o (symbol from plugin)
                                                  build/obj/oslib_test_sequence_001.o (symbol from plugin)
                                                  build/obj/rt_test_sequence_009.o (symbol from plugin)
                                                  build/obj/rt_test_sequence_008.o (symbol from plugin)
                                                  build/obj/rt_test_sequence_007.o (symbol from plugin)
                                                  build/obj/rt_test_sequence_006.o (symbol from plugin)
                                                  build/obj/rt_test_sequence_005.o (symbol from plugin)
                                                  build/obj/rt_test_sequence_003.o (symbol from plugin)
_test_assert_time_window                          build/obj/ch_test.o (symbol from plugin)
                                                  build/obj/rt_test_sequence_008.o (symbol from plugin)
                                                  build/obj/rt_test_sequence_005.o (symbol from plugin)
                                                  build/obj/rt_test_sequence_004.o (symbol from plugin)
                                                  build/obj/rt_test_sequence_003.o (symbol from plugin)
_test_fail                                        build/obj/ch_test.o (symbol from plugin)
_textdata_start                                   build/obj/crt0_v7m.o
_thread_init                                      build/obj/chthreads.o (symbol from plugin)
                                                  build/obj/chsys.o (symbol from plugin)
_tm_init                                          build/obj/chtm.o (symbol from plugin)
                                                  build/obj/chsys.o (symbol from plugin)
_unhandled_exception                              build/obj/vectors.o
_vectors                                          build/obj/vectors.o
                                                  build/obj/crt0_v7m.o
_vt_init                                          build/obj/chvt.o (symbol from plugin)
                                                  build/obj/chsys.o (symbol from plugin)
_write.lto_priv.39                                /tmp/ccTi9bev.ltrans0.ltrans.o
                                                  /tmp/ccTi9bev.ltrans1.ltrans.o
_writet.lto_priv.45                               /tmp/ccTi9bev.ltrans0.ltrans.o
                                                  /tmp/ccTi9bev.ltrans1.ltrans.o
adcAcquireBus                                     build/obj/hal_adc.o (symbol from plugin)
adcConvert                                        build/obj/hal_adc.o (symbol from plugin)
adcInit                                           build/obj/hal_adc.o (symbol from plugin)
                                                  build/obj/hal.o (symbol from plugin)
adcObjectInit                                     build/obj/hal_adc.o (symbol from plugin)
                                                  build/obj/hal_adc_lld.o (symbol from plugin)
adcReleaseBus                                     build/obj/hal_adc.o (symbol from plugin)
adcSTM32DisableTSVREFE                            build/obj/hal_adc_lld.o (symbol from plugin)
                                                  build/obj/main.o (symbol from plugin)
adcSTM32DisableVBATE                              build/obj/hal_adc_lld.o (symbol from plugin)
adcSTM32EnableTSVREFE                             build/obj/hal_adc_lld.o (symbol from plugin)
                                                  build/obj/main.o (symbol from plugin)
adcSTM32EnableVBATE                               build/obj/hal_adc_lld.o (symbol from plugin)
adcStart                                          build/obj/hal_adc.o (symbol from plugin)
                                                  build/obj/main.o (symbol from plugin)
adcStartConversion                                build/obj/hal_adc.o (symbol from plugin)
                                                  build/obj/main.o (symbol from plugin)
adcStartConversionI                               build/obj/hal_adc.o (symbol from plugin)
adcStop                                           build/obj/hal_adc.o (symbol from plugin)
adcStopConversion                                 build/obj/hal_adc.o (symbol from plugin)
                                                  build/obj/main.o (symbol from plugin)
adcStopConversionI                                build/obj/hal_adc.o (symbol from plugin)
adc_callback                                      build/obj/main.o (symbol from plugin)
adc_lld_init                                      build/obj/hal_adc_lld.o (symbol from plugin)
                                                  build/obj/hal_adc.o (symbol from plugin)
adc_lld_serve_rx_interrupt.lto_priv.37            /tmp/ccTi9bev.ltrans0.ltrans.o
                                                  /tmp/ccTi9bev.ltrans1.ltrans.o
adc_lld_start                                     build/obj/hal_adc_lld.o (symbol from plugin)
                                                  build/obj/hal_adc.o (symbol from plugin)
adc_lld_start_conversion                          build/obj/hal_adc_lld.o (symbol from plugin)
                                                  build/obj/hal_adc.o (symbol from plugin)
adc_lld_start_conversion.constprop.22             /tmp/ccTi9bev.ltrans2.ltrans.o
                                                  /tmp/ccTi9bev.ltrans1.ltrans.o
adc_lld_stop                                      build/obj/hal_adc_lld.o (symbol from plugin)
                                                  build/obj/hal_adc.o (symbol from plugin)
adc_lld_stop_conversion                           /tmp/ccTi9bev.ltrans0.ltrans.o
                                                  build/obj/hal_adc_lld.o (symbol from plugin)
                                                  /tmp/ccTi9bev.ltrans1.ltrans.o
                                                  build/obj/hal_adc.o (symbol from plugin)
avg_adc1ch0                                       build/obj/main.o (symbol from plugin)
avg_adc1ch1                                       build/obj/main.o (symbol from plugin)
boardInit                                         build/obj/board.o (symbol from plugin)
                                                  build/obj/hal.o (symbol from plugin)
ch                                                /tmp/ccTi9bev.ltrans2.ltrans.o
                                                  build/obj/chschd.o (symbol from plugin)
                                                  /tmp/ccTi9bev.ltrans1.ltrans.o
                                                  /tmp/ccTi9bev.ltrans0.ltrans.o
                                                  build/obj/main.o (symbol from plugin)
                                                  build/obj/rt_test_sequence_010.o (symbol from plugin)
                                                  build/obj/rt_test_sequence_009.o (symbol from plugin)
                                                  build/obj/rt_test_sequence_008.o (symbol from plugin)
                                                  build/obj/rt_test_sequence_007.o (symbol from plugin)
                                                  build/obj/rt_test_sequence_006.o (symbol from plugin)
                                                  build/obj/rt_test_sequence_005.o (symbol from plugin)
                                                  build/obj/rt_test_sequence_004.o (symbol from plugin)
                                                  build/obj/rt_test_sequence_003.o (symbol from plugin)
                                                  build/obj/chmsg.o (symbol from plugin)
                                                  build/obj/chevents.o (symbol from plugin)
                                                  build/obj/chcond.o (symbol from plugin)
                                                  build/obj/chmtx.o (symbol from plugin)
                                                  build/obj/chsem.o (symbol from plugin)
                                                  build/obj/chregistry.o (symbol from plugin)
                                                  build/obj/chtm.o (symbol from plugin)
                                                  build/obj/chthreads.o (symbol from plugin)
                                                  build/obj/chvt.o (symbol from plugin)
                                                  build/obj/chsys.o (symbol from plugin)
chCondBroadcast                                   build/obj/chcond.o (symbol from plugin)
                                                  build/obj/rt_test_sequence_006.o (symbol from plugin)
chCondBroadcastI                                  build/obj/chcond.o (symbol from plugin)
chCondObjectInit                                  build/obj/chcond.o (symbol from plugin)
                                                  build/obj/rt_test_sequence_006.o (symbol from plugin)
chCondSignal                                      build/obj/chcond.o (symbol from plugin)
                                                  build/obj/rt_test_sequence_006.o (symbol from plugin)
chCondSignalI                                     build/obj/chcond.o (symbol from plugin)
                                                  build/obj/rt_test_sequence_006.o (symbol from plugin)
chCondWait                                        build/obj/chcond.o (symbol from plugin)
                                                  build/obj/rt_test_sequence_006.o (symbol from plugin)
chCondWaitS                                       build/obj/chcond.o (symbol from plugin)
chCondWaitTimeout                                 build/obj/chcond.o (symbol from plugin)
                                                  build/obj/rt_test_sequence_006.o (symbol from plugin)
chCondWaitTimeoutS                                build/obj/chcond.o (symbol from plugin)
chCoreAllocAlignedWithOffset                      build/obj/chmemcore.o (symbol from plugin)
                                                  build/obj/chheap.o (symbol from plugin)
chCoreAllocAlignedWithOffsetI                     build/obj/chmemcore.o (symbol from plugin)
                                                  build/obj/chfactory.o (symbol from plugin)
chCoreGetStatusX                                  build/obj/chmemcore.o (symbol from plugin)
chEvtAddEvents                                    build/obj/chevents.o (symbol from plugin)
                                                  build/obj/rt_test_sequence_008.o (symbol from plugin)
chEvtBroadcastFlags                               build/obj/chevents.o (symbol from plugin)
                                                  build/obj/rt_test_sequence_008.o (symbol from plugin)
chEvtBroadcastFlagsI                              /tmp/ccTi9bev.ltrans1.ltrans.o
                                                  build/obj/chevents.o (symbol from plugin)
                                                  /tmp/ccTi9bev.ltrans0.ltrans.o
                                                  build/obj/main.o (symbol from plugin)
                                                  build/obj/hal_serial_lld.o (symbol from plugin)
                                                  build/obj/hal_serial.o (symbol from plugin)
chEvtDispatch                                     build/obj/chevents.o (symbol from plugin)
                                                  build/obj/rt_test_sequence_008.o (symbol from plugin)
chEvtGetAndClearEvents                            build/obj/chevents.o (symbol from plugin)
                                                  build/obj/rt_test_sequence_008.o (symbol from plugin)
chEvtGetAndClearEventsI                           build/obj/chevents.o (symbol from plugin)
chEvtGetAndClearFlags                             build/obj/chevents.o (symbol from plugin)
chEvtGetAndClearFlagsI                            build/obj/chevents.o (symbol from plugin)
chEvtRegisterMaskWithFlags                        build/obj/chevents.o (symbol from plugin)
                                                  build/obj/main.o (symbol from plugin)
                                                  build/obj/rt_test_sequence_008.o (symbol from plugin)
chEvtSignal                                       build/obj/chevents.o (symbol from plugin)
                                                  build/obj/rt_test_sequence_008.o (symbol from plugin)
chEvtSignalI                                      build/obj/chevents.o (symbol from plugin)
chEvtUnregister                                   build/obj/chevents.o (symbol from plugin)
                                                  build/obj/rt_test_sequence_008.o (symbol from plugin)
chEvtWaitAll                                      build/obj/chevents.o (symbol from plugin)
                                                  build/obj/rt_test_sequence_008.o (symbol from plugin)
chEvtWaitAllTimeout                               build/obj/chevents.o (symbol from plugin)
                                                  build/obj/rt_test_sequence_008.o (symbol from plugin)
chEvtWaitAny                                      build/obj/chevents.o (symbol from plugin)
                                                  build/obj/rt_test_sequence_008.o (symbol from plugin)
chEvtWaitAnyTimeout                               build/obj/chevents.o (symbol from plugin)
                                                  build/obj/rt_test_sequence_008.o (symbol from plugin)
chEvtWaitOne                                      build/obj/chevents.o (symbol from plugin)
                                                  build/obj/main.o (symbol from plugin)
                                                  build/obj/rt_test_sequence_008.o (symbol from plugin)
chEvtWaitOneTimeout                               build/obj/chevents.o (symbol from plugin)
                                                  build/obj/rt_test_sequence_008.o (symbol from plugin)
chFactoryCreateBuffer                             build/obj/chfactory.o (symbol from plugin)
                                                  build/obj/oslib_test_sequence_004.o (symbol from plugin)
chFactoryCreateMailbox                            build/obj/chfactory.o (symbol from plugin)
                                                  build/obj/oslib_test_sequence_004.o (symbol from plugin)
chFactoryCreateObjectsFIFO                        build/obj/chfactory.o (symbol from plugin)
                                                  build/obj/oslib_test_sequence_004.o (symbol from plugin)
chFactoryCreateSemaphore                          build/obj/chfactory.o (symbol from plugin)
                                                  build/obj/oslib_test_sequence_004.o (symbol from plugin)
chFactoryFindBuffer                               build/obj/chfactory.o (symbol from plugin)
                                                  build/obj/oslib_test_sequence_004.o (symbol from plugin)
chFactoryFindMailbox                              build/obj/chfactory.o (symbol from plugin)
                                                  build/obj/oslib_test_sequence_004.o (symbol from plugin)
chFactoryFindObject                               build/obj/chfactory.o (symbol from plugin)
                                                  build/obj/oslib_test_sequence_004.o (symbol from plugin)
chFactoryFindObjectByPointer                      build/obj/chfactory.o (symbol from plugin)
chFactoryFindObjectsFIFO                          build/obj/chfactory.o (symbol from plugin)
                                                  build/obj/oslib_test_sequence_004.o (symbol from plugin)
chFactoryFindSemaphore                            build/obj/chfactory.o (symbol from plugin)
                                                  build/obj/oslib_test_sequence_004.o (symbol from plugin)
chFactoryRegisterObject                           build/obj/chfactory.o (symbol from plugin)
                                                  build/obj/oslib_test_sequence_004.o (symbol from plugin)
chFactoryReleaseBuffer                            build/obj/chfactory.o (symbol from plugin)
                                                  build/obj/oslib_test_sequence_004.o (symbol from plugin)
chFactoryReleaseMailbox                           build/obj/chfactory.o (symbol from plugin)
                                                  build/obj/oslib_test_sequence_004.o (symbol from plugin)
chFactoryReleaseObject                            build/obj/chfactory.o (symbol from plugin)
                                                  build/obj/oslib_test_sequence_004.o (symbol from plugin)
chFactoryReleaseObjectsFIFO                       build/obj/chfactory.o (symbol from plugin)
                                                  build/obj/oslib_test_sequence_004.o (symbol from plugin)
chFactoryReleaseSemaphore                         build/obj/chfactory.o (symbol from plugin)
                                                  build/obj/oslib_test_sequence_004.o (symbol from plugin)
chGuardedPoolAllocTimeout                         build/obj/chmempools.o (symbol from plugin)
                                                  build/obj/oslib_test_sequence_002.o (symbol from plugin)
chGuardedPoolAllocTimeoutS                        build/obj/chmempools.o (symbol from plugin)
chGuardedPoolFree                                 build/obj/chmempools.o (symbol from plugin)
                                                  build/obj/oslib_test_sequence_002.o (symbol from plugin)
chGuardedPoolFreeI                                build/obj/chmempools.o (symbol from plugin)
chGuardedPoolLoadArray                            build/obj/chmempools.o (symbol from plugin)
                                                  build/obj/oslib_test_sequence_002.o (symbol from plugin)
                                                  build/obj/chfactory.o (symbol from plugin)
chGuardedPoolObjectInitAligned                    build/obj/chmempools.o (symbol from plugin)
                                                  build/obj/oslib_test_sequence_002.o (symbol from plugin)
                                                  build/obj/chfactory.o (symbol from plugin)
chHeapAllocAligned                                build/obj/chheap.o (symbol from plugin)
                                                  build/obj/oslib_test_sequence_003.o (symbol from plugin)
                                                  build/obj/chfactory.o (symbol from plugin)